<?xml version="1.0"?>
<link_info>
   <banner>TMS320C2000 Linker PC v6.4.12</banner>
   <copyright>Copyright (c) 1996-2017 Texas Instruments Incorporated</copyright>
   <link_time>0x5af3630d</link_time>
   <link_errors>0x0</link_errors>
   <output_file>CRSRobot.out</output_file>
   <entry_point>
      <name>_c_int00</name>
      <address>0x3058b7</address>
   </entry_point>
   <input_file_list>
      <input_file id="fl-2">
         <path>.\</path>
         <kind>object</kind>
         <file>28335_eqep.obj</file>
         <name>28335_eqep.obj</name>
      </input_file>
      <input_file id="fl-3">
         <path>.\</path>
         <kind>object</kind>
         <file>28335_inits.obj</file>
         <name>28335_inits.obj</name>
      </input_file>
      <input_file id="fl-4">
         <path>.\</path>
         <kind>object</kind>
         <file>28335_pwm.obj</file>
         <name>28335_pwm.obj</name>
      </input_file>
      <input_file id="fl-5">
         <path>.\</path>
         <kind>object</kind>
         <file>28335_serial.obj</file>
         <name>28335_serial.obj</name>
      </input_file>
      <input_file id="fl-6">
         <path>.\</path>
         <kind>object</kind>
         <file>28335_spi.obj</file>
         <name>28335_spi.obj</name>
      </input_file>
      <input_file id="fl-7">
         <path>.\</path>
         <kind>object</kind>
         <file>CRSRobotcfg.obj</file>
         <name>CRSRobotcfg.obj</name>
      </input_file>
      <input_file id="fl-8">
         <path>.\</path>
         <kind>object</kind>
         <file>CRSRobotcfg_c.obj</file>
         <name>CRSRobotcfg_c.obj</name>
      </input_file>
      <input_file id="fl-9">
         <path>.\</path>
         <kind>object</kind>
         <file>DSP2833x_ADC_cal.obj</file>
         <name>DSP2833x_ADC_cal.obj</name>
      </input_file>
      <input_file id="fl-a">
         <path>.\</path>
         <kind>object</kind>
         <file>DSP2833x_Adc.obj</file>
         <name>DSP2833x_Adc.obj</name>
      </input_file>
      <input_file id="fl-b">
         <path>.\</path>
         <kind>object</kind>
         <file>DSP2833x_CSMPasswords.obj</file>
         <name>DSP2833x_CSMPasswords.obj</name>
      </input_file>
      <input_file id="fl-c">
         <path>.\</path>
         <kind>object</kind>
         <file>DSP2833x_CodeStartBranch.obj</file>
         <name>DSP2833x_CodeStartBranch.obj</name>
      </input_file>
      <input_file id="fl-d">
         <path>.\</path>
         <kind>object</kind>
         <file>DSP2833x_CpuTimers.obj</file>
         <name>DSP2833x_CpuTimers.obj</name>
      </input_file>
      <input_file id="fl-e">
         <path>.\</path>
         <kind>object</kind>
         <file>DSP2833x_GlobalVariableDefs.obj</file>
         <name>DSP2833x_GlobalVariableDefs.obj</name>
      </input_file>
      <input_file id="fl-f">
         <path>.\</path>
         <kind>object</kind>
         <file>DSP2833x_PieCtrl.obj</file>
         <name>DSP2833x_PieCtrl.obj</name>
      </input_file>
      <input_file id="fl-10">
         <path>.\</path>
         <kind>object</kind>
         <file>DSP2833x_Spi.obj</file>
         <name>DSP2833x_Spi.obj</name>
      </input_file>
      <input_file id="fl-11">
         <path>.\</path>
         <kind>object</kind>
         <file>DSP2833x_SysCtrl.obj</file>
         <name>DSP2833x_SysCtrl.obj</name>
      </input_file>
      <input_file id="fl-12">
         <path>.\</path>
         <kind>object</kind>
         <file>DSP2833x_usDelay.obj</file>
         <name>DSP2833x_usDelay.obj</name>
      </input_file>
      <input_file id="fl-13">
         <path>.\</path>
         <kind>object</kind>
         <file>coecsl.obj</file>
         <name>coecsl.obj</name>
      </input_file>
      <input_file id="fl-14">
         <path>.\</path>
         <kind>object</kind>
         <file>final_project.obj</file>
         <name>final_project.obj</name>
      </input_file>
      <input_file id="fl-15">
         <path>.\</path>
         <kind>object</kind>
         <file>smallprintf.obj</file>
         <name>smallprintf.obj</name>
      </input_file>
      <input_file id="fl-16">
         <path>.\</path>
         <kind>object</kind>
         <file>user_CRSRobot.obj</file>
         <name>user_CRSRobot.obj</name>
      </input_file>
      <input_file id="fl-29">
         <path>C:\CCStudio_v7\bios_5_42_02_10\packages\ti\bios\lib\</path>
         <kind>archive</kind>
         <file>bios.a28FP</file>
         <name>clk.o28FP</name>
      </input_file>
      <input_file id="fl-2a">
         <path>C:\CCStudio_v7\bios_5_42_02_10\packages\ti\bios\lib\</path>
         <kind>archive</kind>
         <file>bios.a28FP</file>
         <name>clk_run.o28FP</name>
      </input_file>
      <input_file id="fl-2b">
         <path>C:\CCStudio_v7\bios_5_42_02_10\packages\ti\bios\lib\</path>
         <kind>archive</kind>
         <file>bios.a28FP</file>
         <name>biosdata.o28FP</name>
      </input_file>
      <input_file id="fl-2c">
         <path>C:\CCStudio_v7\bios_5_42_02_10\packages\ti\bios\lib\</path>
         <kind>archive</kind>
         <file>bios.a28FP</file>
         <name>idl_stub.o28FP</name>
      </input_file>
      <input_file id="fl-2d">
         <path>C:\CCStudio_v7\bios_5_42_02_10\packages\ti\bios\lib\</path>
         <kind>archive</kind>
         <file>bios.a28FP</file>
         <name>knl_swit.o28FP</name>
      </input_file>
      <input_file id="fl-2e">
         <path>C:\CCStudio_v7\bios_5_42_02_10\packages\ti\bios\lib\</path>
         <kind>archive</kind>
         <file>bios.a28FP</file>
         <name>swi.o28FP</name>
      </input_file>
      <input_file id="fl-2f">
         <path>C:\CCStudio_v7\bios_5_42_02_10\packages\ti\bios\lib\</path>
         <kind>archive</kind>
         <file>bios.a28FP</file>
         <name>fxn_c.o28FP</name>
      </input_file>
      <input_file id="fl-30">
         <path>C:\CCStudio_v7\bios_5_42_02_10\packages\ti\bios\lib\</path>
         <kind>archive</kind>
         <file>bios.a28FP</file>
         <name>utl_doab.o28FP</name>
      </input_file>
      <input_file id="fl-31">
         <path>C:\CCStudio_v7\bios_5_42_02_10\packages\ti\bios\lib\</path>
         <kind>archive</kind>
         <file>bios.a28FP</file>
         <name>utl_doer.o28FP</name>
      </input_file>
      <input_file id="fl-32">
         <path>C:\CCStudio_v7\bios_5_42_02_10\packages\ti\bios\lib\</path>
         <kind>archive</kind>
         <file>bios.a28FP</file>
         <name>utl_putc.o28FP</name>
      </input_file>
      <input_file id="fl-33">
         <path>C:\CCStudio_v7\bios_5_42_02_10\packages\ti\bios\lib\</path>
         <kind>archive</kind>
         <file>bios.a28FP</file>
         <name>utl_halt.o28FP</name>
      </input_file>
      <input_file id="fl-34">
         <path>C:\CCStudio_v7\bios_5_42_02_10\packages\ti\bios\lib\</path>
         <kind>archive</kind>
         <file>bios.a28FP</file>
         <name>clk_isr.o28FP</name>
      </input_file>
      <input_file id="fl-35">
         <path>C:\CCStudio_v7\ccsv7\tools\compiler\ti-cgt-c2000_6.4.12\lib\</path>
         <kind>archive</kind>
         <file>rts2800_fpu32.lib</file>
         <name>fd_add.obj</name>
      </input_file>
      <input_file id="fl-36">
         <path>C:\CCStudio_v7\ccsv7\tools\compiler\ti-cgt-c2000_6.4.12\lib\</path>
         <kind>archive</kind>
         <file>rts2800_fpu32.lib</file>
         <name>fd_mpy.obj</name>
      </input_file>
      <input_file id="fl-37">
         <path>C:\CCStudio_v7\ccsv7\tools\compiler\ti-cgt-c2000_6.4.12\lib\</path>
         <kind>archive</kind>
         <file>rts2800_fpu32.lib</file>
         <name>fd_sub.obj</name>
      </input_file>
      <input_file id="fl-38">
         <path>C:\CCStudio_v7\ccsv7\tools\compiler\ti-cgt-c2000_6.4.12\lib\</path>
         <kind>archive</kind>
         <file>rts2800_fpu32.lib</file>
         <name>fd_tofs.obj</name>
      </input_file>
      <input_file id="fl-39">
         <path>C:\CCStudio_v7\ccsv7\tools\compiler\ti-cgt-c2000_6.4.12\lib\</path>
         <kind>archive</kind>
         <file>rts2800_fpu32.lib</file>
         <name>fs_div.obj</name>
      </input_file>
      <input_file id="fl-3a">
         <path>C:\CCStudio_v7\ccsv7\tools\compiler\ti-cgt-c2000_6.4.12\lib\</path>
         <kind>archive</kind>
         <file>rts2800_fpu32.lib</file>
         <name>fs_tofd.obj</name>
      </input_file>
      <input_file id="fl-3b">
         <path>C:\CCStudio_v7\bios_5_42_02_10\packages\ti\bios\lib\</path>
         <kind>archive</kind>
         <file>bios.a28FP</file>
         <name>fxn.o28FP</name>
      </input_file>
      <input_file id="fl-3c">
         <path>C:\CCStudio_v7\bios_5_42_02_10\packages\ti\bios\lib\</path>
         <kind>archive</kind>
         <file>bios.a28FP</file>
         <name>boot.o28FP</name>
      </input_file>
      <input_file id="fl-3d">
         <path>C:\CCStudio_v7\ccsv7\tools\compiler\ti-cgt-c2000_6.4.12\lib\</path>
         <kind>archive</kind>
         <file>rts2800_fpu32.lib</file>
         <name>i_div.obj</name>
      </input_file>
      <input_file id="fl-3e">
         <path>C:\CCStudio_v7\bios_5_42_02_10\packages\ti\bios\lib\</path>
         <kind>archive</kind>
         <file>bios.a28FP</file>
         <name>idl_busy.o28FP</name>
      </input_file>
      <input_file id="fl-3f">
         <path>C:\CCStudio_v7\bios_5_42_02_10\packages\ti\bios\lib\</path>
         <kind>archive</kind>
         <file>bios.a28FP</file>
         <name>idl_cal.o28FP</name>
      </input_file>
      <input_file id="fl-40">
         <path>C:\CCStudio_v7\bios_5_42_02_10\packages\ti\bios\lib\</path>
         <kind>archive</kind>
         <file>bios.a28FP</file>
         <name>idl.o28FP</name>
      </input_file>
      <input_file id="fl-41">
         <path>C:\CCStudio_v7\ccsv7\tools\compiler\ti-cgt-c2000_6.4.12\lib\</path>
         <kind>archive</kind>
         <file>rts2800_fpu32.lib</file>
         <name>l_div.obj</name>
      </input_file>
      <input_file id="fl-42">
         <path>C:\CCStudio_v7\bios_5_42_02_10\packages\ti\bios\lib\</path>
         <kind>archive</kind>
         <file>lnkrtdx.a28FP</file>
         <name>rtdx.o28FP</name>
      </input_file>
      <input_file id="fl-43">
         <path>C:\CCStudio_v7\bios_5_42_02_10\packages\ti\bios\lib\</path>
         <kind>archive</kind>
         <file>bios.a28FP</file>
         <name>log.o28FP</name>
      </input_file>
      <input_file id="fl-44">
         <path>C:\CCStudio_v7\bios_5_42_02_10\packages\ti\bios\lib\</path>
         <kind>archive</kind>
         <file>bios.a28FP</file>
         <name>pip.o28FP</name>
      </input_file>
      <input_file id="fl-45">
         <path>C:\CCStudio_v7\bios_5_42_02_10\packages\ti\bios\lib\</path>
         <kind>archive</kind>
         <file>bios.a28FP</file>
         <name>prd.o28FP</name>
      </input_file>
      <input_file id="fl-46">
         <path>C:\CCStudio_v7\bios_5_42_02_10\packages\ti\bios\lib\</path>
         <kind>archive</kind>
         <file>bios.a28FP</file>
         <name>rta.o28FP</name>
      </input_file>
      <input_file id="fl-47">
         <path>C:\CCStudio_v7\bios_5_42_02_10\packages\ti\bios\lib\</path>
         <kind>archive</kind>
         <file>bios.a28FP</file>
         <name>rtdx_isr.o28FP</name>
      </input_file>
      <input_file id="fl-48">
         <path>C:\CCStudio_v7\bios_5_42_02_10\packages\ti\bios\lib\</path>
         <kind>archive</kind>
         <file>bios.a28FP</file>
         <name>sts.o28FP</name>
      </input_file>
      <input_file id="fl-49">
         <path>C:\CCStudio_v7\bios_5_42_02_10\packages\ti\bios\lib\</path>
         <kind>archive</kind>
         <file>bios.a28FP</file>
         <name>clk_data.o28FP</name>
      </input_file>
      <input_file id="fl-4a">
         <path>C:\CCStudio_v7\bios_5_42_02_10\packages\ti\bios\lib\</path>
         <kind>archive</kind>
         <file>bios.a28FP</file>
         <name>clk_data2.o28FP</name>
      </input_file>
      <input_file id="fl-4b">
         <path>C:\CCStudio_v7\bios_5_42_02_10\packages\ti\bios\lib\</path>
         <kind>archive</kind>
         <file>bios.a28FP</file>
         <name>gbl_vers.o28FP</name>
      </input_file>
      <input_file id="fl-4c">
         <path>C:\CCStudio_v7\bios_5_42_02_10\packages\ti\bios\lib\</path>
         <kind>archive</kind>
         <file>bios.a28FP</file>
         <name>hwi_disp_asm.o28FP</name>
      </input_file>
      <input_file id="fl-4d">
         <path>C:\CCStudio_v7\bios_5_42_02_10\packages\ti\bios\lib\</path>
         <kind>archive</kind>
         <file>bios.a28FP</file>
         <name>hwi_c.o28FP</name>
      </input_file>
      <input_file id="fl-4e">
         <path>C:\CCStudio_v7\bios_5_42_02_10\packages\ti\bios\lib\</path>
         <kind>archive</kind>
         <file>bios.a28FP</file>
         <name>knl_exit.o28FP</name>
      </input_file>
      <input_file id="fl-4f">
         <path>C:\CCStudio_v7\bios_5_42_02_10\packages\ti\bios\lib\</path>
         <kind>archive</kind>
         <file>bios.a28FP</file>
         <name>knl_chec.o28FP</name>
      </input_file>
      <input_file id="fl-50">
         <path>C:\CCStudio_v7\bios_5_42_02_10\packages\ti\bios\lib\</path>
         <kind>archive</kind>
         <file>bios.a28FP</file>
         <name>knl.o28FP</name>
      </input_file>
      <input_file id="fl-51">
         <path>C:\CCStudio_v7\bios_5_42_02_10\packages\ti\bios\lib\</path>
         <kind>archive</kind>
         <file>bios.a28FP</file>
         <name>knl_run.o28FP</name>
      </input_file>
      <input_file id="fl-52">
         <path>C:\CCStudio_v7\bios_5_42_02_10\packages\ti\bios\lib\</path>
         <kind>archive</kind>
         <file>bios.a28FP</file>
         <name>knl_tick.o28FP</name>
      </input_file>
      <input_file id="fl-53">
         <path>C:\CCStudio_v7\bios_5_42_02_10\packages\ti\bios\lib\</path>
         <kind>archive</kind>
         <file>bios.a28FP</file>
         <name>knl_post.o28FP</name>
      </input_file>
      <input_file id="fl-54">
         <path>C:\CCStudio_v7\bios_5_42_02_10\packages\ti\bios\lib\</path>
         <kind>archive</kind>
         <file>bios.a28FP</file>
         <name>knl_ipos.o28FP</name>
      </input_file>
      <input_file id="fl-55">
         <path>C:\CCStudio_v7\bios_5_42_02_10\packages\ti\bios\lib\</path>
         <kind>archive</kind>
         <file>bios.a28FP</file>
         <name>log_event.o28FP</name>
      </input_file>
      <input_file id="fl-56">
         <path>C:\CCStudio_v7\bios_5_42_02_10\packages\ti\bios\lib\</path>
         <kind>archive</kind>
         <file>bios.a28FP</file>
         <name>mem_asm.o28FP</name>
      </input_file>
      <input_file id="fl-57">
         <path>C:\CCStudio_v7\bios_5_42_02_10\packages\ti\bios\lib\</path>
         <kind>archive</kind>
         <file>bios.a28FP</file>
         <name>mem_init.o28FP</name>
      </input_file>
      <input_file id="fl-58">
         <path>C:\CCStudio_v7\bios_5_42_02_10\packages\ti\bios\lib\</path>
         <kind>archive</kind>
         <file>bios.a28FP</file>
         <name>rtdx_data.o28FP</name>
      </input_file>
      <input_file id="fl-59">
         <path>C:\CCStudio_v7\bios_5_42_02_10\packages\ti\rtdx\lib\c2000\</path>
         <kind>archive</kind>
         <file>rtdxfp.lib</file>
         <name>buffer2.o28FP</name>
      </input_file>
      <input_file id="fl-5a">
         <path>C:\CCStudio_v7\bios_5_42_02_10\packages\ti\rtdx\lib\c2000\</path>
         <kind>archive</kind>
         <file>rtdxfp.lib</file>
         <name>buffer1.o28FP</name>
      </input_file>
      <input_file id="fl-5b">
         <path>C:\CCStudio_v7\bios_5_42_02_10\packages\ti\rtdx\lib\c2000\</path>
         <kind>archive</kind>
         <file>rtdxfp.lib</file>
         <name>intr_tgt.o28FP</name>
      </input_file>
      <input_file id="fl-5c">
         <path>C:\CCStudio_v7\bios_5_42_02_10\packages\ti\rtdx\lib\c2000\</path>
         <kind>archive</kind>
         <file>rtdxfp.lib</file>
         <name>rtdx_mon.o28FP</name>
      </input_file>
      <input_file id="fl-5d">
         <path>C:\CCStudio_v7\bios_5_42_02_10\packages\ti\bios\lib\</path>
         <kind>archive</kind>
         <file>bios.a28FP</file>
         <name>tsk_exit.o28FP</name>
      </input_file>
      <input_file id="fl-5e">
         <path>C:\CCStudio_v7\bios_5_42_02_10\packages\ti\bios\lib\</path>
         <kind>archive</kind>
         <file>bios.a28FP</file>
         <name>sys_exit.o28FP</name>
      </input_file>
      <input_file id="fl-5f">
         <path>C:\CCStudio_v7\bios_5_42_02_10\packages\ti\bios\lib\</path>
         <kind>archive</kind>
         <file>bios.a28FP</file>
         <name>sys.o28FP</name>
      </input_file>
      <input_file id="fl-60">
         <path>C:\CCStudio_v7\bios_5_42_02_10\packages\ti\bios\lib\</path>
         <kind>archive</kind>
         <file>bios.a28FP</file>
         <name>tsk_init.o28FP</name>
      </input_file>
      <input_file id="fl-61">
         <path>C:\CCStudio_v7\bios_5_42_02_10\packages\ti\bios\lib\</path>
         <kind>archive</kind>
         <file>bios.a28FP</file>
         <name>tsk.o28FP</name>
      </input_file>
      <input_file id="fl-62">
         <path>C:\CCStudio_v7\bios_5_42_02_10\packages\ti\bios\lib\</path>
         <kind>archive</kind>
         <file>bios.a28FP</file>
         <name>tsk_setu.o28FP</name>
      </input_file>
      <input_file id="fl-63">
         <path>C:\CCStudio_v7\bios_5_42_02_10\packages\ti\bios\lib\</path>
         <kind>archive</kind>
         <file>bios.a28FP</file>
         <name>tsk_stup.o28FP</name>
      </input_file>
      <input_file id="fl-64">
         <path>C:\CCStudio_v7\bios_5_42_02_10\packages\ti\bios\lib\</path>
         <kind>archive</kind>
         <file>bios.a28FP</file>
         <name>lck.o28FP</name>
      </input_file>
      <input_file id="fl-65">
         <path>C:\CCStudio_v7\bios_5_42_02_10\packages\ti\bios\lib\</path>
         <kind>archive</kind>
         <file>bios.a28FP</file>
         <name>sem_pend_counting.o28FP</name>
      </input_file>
      <input_file id="fl-66">
         <path>C:\CCStudio_v7\bios_5_42_02_10\packages\ti\bios\lib\</path>
         <kind>archive</kind>
         <file>bios.a28FP</file>
         <name>sem_pend.o28FP</name>
      </input_file>
      <input_file id="fl-67">
         <path>C:\CCStudio_v7\bios_5_42_02_10\packages\ti\bios\lib\</path>
         <kind>archive</kind>
         <file>bios.a28FP</file>
         <name>sem_post_asm.o28FP</name>
      </input_file>
      <input_file id="fl-68">
         <path>C:\CCStudio_v7\bios_5_42_02_10\packages\ti\bios\lib\</path>
         <kind>archive</kind>
         <file>bios.a28FP</file>
         <name>sem_post.o28FP</name>
      </input_file>
      <input_file id="fl-69">
         <path>C:\CCStudio_v7\bios_5_42_02_10\packages\ti\bios\lib\</path>
         <kind>archive</kind>
         <file>bios.a28FP</file>
         <name>sys_abor.o28FP</name>
      </input_file>
      <input_file id="fl-6a">
         <path>C:\CCStudio_v7\bios_5_42_02_10\packages\ti\bios\lib\</path>
         <kind>archive</kind>
         <file>bios.a28FP</file>
         <name>sem_dopo.o28FP</name>
      </input_file>
      <input_file id="fl-6b">
         <path>C:\CCStudio_v7\ccsv7\tools\compiler\ti-cgt-c2000_6.4.12\lib\</path>
         <kind>archive</kind>
         <file>rts2800_fpu32.lib</file>
         <name>memcpy.obj</name>
      </input_file>
      <input_file id="fl-6c">
         <path>C:\CCStudio_v7\ccsv7\tools\compiler\ti-cgt-c2000_6.4.12\lib\</path>
         <kind>archive</kind>
         <file>rts2800_fpu32.lib</file>
         <name>_lock.obj</name>
      </input_file>
      <input_file id="fl-6d">
         <path>C:\CCStudio_v7\ccsv7\tools\compiler\ti-cgt-c2000_6.4.12\lib\</path>
         <kind>archive</kind>
         <file>rts2800_fpu32.lib</file>
         <name>atan2.obj</name>
      </input_file>
      <input_file id="fl-6e">
         <path>C:\CCStudio_v7\ccsv7\tools\compiler\ti-cgt-c2000_6.4.12\lib\</path>
         <kind>archive</kind>
         <file>rts2800_fpu32.lib</file>
         <name>atexit.obj</name>
      </input_file>
      <input_file id="fl-6f">
         <path>C:\CCStudio_v7\ccsv7\tools\compiler\ti-cgt-c2000_6.4.12\lib\</path>
         <kind>archive</kind>
         <file>rts2800_fpu32.lib</file>
         <name>sinit.obj</name>
      </input_file>
      <input_file id="fl-70">
         <path>C:\CCStudio_v7\ccsv7\tools\compiler\ti-cgt-c2000_6.4.12\lib\</path>
         <kind>archive</kind>
         <file>rts2800_fpu32.lib</file>
         <name>exit.obj</name>
      </input_file>
      <input_file id="fl-71">
         <path>C:\CCStudio_v7\ccsv7\tools\compiler\ti-cgt-c2000_6.4.12\lib\</path>
         <kind>archive</kind>
         <file>rts2800_fpu32.lib</file>
         <name>atoi.obj</name>
      </input_file>
      <input_file id="fl-72">
         <path>C:\CCStudio_v7\ccsv7\tools\compiler\ti-cgt-c2000_6.4.12\lib\</path>
         <kind>archive</kind>
         <file>rts2800_fpu32.lib</file>
         <name>ctype.obj</name>
      </input_file>
      <input_file id="fl-73">
         <path>C:\CCStudio_v7\ccsv7\tools\compiler\ti-cgt-c2000_6.4.12\lib\</path>
         <kind>archive</kind>
         <file>rts2800_fpu32.lib</file>
         <name>cos.obj</name>
      </input_file>
      <input_file id="fl-74">
         <path>C:\CCStudio_v7\ccsv7\tools\compiler\ti-cgt-c2000_6.4.12\lib\</path>
         <kind>archive</kind>
         <file>rts2800_fpu32.lib</file>
         <name>errno.obj</name>
      </input_file>
      <input_file id="fl-75">
         <path>C:\CCStudio_v7\ccsv7\tools\compiler\ti-cgt-c2000_6.4.12\lib\</path>
         <kind>archive</kind>
         <file>rts2800_fpu32.lib</file>
         <name>frexp.obj</name>
      </input_file>
      <input_file id="fl-76">
         <path>C:\CCStudio_v7\ccsv7\tools\compiler\ti-cgt-c2000_6.4.12\lib\</path>
         <kind>archive</kind>
         <file>rts2800_fpu32.lib</file>
         <name>ltoa.obj</name>
      </input_file>
      <input_file id="fl-77">
         <path>C:\CCStudio_v7\ccsv7\tools\compiler\ti-cgt-c2000_6.4.12\lib\</path>
         <kind>archive</kind>
         <file>rts2800_fpu32.lib</file>
         <name>modf.obj</name>
      </input_file>
      <input_file id="fl-78">
         <path>C:\CCStudio_v7\ccsv7\tools\compiler\ti-cgt-c2000_6.4.12\lib\</path>
         <kind>archive</kind>
         <file>rts2800_fpu32.lib</file>
         <name>sin.obj</name>
      </input_file>
      <input_file id="fl-79">
         <path>C:\CCStudio_v7\ccsv7\tools\compiler\ti-cgt-c2000_6.4.12\lib\</path>
         <kind>archive</kind>
         <file>rts2800_fpu32.lib</file>
         <name>sqrt.obj</name>
      </input_file>
      <input_file id="fl-7a">
         <path>C:\CCStudio_v7\ccsv7\tools\compiler\ti-cgt-c2000_6.4.12\lib\</path>
         <kind>archive</kind>
         <file>rts2800_fpu32.lib</file>
         <name>strchr.obj</name>
      </input_file>
      <input_file id="fl-7b">
         <path>C:\CCStudio_v7\ccsv7\tools\compiler\ti-cgt-c2000_6.4.12\lib\</path>
         <kind>archive</kind>
         <file>rts2800_fpu32.lib</file>
         <name>strcpy.obj</name>
      </input_file>
      <input_file id="fl-7c">
         <path>C:\CCStudio_v7\ccsv7\tools\compiler\ti-cgt-c2000_6.4.12\lib\</path>
         <kind>archive</kind>
         <file>rts2800_fpu32.lib</file>
         <name>strlen.obj</name>
      </input_file>
      <input_file id="fl-7d">
         <path>C:\CCStudio_v7\bios_5_42_02_10\packages\ti\bios\lib\</path>
         <kind>archive</kind>
         <file>bios.a28FP</file>
         <name>rta_andn.o28FP</name>
      </input_file>
   </input_file_list>
   <object_component_list>
      <object_component id="oc-10f">
         <name>PieVectTableFile</name>
         <uninitialized>true</uninitialized>
         <run_address>0xd00</run_address>
         <size>0x100</size>
         <input_file_ref idref="fl-e"/>
      </object_component>
      <object_component id="oc-10b">
         <name>DevEmuRegsFile</name>
         <uninitialized>true</uninitialized>
         <run_address>0x880</run_address>
         <size>0xd0</size>
         <input_file_ref idref="fl-e"/>
      </object_component>
      <object_component id="oc-e1">
         <name>FlashRegsFile</name>
         <uninitialized>true</uninitialized>
         <run_address>0xa80</run_address>
         <size>0x8</size>
         <input_file_ref idref="fl-e"/>
      </object_component>
      <object_component id="oc-eb">
         <name>CsmRegsFile</name>
         <uninitialized>true</uninitialized>
         <run_address>0xae0</run_address>
         <size>0x10</size>
         <input_file_ref idref="fl-e"/>
      </object_component>
      <object_component id="oc-ea">
         <name>AdcMirrorFile</name>
         <uninitialized>true</uninitialized>
         <run_address>0xb00</run_address>
         <size>0x10</size>
         <input_file_ref idref="fl-e"/>
      </object_component>
      <object_component id="oc-ee">
         <name>XintfRegsFile</name>
         <uninitialized>true</uninitialized>
         <run_address>0xb20</run_address>
         <size>0x1e</size>
         <input_file_ref idref="fl-e"/>
      </object_component>
      <object_component id="oc-e2">
         <name>CpuTimer0RegsFile</name>
         <uninitialized>true</uninitialized>
         <run_address>0xc00</run_address>
         <size>0x8</size>
         <input_file_ref idref="fl-e"/>
      </object_component>
      <object_component id="oc-e0">
         <name>CpuTimer1RegsFile</name>
         <uninitialized>true</uninitialized>
         <run_address>0xc08</run_address>
         <size>0x8</size>
         <input_file_ref idref="fl-e"/>
      </object_component>
      <object_component id="oc-df">
         <name>CpuTimer2RegsFile</name>
         <uninitialized>true</uninitialized>
         <run_address>0xc10</run_address>
         <size>0x8</size>
         <input_file_ref idref="fl-e"/>
      </object_component>
      <object_component id="oc-ec">
         <name>PieCtrlRegsFile</name>
         <uninitialized>true</uninitialized>
         <run_address>0xce0</run_address>
         <size>0x1a</size>
         <input_file_ref idref="fl-e"/>
      </object_component>
      <object_component id="oc-10c">
         <name>DmaRegsFile</name>
         <uninitialized>true</uninitialized>
         <run_address>0x1000</run_address>
         <size>0xe0</size>
         <input_file_ref idref="fl-e"/>
      </object_component>
      <object_component id="oc-fe">
         <name>McbspaRegsFile</name>
         <uninitialized>true</uninitialized>
         <run_address>0x5000</run_address>
         <size>0x25</size>
         <input_file_ref idref="fl-e"/>
      </object_component>
      <object_component id="oc-ff">
         <name>McbspbRegsFile</name>
         <uninitialized>true</uninitialized>
         <run_address>0x5040</run_address>
         <size>0x25</size>
         <input_file_ref idref="fl-e"/>
      </object_component>
      <object_component id="oc-102">
         <name>ECanaRegsFile</name>
         <uninitialized>true</uninitialized>
         <run_address>0x6000</run_address>
         <size>0x34</size>
         <input_file_ref idref="fl-e"/>
      </object_component>
      <object_component id="oc-105">
         <name>ECanaLAMRegsFile</name>
         <uninitialized>true</uninitialized>
         <run_address>0x6040</run_address>
         <size>0x40</size>
         <input_file_ref idref="fl-e"/>
      </object_component>
      <object_component id="oc-10e">
         <name>ECanaMboxesFile</name>
         <uninitialized>true</uninitialized>
         <run_address>0x6100</run_address>
         <size>0x100</size>
         <input_file_ref idref="fl-e"/>
      </object_component>
      <object_component id="oc-106">
         <name>ECanaMOTSRegsFile</name>
         <uninitialized>true</uninitialized>
         <run_address>0x6080</run_address>
         <size>0x40</size>
         <input_file_ref idref="fl-e"/>
      </object_component>
      <object_component id="oc-103">
         <name>ECanaMOTORegsFile</name>
         <uninitialized>true</uninitialized>
         <run_address>0x60c0</run_address>
         <size>0x40</size>
         <input_file_ref idref="fl-e"/>
      </object_component>
      <object_component id="oc-101">
         <name>ECanbRegsFile</name>
         <uninitialized>true</uninitialized>
         <run_address>0x6200</run_address>
         <size>0x34</size>
         <input_file_ref idref="fl-e"/>
      </object_component>
      <object_component id="oc-109">
         <name>ECanbLAMRegsFile</name>
         <uninitialized>true</uninitialized>
         <run_address>0x6240</run_address>
         <size>0x40</size>
         <input_file_ref idref="fl-e"/>
      </object_component>
      <object_component id="oc-10d">
         <name>ECanbMboxesFile</name>
         <uninitialized>true</uninitialized>
         <run_address>0x6300</run_address>
         <size>0x100</size>
         <input_file_ref idref="fl-e"/>
      </object_component>
      <object_component id="oc-104">
         <name>ECanbMOTSRegsFile</name>
         <uninitialized>true</uninitialized>
         <run_address>0x6280</run_address>
         <size>0x40</size>
         <input_file_ref idref="fl-e"/>
      </object_component>
      <object_component id="oc-107">
         <name>ECanbMOTORegsFile</name>
         <uninitialized>true</uninitialized>
         <run_address>0x62c0</run_address>
         <size>0x40</size>
         <input_file_ref idref="fl-e"/>
      </object_component>
      <object_component id="oc-f9">
         <name>EPwm1RegsFile</name>
         <uninitialized>true</uninitialized>
         <run_address>0x6800</run_address>
         <size>0x22</size>
         <input_file_ref idref="fl-e"/>
      </object_component>
      <object_component id="oc-f8">
         <name>EPwm2RegsFile</name>
         <uninitialized>true</uninitialized>
         <run_address>0x6840</run_address>
         <size>0x22</size>
         <input_file_ref idref="fl-e"/>
      </object_component>
      <object_component id="oc-fa">
         <name>EPwm3RegsFile</name>
         <uninitialized>true</uninitialized>
         <run_address>0x6880</run_address>
         <size>0x22</size>
         <input_file_ref idref="fl-e"/>
      </object_component>
      <object_component id="oc-fc">
         <name>EPwm4RegsFile</name>
         <uninitialized>true</uninitialized>
         <run_address>0x68c0</run_address>
         <size>0x22</size>
         <input_file_ref idref="fl-e"/>
      </object_component>
      <object_component id="oc-fb">
         <name>EPwm5RegsFile</name>
         <uninitialized>true</uninitialized>
         <run_address>0x6900</run_address>
         <size>0x22</size>
         <input_file_ref idref="fl-e"/>
      </object_component>
      <object_component id="oc-fd">
         <name>EPwm6RegsFile</name>
         <uninitialized>true</uninitialized>
         <run_address>0x6940</run_address>
         <size>0x22</size>
         <input_file_ref idref="fl-e"/>
      </object_component>
      <object_component id="oc-f5">
         <name>ECap1RegsFile</name>
         <uninitialized>true</uninitialized>
         <run_address>0x6a00</run_address>
         <size>0x20</size>
         <input_file_ref idref="fl-e"/>
      </object_component>
      <object_component id="oc-f1">
         <name>ECap2RegsFile</name>
         <uninitialized>true</uninitialized>
         <run_address>0x6a20</run_address>
         <size>0x20</size>
         <input_file_ref idref="fl-e"/>
      </object_component>
      <object_component id="oc-f2">
         <name>ECap3RegsFile</name>
         <uninitialized>true</uninitialized>
         <run_address>0x6a40</run_address>
         <size>0x20</size>
         <input_file_ref idref="fl-e"/>
      </object_component>
      <object_component id="oc-ef">
         <name>ECap4RegsFile</name>
         <uninitialized>true</uninitialized>
         <run_address>0x6a60</run_address>
         <size>0x20</size>
         <input_file_ref idref="fl-e"/>
      </object_component>
      <object_component id="oc-f0">
         <name>ECap5RegsFile</name>
         <uninitialized>true</uninitialized>
         <run_address>0x6a80</run_address>
         <size>0x20</size>
         <input_file_ref idref="fl-e"/>
      </object_component>
      <object_component id="oc-f6">
         <name>ECap6RegsFile</name>
         <uninitialized>true</uninitialized>
         <run_address>0x6aa0</run_address>
         <size>0x20</size>
         <input_file_ref idref="fl-e"/>
      </object_component>
      <object_component id="oc-10a">
         <name>EQep1RegsFile</name>
         <uninitialized>true</uninitialized>
         <run_address>0x6b00</run_address>
         <size>0x40</size>
         <input_file_ref idref="fl-e"/>
      </object_component>
      <object_component id="oc-108">
         <name>EQep2RegsFile</name>
         <uninitialized>true</uninitialized>
         <run_address>0x6b40</run_address>
         <size>0x40</size>
         <input_file_ref idref="fl-e"/>
      </object_component>
      <object_component id="oc-100">
         <name>GpioCtrlRegsFile</name>
         <uninitialized>true</uninitialized>
         <run_address>0x6f80</run_address>
         <size>0x2e</size>
         <input_file_ref idref="fl-e"/>
      </object_component>
      <object_component id="oc-f3">
         <name>GpioDataRegsFile</name>
         <uninitialized>true</uninitialized>
         <run_address>0x6fc0</run_address>
         <size>0x20</size>
         <input_file_ref idref="fl-e"/>
      </object_component>
      <object_component id="oc-e4">
         <name>GpioIntRegsFile</name>
         <uninitialized>true</uninitialized>
         <run_address>0x6fe0</run_address>
         <size>0xa</size>
         <input_file_ref idref="fl-e"/>
      </object_component>
      <object_component id="oc-f4">
         <name>SysCtrlRegsFile</name>
         <uninitialized>true</uninitialized>
         <run_address>0x7010</run_address>
         <size>0x20</size>
         <input_file_ref idref="fl-e"/>
      </object_component>
      <object_component id="oc-e7">
         <name>SpiaRegsFile</name>
         <uninitialized>true</uninitialized>
         <run_address>0x7040</run_address>
         <size>0x10</size>
         <input_file_ref idref="fl-e"/>
      </object_component>
      <object_component id="oc-e8">
         <name>SciaRegsFile</name>
         <uninitialized>true</uninitialized>
         <run_address>0x7050</run_address>
         <size>0x10</size>
         <input_file_ref idref="fl-e"/>
      </object_component>
      <object_component id="oc-e9">
         <name>XIntruptRegsFile</name>
         <uninitialized>true</uninitialized>
         <run_address>0x7070</run_address>
         <size>0x10</size>
         <input_file_ref idref="fl-e"/>
      </object_component>
      <object_component id="oc-ed">
         <name>AdcRegsFile</name>
         <uninitialized>true</uninitialized>
         <run_address>0x7100</run_address>
         <size>0x1e</size>
         <input_file_ref idref="fl-e"/>
      </object_component>
      <object_component id="oc-e6">
         <name>ScibRegsFile</name>
         <uninitialized>true</uninitialized>
         <run_address>0x7750</run_address>
         <size>0x10</size>
         <input_file_ref idref="fl-e"/>
      </object_component>
      <object_component id="oc-e5">
         <name>ScicRegsFile</name>
         <uninitialized>true</uninitialized>
         <run_address>0x7770</run_address>
         <size>0x10</size>
         <input_file_ref idref="fl-e"/>
      </object_component>
      <object_component id="oc-f7">
         <name>I2caRegsFile</name>
         <uninitialized>true</uninitialized>
         <run_address>0x7900</run_address>
         <size>0x22</size>
         <input_file_ref idref="fl-e"/>
      </object_component>
      <object_component id="oc-e3">
         <name>CsmPwlFile</name>
         <uninitialized>true</uninitialized>
         <run_address>0x3f7ff8</run_address>
         <size>0x8</size>
         <input_file_ref idref="fl-e"/>
      </object_component>
      <object_component id="oc-d0">
         <name>csmpasswds</name>
         <load_address>0x33fff8</load_address>
         <run_address>0x33fff8</run_address>
         <size>0x8</size>
         <input_file_ref idref="fl-b"/>
      </object_component>
      <object_component id="oc-d1">
         <name>csm_rsvd</name>
         <load_address>0x33ff80</load_address>
         <run_address>0x33ff80</run_address>
         <size>0x76</size>
         <input_file_ref idref="fl-b"/>
      </object_component>
      <object_component id="oc-d3">
         <name>codestart</name>
         <load_address>0x33fff6</load_address>
         <run_address>0x33fff6</run_address>
         <size>0x2</size>
         <input_file_ref idref="fl-c"/>
      </object_component>
      <object_component id="oc-2ab">
         <name>ramfuncs</name>
         <load_address>0x300100</load_address>
         <run_address>0x8000</run_address>
         <size>0x168</size>
         <input_file_ref idref="fl-5"/>
      </object_component>
      <object_component id="oc-2a9">
         <name>ramfuncs</name>
         <load_address>0x300268</load_address>
         <run_address>0x8168</run_address>
         <size>0x1b</size>
         <input_file_ref idref="fl-11"/>
      </object_component>
      <object_component id="oc-120">
         <name>ramfuncs</name>
         <load_address>0x300283</load_address>
         <run_address>0x8183</run_address>
         <size>0x4</size>
         <input_file_ref idref="fl-12"/>
      </object_component>
      <object_component id="oc-c6">
         <name>.adc_cal</name>
         <load_address>0x380080</load_address>
         <run_address>0x380080</run_address>
         <size>0x7</size>
         <input_file_ref idref="fl-9"/>
      </object_component>
      <object_component id="oc-12d">
         <name>.my_vars</name>
         <uninitialized>true</uninitialized>
         <run_address>0xca9a</run_address>
         <size>0x4</size>
         <input_file_ref idref="fl-14"/>
      </object_component>
      <object_component id="oc-13c">
         <name>.my_vars</name>
         <uninitialized>true</uninitialized>
         <run_address>0xca9e</run_address>
         <size>0x2</size>
         <input_file_ref idref="fl-16"/>
      </object_component>
      <object_component id="oc-12e">
         <name>.my_arrs</name>
         <uninitialized>true</uninitialized>
         <run_address>0xc540</run_address>
         <size>0x1c8</size>
         <input_file_ref idref="fl-14"/>
      </object_component>
      <object_component id="oc-bf">
         <name>.vers</name>
         <load_address>0x0</load_address>
         <run_address>0x0</run_address>
         <size>0x40</size>
         <input_file_ref idref="fl-7"/>
      </object_component>
      <object_component id="oc-ad">
         <name>.clk</name>
         <uninitialized>true</uninitialized>
         <run_address>0xcaa4</run_address>
         <size>0x4</size>
         <input_file_ref idref="fl-7"/>
      </object_component>
      <object_component id="oc-ae">
         <name>.prd</name>
         <uninitialized>true</uninitialized>
         <run_address>0xc8ec</run_address>
         <size>0xc</size>
         <input_file_ref idref="fl-7"/>
      </object_component>
      <object_component id="oc-b6">
         <name>.swi</name>
         <uninitialized>true</uninitialized>
         <run_address>0xc980</run_address>
         <size>0x64</size>
         <input_file_ref idref="fl-7"/>
      </object_component>
      <object_component id="oc-b8">
         <name>.tsk</name>
         <uninitialized>true</uninitialized>
         <run_address>0xc514</run_address>
         <size>0x2a</size>
         <input_file_ref idref="fl-7"/>
      </object_component>
      <object_component id="oc-ba">
         <name>.idl</name>
         <uninitialized>true</uninitialized>
         <run_address>0xca82</run_address>
         <size>0x8</size>
         <input_file_ref idref="fl-7"/>
      </object_component>
      <object_component id="oc-b9">
         <name>.idlcal</name>
         <uninitialized>true</uninitialized>
         <run_address>0xca8a</run_address>
         <size>0x8</size>
         <input_file_ref idref="fl-7"/>
      </object_component>
      <object_component id="oc-7f">
         <name>.bios</name>
         <load_address>0x303a3a</load_address>
         <run_address>0x303a3a</run_address>
         <size>0x17d</size>
         <input_file_ref idref="fl-2e"/>
      </object_component>
      <object_component id="oc-1ab">
         <name>.bios</name>
         <load_address>0x303bb7</load_address>
         <run_address>0x303bb7</run_address>
         <size>0x15e</size>
         <input_file_ref idref="fl-42"/>
      </object_component>
      <object_component id="oc-1d4">
         <name>.bios</name>
         <load_address>0x303d15</load_address>
         <run_address>0x303d15</run_address>
         <size>0x129</size>
         <input_file_ref idref="fl-4c"/>
      </object_component>
      <object_component id="oc-7b">
         <name>.bios</name>
         <load_address>0x303e3e</load_address>
         <run_address>0x303e3e</run_address>
         <size>0x9e</size>
         <input_file_ref idref="fl-2a"/>
      </object_component>
      <object_component id="oc-1c1">
         <name>.bios</name>
         <load_address>0x303edc</load_address>
         <run_address>0x303edc</run_address>
         <size>0x9c</size>
         <input_file_ref idref="fl-47"/>
      </object_component>
      <object_component id="oc-1b7">
         <name>.bios</name>
         <load_address>0x303f78</load_address>
         <run_address>0x303f78</run_address>
         <size>0x97</size>
         <input_file_ref idref="fl-45"/>
      </object_component>
      <object_component id="oc-1bd">
         <name>.bios</name>
         <load_address>0x30400f</load_address>
         <run_address>0x30400f</run_address>
         <size>0x97</size>
         <input_file_ref idref="fl-46"/>
      </object_component>
      <object_component id="oc-2bb">
         <name>.bios:_SEM_pendEnterKnl</name>
         <load_address>0x3040a6</load_address>
         <run_address>0x3040a6</run_address>
         <size>0x93</size>
         <input_file_ref idref="fl-66"/>
      </object_component>
      <object_component id="oc-2ac">
         <name>.bios:_KNL_run</name>
         <load_address>0x304139</load_address>
         <run_address>0x304139</run_address>
         <size>0x88</size>
         <input_file_ref idref="fl-51"/>
      </object_component>
      <object_component id="oc-2b7">
         <name>.bios:__KNL_doTick</name>
         <load_address>0x3041c1</load_address>
         <run_address>0x3041c1</run_address>
         <size>0x77</size>
         <input_file_ref idref="fl-52"/>
      </object_component>
      <object_component id="oc-2b2">
         <name>.bios:_TSK_setup</name>
         <load_address>0x304238</load_address>
         <run_address>0x304238</run_address>
         <size>0x6d</size>
         <input_file_ref idref="fl-62"/>
      </object_component>
      <object_component id="oc-2ae">
         <name>.bios:_TSK_exit</name>
         <load_address>0x3042a5</load_address>
         <run_address>0x3042a5</run_address>
         <size>0x63</size>
         <input_file_ref idref="fl-5d"/>
      </object_component>
      <object_component id="oc-2ba">
         <name>.bios:__SEM_dopost</name>
         <load_address>0x304308</load_address>
         <run_address>0x304308</run_address>
         <size>0x63</size>
         <input_file_ref idref="fl-6a"/>
      </object_component>
      <object_component id="oc-1b3">
         <name>.bios</name>
         <load_address>0x30436b</load_address>
         <run_address>0x30436b</run_address>
         <size>0x60</size>
         <input_file_ref idref="fl-44"/>
      </object_component>
      <object_component id="oc-7d">
         <name>.bios</name>
         <load_address>0x3043cb</load_address>
         <run_address>0x3043cb</run_address>
         <size>0x41</size>
         <input_file_ref idref="fl-2d"/>
      </object_component>
      <object_component id="oc-7a">
         <name>.bios</name>
         <load_address>0x30440c</load_address>
         <run_address>0x30440c</run_address>
         <size>0x35</size>
         <input_file_ref idref="fl-29"/>
      </object_component>
      <object_component id="oc-239">
         <name>.bios</name>
         <load_address>0x304441</load_address>
         <run_address>0x304441</run_address>
         <size>0x34</size>
         <input_file_ref idref="fl-67"/>
      </object_component>
      <object_component id="oc-1df">
         <name>.bios</name>
         <load_address>0x304475</load_address>
         <run_address>0x304475</run_address>
         <size>0x33</size>
         <input_file_ref idref="fl-4f"/>
      </object_component>
      <object_component id="oc-19c">
         <name>.bios</name>
         <load_address>0x3044a8</load_address>
         <run_address>0x3044a8</run_address>
         <size>0x32</size>
         <input_file_ref idref="fl-3f"/>
      </object_component>
      <object_component id="oc-2b3">
         <name>.bios:_TSK_startup</name>
         <load_address>0x3044da</load_address>
         <run_address>0x3044da</run_address>
         <size>0x28</size>
         <input_file_ref idref="fl-63"/>
      </object_component>
      <object_component id="oc-166">
         <name>.bios</name>
         <load_address>0x304502</load_address>
         <run_address>0x304502</run_address>
         <size>0x28</size>
         <input_file_ref idref="fl-34"/>
      </object_component>
      <object_component id="oc-2bd">
         <name>.bios:_SEM_postEnterKnl</name>
         <load_address>0x30452a</load_address>
         <run_address>0x30452a</run_address>
         <size>0x23</size>
         <input_file_ref idref="fl-68"/>
      </object_component>
      <object_component id="oc-2bc">
         <name>.bios:_KNL_ipost</name>
         <load_address>0x30454d</load_address>
         <run_address>0x30454d</run_address>
         <size>0x22</size>
         <input_file_ref idref="fl-54"/>
      </object_component>
      <object_component id="oc-2cb">
         <name>.bios:_SYS_exit</name>
         <load_address>0x30456f</load_address>
         <run_address>0x30456f</run_address>
         <size>0x21</size>
         <input_file_ref idref="fl-5e"/>
      </object_component>
      <object_component id="oc-1c5">
         <name>.bios</name>
         <load_address>0x304590</load_address>
         <run_address>0x304590</run_address>
         <size>0x20</size>
         <input_file_ref idref="fl-48"/>
      </object_component>
      <object_component id="oc-2ca">
         <name>.bios:_KNL_enter</name>
         <load_address>0x3045b0</load_address>
         <run_address>0x3045b0</run_address>
         <size>0x1f</size>
         <input_file_ref idref="fl-4e"/>
      </object_component>
      <object_component id="oc-2cc">
         <name>.bios:_lock</name>
         <load_address>0x3045cf</load_address>
         <run_address>0x3045cf</run_address>
         <size>0x1f</size>
         <input_file_ref idref="fl-63"/>
      </object_component>
      <object_component id="oc-232">
         <name>.bios</name>
         <load_address>0x3045ee</load_address>
         <run_address>0x3045ee</run_address>
         <size>0x1f</size>
         <input_file_ref idref="fl-65"/>
      </object_component>
      <object_component id="oc-1af">
         <name>.bios</name>
         <load_address>0x30460d</load_address>
         <run_address>0x30460d</run_address>
         <size>0x1e</size>
         <input_file_ref idref="fl-43"/>
      </object_component>
      <object_component id="oc-2e2">
         <name>.bios:_LCK_pend</name>
         <load_address>0x30462b</load_address>
         <run_address>0x30462b</run_address>
         <size>0x1c</size>
         <input_file_ref idref="fl-64"/>
      </object_component>
      <object_component id="oc-198">
         <name>.bios</name>
         <load_address>0x304647</load_address>
         <run_address>0x304647</run_address>
         <size>0x1a</size>
         <input_file_ref idref="fl-3e"/>
      </object_component>
      <object_component id="oc-2be">
         <name>.bios:_KNL_post</name>
         <load_address>0x304661</load_address>
         <run_address>0x304661</run_address>
         <size>0x16</size>
         <input_file_ref idref="fl-53"/>
      </object_component>
      <object_component id="oc-2a2">
         <name>.bios</name>
         <load_address>0x304677</load_address>
         <run_address>0x304677</run_address>
         <size>0x14</size>
         <input_file_ref idref="fl-7d"/>
      </object_component>
      <object_component id="oc-188">
         <name>.bios</name>
         <load_address>0x30468b</load_address>
         <run_address>0x30468b</run_address>
         <size>0x12</size>
         <input_file_ref idref="fl-3b"/>
      </object_component>
      <object_component id="oc-81">
         <name>.bios:_UTL_doAbort</name>
         <load_address>0x30469d</load_address>
         <run_address>0x30469d</run_address>
         <size>0x10</size>
         <input_file_ref idref="fl-30"/>
      </object_component>
      <object_component id="oc-82">
         <name>.bios:_UTL_doError</name>
         <load_address>0x3046ad</load_address>
         <run_address>0x3046ad</run_address>
         <size>0x10</size>
         <input_file_ref idref="fl-31"/>
      </object_component>
      <object_component id="oc-2e6">
         <name>.bios:_LCK_post</name>
         <load_address>0x3046bd</load_address>
         <run_address>0x3046bd</run_address>
         <size>0xe</size>
         <input_file_ref idref="fl-64"/>
      </object_component>
      <object_component id="oc-2af">
         <name>.bios:_KNL_exit</name>
         <load_address>0x3046cb</load_address>
         <run_address>0x3046cb</run_address>
         <size>0xc</size>
         <input_file_ref idref="fl-4e"/>
      </object_component>
      <object_component id="oc-83">
         <name>.bios:_UTL_doPutc</name>
         <load_address>0x3046d7</load_address>
         <run_address>0x3046d7</run_address>
         <size>0xc</size>
         <input_file_ref idref="fl-32"/>
      </object_component>
      <object_component id="oc-1d8">
         <name>.bios</name>
         <load_address>0x3046e3</load_address>
         <run_address>0x3046e3</run_address>
         <size>0xa</size>
         <input_file_ref idref="fl-4d"/>
      </object_component>
      <object_component id="oc-2e3">
         <name>.bios:_SYS_abort</name>
         <load_address>0x3046ed</load_address>
         <run_address>0x3046ed</run_address>
         <size>0x9</size>
         <input_file_ref idref="fl-69"/>
      </object_component>
      <object_component id="oc-7c">
         <name>.bios</name>
         <load_address>0x3046f6</load_address>
         <run_address>0x3046f6</run_address>
         <size>0x9</size>
         <input_file_ref idref="fl-2c"/>
      </object_component>
      <object_component id="oc-1a0">
         <name>.bios</name>
         <load_address>0x3046ff</load_address>
         <run_address>0x3046ff</run_address>
         <size>0x6</size>
         <input_file_ref idref="fl-40"/>
      </object_component>
      <object_component id="oc-2a6">
         <name>.bios:_KNL_tick</name>
         <load_address>0x304705</load_address>
         <run_address>0x304705</run_address>
         <size>0x5</size>
         <input_file_ref idref="fl-52"/>
      </object_component>
      <object_component id="oc-2d0">
         <name>.bios:_unlock</name>
         <load_address>0x30470a</load_address>
         <run_address>0x30470a</run_address>
         <size>0x5</size>
         <input_file_ref idref="fl-63"/>
      </object_component>
      <object_component id="oc-1f5">
         <name>.bios</name>
         <load_address>0x30470f</load_address>
         <run_address>0x30470f</run_address>
         <size>0x5</size>
         <input_file_ref idref="fl-55"/>
      </object_component>
      <object_component id="oc-84">
         <name>.bios:_UTL_halt</name>
         <load_address>0x304714</load_address>
         <run_address>0x304714</run_address>
         <size>0x3</size>
         <input_file_ref idref="fl-33"/>
      </object_component>
      <object_component id="oc-1cf">
         <name>.bios</name>
         <load_address>0x304717</load_address>
         <run_address>0x304717</run_address>
         <size>0x3</size>
         <input_file_ref idref="fl-4b"/>
      </object_component>
      <object_component id="oc-80">
         <name>.bios:_FXN_F_nop</name>
         <load_address>0x30471a</load_address>
         <run_address>0x30471a</run_address>
         <size>0x1</size>
         <input_file_ref idref="fl-2f"/>
      </object_component>
      <object_component id="oc-208">
         <name>.pinit</name>
         <load_address>0x305a06</load_address>
         <run_address>0x305a06</run_address>
         <size>0x2</size>
         <input_file_ref idref="fl-5a"/>
      </object_component>
      <object_component id="oc-211">
         <name>.pinit</name>
         <load_address>0x305a08</load_address>
         <run_address>0x305a08</run_address>
         <size>0x2</size>
         <input_file_ref idref="fl-5c"/>
      </object_component>
      <object_component id="oc-2ad">
         <name>.text</name>
         <load_address>0x300288</load_address>
         <run_address>0x300288</run_address>
         <size>0xf26</size>
         <input_file_ref idref="fl-14"/>
      </object_component>
      <object_component id="oc-2a7">
         <name>.text</name>
         <load_address>0x3011ae</load_address>
         <run_address>0x3011ae</run_address>
         <size>0xa25</size>
         <input_file_ref idref="fl-16"/>
      </object_component>
      <object_component id="oc-2c1">
         <name>.text</name>
         <load_address>0x301bd3</load_address>
         <run_address>0x301bd3</run_address>
         <size>0x90b</size>
         <input_file_ref idref="fl-4"/>
      </object_component>
      <object_component id="oc-2aa">
         <name>.text</name>
         <load_address>0x3024de</load_address>
         <run_address>0x3024de</run_address>
         <size>0x7b6</size>
         <input_file_ref idref="fl-6"/>
      </object_component>
      <object_component id="oc-2dd">
         <name>.text</name>
         <load_address>0x302c94</load_address>
         <run_address>0x302c94</run_address>
         <size>0x315</size>
         <input_file_ref idref="fl-15"/>
      </object_component>
      <object_component id="oc-2bf">
         <name>.text</name>
         <load_address>0x302fa9</load_address>
         <run_address>0x302fa9</run_address>
         <size>0x284</size>
         <input_file_ref idref="fl-5"/>
      </object_component>
      <object_component id="oc-2a8">
         <name>.text</name>
         <load_address>0x30322d</load_address>
         <run_address>0x30322d</run_address>
         <size>0xf3</size>
         <input_file_ref idref="fl-11"/>
      </object_component>
      <object_component id="oc-2c9">
         <name>.text</name>
         <load_address>0x303320</load_address>
         <run_address>0x303320</run_address>
         <size>0xc9</size>
         <input_file_ref idref="fl-6d"/>
      </object_component>
      <object_component id="oc-2c0">
         <name>.text</name>
         <load_address>0x3033e9</load_address>
         <run_address>0x3033e9</run_address>
         <size>0xb4</size>
         <input_file_ref idref="fl-2"/>
      </object_component>
      <object_component id="oc-16a">
         <name>.text</name>
         <load_address>0x30349d</load_address>
         <run_address>0x30349d</run_address>
         <size>0x9c</size>
         <input_file_ref idref="fl-35"/>
      </object_component>
      <object_component id="oc-17e">
         <name>.text</name>
         <load_address>0x303539</load_address>
         <run_address>0x303539</run_address>
         <size>0x88</size>
         <input_file_ref idref="fl-39"/>
      </object_component>
      <object_component id="oc-16f">
         <name>.text</name>
         <load_address>0x3035c1</load_address>
         <run_address>0x3035c1</run_address>
         <size>0x83</size>
         <input_file_ref idref="fl-36"/>
      </object_component>
      <object_component id="oc-2c2">
         <name>.text</name>
         <load_address>0x303644</load_address>
         <run_address>0x303644</run_address>
         <size>0x6a</size>
         <input_file_ref idref="fl-3"/>
      </object_component>
      <object_component id="oc-86">
         <name>.text</name>
         <load_address>0x3036ae</load_address>
         <run_address>0x3036ae</run_address>
         <size>0x6a</size>
         <input_file_ref idref="fl-13"/>
      </object_component>
      <object_component id="oc-2c3">
         <name>.text</name>
         <load_address>0x303718</load_address>
         <run_address>0x303718</run_address>
         <size>0x61</size>
         <input_file_ref idref="fl-73"/>
      </object_component>
      <object_component id="oc-2c4">
         <name>.text</name>
         <load_address>0x303779</load_address>
         <run_address>0x303779</run_address>
         <size>0x58</size>
         <input_file_ref idref="fl-78"/>
      </object_component>
      <object_component id="oc-2f0">
         <name>.text</name>
         <load_address>0x3037d1</load_address>
         <run_address>0x3037d1</run_address>
         <size>0x31</size>
         <input_file_ref idref="fl-71"/>
      </object_component>
      <object_component id="oc-2f1">
         <name>.text</name>
         <load_address>0x303802</load_address>
         <run_address>0x303802</run_address>
         <size>0x2e</size>
         <input_file_ref idref="fl-76"/>
      </object_component>
      <object_component id="oc-2c5">
         <name>.text</name>
         <load_address>0x303830</load_address>
         <run_address>0x303830</run_address>
         <size>0x2a</size>
         <input_file_ref idref="fl-10"/>
      </object_component>
      <object_component id="oc-1a4">
         <name>.text</name>
         <load_address>0x30385a</load_address>
         <run_address>0x30385a</run_address>
         <size>0x2a</size>
         <input_file_ref idref="fl-41"/>
      </object_component>
      <object_component id="oc-2df">
         <name>.text</name>
         <load_address>0x303884</load_address>
         <run_address>0x303884</run_address>
         <size>0x28</size>
         <input_file_ref idref="fl-f"/>
      </object_component>
      <object_component id="oc-2dc">
         <name>.text</name>
         <load_address>0x3038ac</load_address>
         <run_address>0x3038ac</run_address>
         <size>0x27</size>
         <input_file_ref idref="fl-6e"/>
      </object_component>
      <object_component id="oc-2ec">
         <name>.text</name>
         <load_address>0x3038d3</load_address>
         <run_address>0x3038d3</run_address>
         <size>0x27</size>
         <input_file_ref idref="fl-6f"/>
      </object_component>
      <object_component id="oc-2c8">
         <name>.text</name>
         <load_address>0x3038fa</load_address>
         <run_address>0x3038fa</run_address>
         <size>0x24</size>
         <input_file_ref idref="fl-79"/>
      </object_component>
      <object_component id="oc-179">
         <name>.text</name>
         <load_address>0x30391e</load_address>
         <run_address>0x30391e</run_address>
         <size>0x23</size>
         <input_file_ref idref="fl-38"/>
      </object_component>
      <object_component id="oc-191">
         <name>.text</name>
         <load_address>0x303941</load_address>
         <run_address>0x303941</run_address>
         <size>0x22</size>
         <input_file_ref idref="fl-3d"/>
      </object_component>
      <object_component id="oc-2d1">
         <name>.text:_lock2</name>
         <load_address>0x303963</load_address>
         <run_address>0x303963</run_address>
         <size>0x1f</size>
         <input_file_ref idref="fl-63"/>
      </object_component>
      <object_component id="oc-2e9">
         <name>.text</name>
         <load_address>0x303982</load_address>
         <run_address>0x303982</run_address>
         <size>0x1e</size>
         <input_file_ref idref="fl-6b"/>
      </object_component>
      <object_component id="oc-183">
         <name>.text</name>
         <load_address>0x3039a0</load_address>
         <run_address>0x3039a0</run_address>
         <size>0x1c</size>
         <input_file_ref idref="fl-3a"/>
      </object_component>
      <object_component id="oc-2ed">
         <name>.text</name>
         <load_address>0x3039bc</load_address>
         <run_address>0x3039bc</run_address>
         <size>0x1c</size>
         <input_file_ref idref="fl-77"/>
      </object_component>
      <object_component id="oc-2e0">
         <name>.text</name>
         <load_address>0x3039d8</load_address>
         <run_address>0x3039d8</run_address>
         <size>0x16</size>
         <input_file_ref idref="fl-75"/>
      </object_component>
      <object_component id="oc-174">
         <name>.text</name>
         <load_address>0x3039ee</load_address>
         <run_address>0x3039ee</run_address>
         <size>0xe</size>
         <input_file_ref idref="fl-37"/>
      </object_component>
      <object_component id="oc-2ee">
         <name>.text</name>
         <load_address>0x3039fc</load_address>
         <run_address>0x3039fc</run_address>
         <size>0xc</size>
         <input_file_ref idref="fl-7a"/>
      </object_component>
      <object_component id="oc-2d5">
         <name>.text:_RTDX_Mask_IER</name>
         <load_address>0x303a08</load_address>
         <run_address>0x303a08</run_address>
         <size>0x9</size>
         <input_file_ref idref="fl-5b"/>
      </object_component>
      <object_component id="oc-2cd">
         <name>.text</name>
         <load_address>0x303a11</load_address>
         <run_address>0x303a11</run_address>
         <size>0x9</size>
         <input_file_ref idref="fl-6c"/>
      </object_component>
      <object_component id="oc-d2">
         <name>.text</name>
         <load_address>0x303a1a</load_address>
         <run_address>0x303a1a</run_address>
         <size>0x8</size>
         <input_file_ref idref="fl-c"/>
      </object_component>
      <object_component id="oc-2de">
         <name>.text</name>
         <load_address>0x303a22</load_address>
         <run_address>0x303a22</run_address>
         <size>0x8</size>
         <input_file_ref idref="fl-7c"/>
      </object_component>
      <object_component id="oc-2d9">
         <name>.text:_RTDX_Set_IER</name>
         <load_address>0x303a2a</load_address>
         <run_address>0x303a2a</run_address>
         <size>0x6</size>
         <input_file_ref idref="fl-5b"/>
      </object_component>
      <object_component id="oc-2d2">
         <name>.text:_unlock2</name>
         <load_address>0x303a30</load_address>
         <run_address>0x303a30</run_address>
         <size>0x5</size>
         <input_file_ref idref="fl-63"/>
      </object_component>
      <object_component id="oc-2ef">
         <name>.text</name>
         <load_address>0x303a35</load_address>
         <run_address>0x303a35</run_address>
         <size>0x5</size>
         <input_file_ref idref="fl-7b"/>
      </object_component>
      <object_component id="oc-12b">
         <name>.cinit</name>
         <load_address>0x30471b</load_address>
         <run_address>0x30471b</run_address>
         <size>0x409</size>
         <input_file_ref idref="fl-14"/>
      </object_component>
      <object_component id="oc-aa">
         <name>.cinit</name>
         <load_address>0x304b24</load_address>
         <run_address>0x304b24</run_address>
         <size>0x2ef</size>
         <input_file_ref idref="fl-7"/>
      </object_component>
      <object_component id="oc-13a">
         <name>.cinit</name>
         <load_address>0x304e13</load_address>
         <run_address>0x304e13</run_address>
         <size>0x24b</size>
         <input_file_ref idref="fl-16"/>
      </object_component>
      <object_component id="oc-148">
         <name>.cinit</name>
         <load_address>0x30505e</load_address>
         <run_address>0x30505e</run_address>
         <size>0xa5</size>
         <input_file_ref idref="fl-2b"/>
      </object_component>
      <object_component id="oc-1e4">
         <name>.cinit</name>
         <load_address>0x305103</load_address>
         <run_address>0x305103</run_address>
         <size>0xa0</size>
         <input_file_ref idref="fl-50"/>
      </object_component>
      <object_component id="oc-a1">
         <name>.cinit</name>
         <load_address>0x3051a3</load_address>
         <run_address>0x3051a3</run_address>
         <size>0x64</size>
         <input_file_ref idref="fl-6"/>
      </object_component>
      <object_component id="oc-22a">
         <name>.cinit</name>
         <load_address>0x305207</load_address>
         <run_address>0x305207</run_address>
         <size>0x2e</size>
         <input_file_ref idref="fl-63"/>
      </object_component>
      <object_component id="oc-222">
         <name>.cinit</name>
         <load_address>0x305235</load_address>
         <run_address>0x305235</run_address>
         <size>0x2c</size>
         <input_file_ref idref="fl-61"/>
      </object_component>
      <object_component id="oc-1bc">
         <name>.cinit</name>
         <load_address>0x305261</load_address>
         <run_address>0x305261</run_address>
         <size>0x19</size>
         <input_file_ref idref="fl-46"/>
      </object_component>
      <object_component id="oc-204">
         <name>.cinit</name>
         <load_address>0x30527a</load_address>
         <run_address>0x30527a</run_address>
         <size>0x17</size>
         <input_file_ref idref="fl-5a"/>
      </object_component>
      <object_component id="oc-94">
         <name>.cinit</name>
         <load_address>0x305291</load_address>
         <run_address>0x305291</run_address>
         <size>0x10</size>
         <input_file_ref idref="fl-4"/>
      </object_component>
      <object_component id="oc-15f">
         <name>.cinit</name>
         <load_address>0x3052a1</load_address>
         <run_address>0x3052a1</run_address>
         <size>0xf</size>
         <input_file_ref idref="fl-32"/>
      </object_component>
      <object_component id="oc-1eb">
         <name>.cinit</name>
         <load_address>0x3052b0</load_address>
         <run_address>0x3052b0</run_address>
         <size>0xb</size>
         <input_file_ref idref="fl-52"/>
      </object_component>
      <object_component id="oc-21b">
         <name>.cinit</name>
         <load_address>0x3052bb</load_address>
         <run_address>0x3052bb</run_address>
         <size>0xa</size>
         <input_file_ref idref="fl-5f"/>
      </object_component>
      <object_component id="oc-264">
         <name>.cinit</name>
         <load_address>0x3052c5</load_address>
         <run_address>0x3052c5</run_address>
         <size>0xa</size>
         <input_file_ref idref="fl-70"/>
      </object_component>
      <object_component id="oc-1aa">
         <name>.cinit</name>
         <load_address>0x3052cf</load_address>
         <run_address>0x3052cf</run_address>
         <size>0x9</size>
         <input_file_ref idref="fl-42"/>
      </object_component>
      <object_component id="oc-8d">
         <name>.cinit</name>
         <load_address>0x3052d8</load_address>
         <run_address>0x3052d8</run_address>
         <size>0x8</size>
         <input_file_ref idref="fl-3"/>
      </object_component>
      <object_component id="oc-256">
         <name>.cinit</name>
         <load_address>0x3052e0</load_address>
         <run_address>0x3052e0</run_address>
         <size>0x8</size>
         <input_file_ref idref="fl-6e"/>
      </object_component>
      <object_component id="oc-2cf">
         <name>.cinit:__lock</name>
         <load_address>0x3052e8</load_address>
         <run_address>0x3052e8</run_address>
         <size>0x5</size>
         <input_file_ref idref="fl-6c"/>
      </object_component>
      <object_component id="oc-2ce">
         <name>.cinit:__unlock</name>
         <load_address>0x3052ed</load_address>
         <run_address>0x3052ed</run_address>
         <size>0x5</size>
         <input_file_ref idref="fl-6c"/>
      </object_component>
      <object_component id="oc-197">
         <name>.cinit</name>
         <load_address>0x3052f2</load_address>
         <run_address>0x3052f2</run_address>
         <size>0x5</size>
         <input_file_ref idref="fl-3e"/>
      </object_component>
      <object_component id="oc-14c">
         <name>.cinit</name>
         <load_address>0x3052f7</load_address>
         <run_address>0x3052f7</run_address>
         <size>0x5</size>
         <input_file_ref idref="fl-2d"/>
      </object_component>
      <object_component id="oc-25d">
         <name>.cinit</name>
         <load_address>0x3052fc</load_address>
         <run_address>0x3052fc</run_address>
         <size>0x5</size>
         <input_file_ref idref="fl-6f"/>
      </object_component>
      <object_component id="oc-277">
         <name>.cinit</name>
         <load_address>0x305301</load_address>
         <run_address>0x305301</run_address>
         <size>0x4</size>
         <input_file_ref idref="fl-74"/>
      </object_component>
      <object_component id="oc-2c7">
         <name>.switch:_lab</name>
         <load_address>0x30598a</load_address>
         <run_address>0x30598a</run_address>
         <size>0x2a</size>
         <input_file_ref idref="fl-14"/>
      </object_component>
      <object_component id="oc-2f2">
         <name>.switch:_vsprintf</name>
         <load_address>0x3059b4</load_address>
         <run_address>0x3059b4</run_address>
         <size>0x1e</size>
         <input_file_ref idref="fl-15"/>
      </object_component>
      <object_component id="oc-2c6">
         <name>.switch:_SPI_RXint</name>
         <load_address>0x3059d2</load_address>
         <run_address>0x3059d2</run_address>
         <size>0x1a</size>
         <input_file_ref idref="fl-6"/>
      </object_component>
      <object_component id="oc-a7">
         <name>.gblinit</name>
         <load_address>0x3059ec</load_address>
         <run_address>0x3059ec</run_address>
         <size>0x19</size>
         <input_file_ref idref="fl-7"/>
      </object_component>
      <object_component id="oc-be">
         <name>.sysinit</name>
         <load_address>0x3057f7</load_address>
         <run_address>0x3057f7</run_address>
         <size>0xc0</size>
         <input_file_ref idref="fl-7"/>
      </object_component>
      <object_component id="oc-85">
         <name>.sysinit</name>
         <load_address>0x3058b7</load_address>
         <run_address>0x3058b7</run_address>
         <size>0x5e</size>
         <input_file_ref idref="fl-3c"/>
      </object_component>
      <object_component id="oc-2b0">
         <name>.sysinit:_MEM_init</name>
         <load_address>0x305915</load_address>
         <run_address>0x305915</run_address>
         <size>0x4e</size>
         <input_file_ref idref="fl-57"/>
      </object_component>
      <object_component id="oc-2b1">
         <name>.sysinit:_TSK_init</name>
         <load_address>0x305963</load_address>
         <run_address>0x305963</run_address>
         <size>0x23</size>
         <input_file_ref idref="fl-60"/>
      </object_component>
      <object_component id="oc-2ea">
         <name>.rtdx_text:_RTDX_write_next</name>
         <load_address>0x305307</load_address>
         <run_address>0x305307</run_address>
         <size>0xcd</size>
         <input_file_ref idref="fl-5a"/>
      </object_component>
      <object_component id="oc-2d4">
         <name>.rtdx_text:_RTDX_Buffer_WriteCB</name>
         <load_address>0x3053d4</load_address>
         <run_address>0x3053d4</run_address>
         <size>0x9d</size>
         <input_file_ref idref="fl-5a"/>
      </object_component>
      <object_component id="oc-2b6">
         <name>.rtdx_text:_RTDX_Poll</name>
         <load_address>0x305471</load_address>
         <run_address>0x305471</run_address>
         <size>0x53</size>
         <input_file_ref idref="fl-5c"/>
      </object_component>
      <object_component id="oc-2d8">
         <name>.rtdx_text:_StartXFer</name>
         <load_address>0x3054c4</load_address>
         <run_address>0x3054c4</run_address>
         <size>0x46</size>
         <input_file_ref idref="fl-5c"/>
      </object_component>
      <object_component id="oc-2e8">
         <name>.rtdx_text:_claim</name>
         <load_address>0x30550a</load_address>
         <run_address>0x30550a</run_address>
         <size>0x42</size>
         <input_file_ref idref="fl-5a"/>
      </object_component>
      <object_component id="oc-2eb">
         <name>.rtdx_text:_RTDX_Mon_Queue</name>
         <load_address>0x30554c</load_address>
         <run_address>0x30554c</run_address>
         <size>0x37</size>
         <input_file_ref idref="fl-5c"/>
      </object_component>
      <object_component id="oc-2b9">
         <name>.rtdx_text:_RTDX_Init_RT_Monitor</name>
         <load_address>0x305583</load_address>
         <run_address>0x305583</run_address>
         <size>0x30</size>
         <input_file_ref idref="fl-5c"/>
      </object_component>
      <object_component id="oc-2b8">
         <name>.rtdx_text:_RTDX_Buffer_Initialize</name>
         <load_address>0x3055b3</load_address>
         <run_address>0x3055b3</run_address>
         <size>0x17</size>
         <input_file_ref idref="fl-5a"/>
      </object_component>
      <object_component id="oc-2d3">
         <name>.rtdx_text:_RTDX_Buffer_ReadCB</name>
         <load_address>0x3055ca</load_address>
         <run_address>0x3055ca</run_address>
         <size>0x14</size>
         <input_file_ref idref="fl-59"/>
      </object_component>
      <object_component id="oc-2db">
         <name>.rtdx_text:_RTDX_Final_RT_Monitor</name>
         <load_address>0x3055de</load_address>
         <run_address>0x3055de</run_address>
         <size>0xd</size>
         <input_file_ref idref="fl-5c"/>
      </object_component>
      <object_component id="oc-2e7">
         <name>.rtdx_text:_RTDX_Buffer_Size</name>
         <load_address>0x3055eb</load_address>
         <run_address>0x3055eb</run_address>
         <size>0xc</size>
         <input_file_ref idref="fl-5a"/>
      </object_component>
      <object_component id="oc-2d6">
         <name>.rtdx_text:_Allow_EmuAccess</name>
         <load_address>0x3055f7</load_address>
         <run_address>0x3055f7</run_address>
         <size>0x9</size>
         <input_file_ref idref="fl-5c"/>
      </object_component>
      <object_component id="oc-2b4">
         <name>.rtdx_text:_RTDX_Buffer_Read</name>
         <load_address>0x305600</load_address>
         <run_address>0x305600</run_address>
         <size>0x9</size>
         <input_file_ref idref="fl-59"/>
      </object_component>
      <object_component id="oc-2b5">
         <name>.rtdx_text:_RTDX_Buffer_Write</name>
         <load_address>0x305609</load_address>
         <run_address>0x305609</run_address>
         <size>0x7</size>
         <input_file_ref idref="fl-5a"/>
      </object_component>
      <object_component id="oc-2da">
         <name>.rtdx_text:_Wait</name>
         <load_address>0x305610</load_address>
         <run_address>0x305610</run_address>
         <size>0x6</size>
         <input_file_ref idref="fl-5c"/>
      </object_component>
      <object_component id="oc-2d7">
         <name>.rtdx_text:_Disallow_EmuAccess</name>
         <load_address>0x305616</load_address>
         <run_address>0x305616</run_address>
         <size>0x3</size>
         <input_file_ref idref="fl-5c"/>
      </object_component>
      <object_component id="oc-2f3">
         <name>.econst:.string:__ctypes_</name>
         <load_address>0x30561a</load_address>
         <run_address>0x30561a</run_address>
         <size>0x101</size>
         <input_file_ref idref="fl-72"/>
      </object_component>
      <object_component id="oc-22c">
         <name>.econst</name>
         <load_address>0x30571c</load_address>
         <run_address>0x30571c</run_address>
         <size>0x4f</size>
         <input_file_ref idref="fl-63"/>
      </object_component>
      <object_component id="oc-12f">
         <name>.econst:.string</name>
         <load_address>0x30576c</load_address>
         <run_address>0x30576c</run_address>
         <size>0x25</size>
         <input_file_ref idref="fl-14"/>
      </object_component>
      <object_component id="oc-157">
         <name>.econst</name>
         <load_address>0x305792</load_address>
         <run_address>0x305792</run_address>
         <size>0x23</size>
         <input_file_ref idref="fl-30"/>
      </object_component>
      <object_component id="oc-15b">
         <name>.econst</name>
         <load_address>0x3057b6</load_address>
         <run_address>0x3057b6</run_address>
         <size>0x22</size>
         <input_file_ref idref="fl-31"/>
      </object_component>
      <object_component id="oc-20f">
         <name>.econst</name>
         <load_address>0x3057d8</load_address>
         <run_address>0x3057d8</run_address>
         <size>0x12</size>
         <input_file_ref idref="fl-5c"/>
      </object_component>
      <object_component id="oc-2e1">
         <name>.econst:_a$1</name>
         <load_address>0x3057ea</load_address>
         <run_address>0x3057ea</run_address>
         <size>0x8</size>
         <input_file_ref idref="fl-6d"/>
      </object_component>
      <object_component id="oc-207">
         <name>.econst</name>
[...]
         <name>_CLK_htimePerLtime</name>
         <value>0xb00c</value>
         <object_component_ref idref="oc-1cd"/>
      </symbol>
      <symbol id="sm-e7d">
         <name>GBL_A_VERSION</name>
         <value>0x5205</value>
      </symbol>
      <symbol id="sm-e7e">
         <name>_GBL_getVersion</name>
         <value>0x304717</value>
         <object_component_ref idref="oc-1cf"/>
      </symbol>
      <symbol id="sm-e88">
         <name>_HWI_F_dispIsrPie</name>
         <value>0x303d15</value>
         <object_component_ref idref="oc-1d4"/>
      </symbol>
      <symbol id="sm-e89">
         <name>_HWI_D_intrNum</name>
         <value>0xbf12</value>
         <object_component_ref idref="oc-1d3"/>
      </symbol>
      <symbol id="sm-e8a">
         <name>_HWI_F_dispatch</name>
         <value>0x303d1c</value>
         <object_component_ref idref="oc-1d4"/>
      </symbol>
      <symbol id="sm-e8b">
         <name>_HWI_F_dispIsr1</name>
         <value>0x303dc2</value>
         <object_component_ref idref="oc-1d4"/>
      </symbol>
      <symbol id="sm-e8c">
         <name>_HWI_F_dispIsr0</name>
         <value>0x303dbf</value>
         <object_component_ref idref="oc-1d4"/>
      </symbol>
      <symbol id="sm-e8d">
         <name>_HWI_dispatchTab</name>
         <value>0xbc12</value>
         <object_component_ref idref="oc-1d3"/>
      </symbol>
      <symbol id="sm-e8e">
         <name>HWI_F_dispatch</name>
         <value>0x303d1c</value>
         <object_component_ref idref="oc-1d4"/>
      </symbol>
      <symbol id="sm-e96">
         <name>_HWI_disable</name>
         <value>0x3046e3</value>
         <object_component_ref idref="oc-1d8"/>
      </symbol>
      <symbol id="sm-e97">
         <name>_HWI_restore</name>
         <value>0x3046e9</value>
         <object_component_ref idref="oc-1d8"/>
      </symbol>
      <symbol id="sm-e98">
         <name>_HWI_enable</name>
         <value>0x3046e7</value>
         <object_component_ref idref="oc-1d8"/>
      </symbol>
      <symbol id="sm-ea4">
         <name>_KNL_enter</name>
         <value>0x3045b0</value>
         <object_component_ref idref="oc-2ca"/>
      </symbol>
      <symbol id="sm-ea5">
         <name>_KNL_exit</name>
         <value>0x3046cb</value>
         <object_component_ref idref="oc-2af"/>
      </symbol>
      <symbol id="sm-ead">
         <name>_KNL_check</name>
         <value>0x304475</value>
         <object_component_ref idref="oc-1df"/>
      </symbol>
      <symbol id="sm-eae">
         <name>_KNL_idle</name>
         <value>0x304496</value>
         <object_component_ref idref="oc-1df"/>
      </symbol>
      <symbol id="sm-eaf">
         <name>_KNL_max</name>
         <value>0x30449f</value>
         <object_component_ref idref="oc-1df"/>
      </symbol>
      <symbol id="sm-eb9">
         <name>_KNL_swiptr</name>
         <value>0xaec6</value>
         <object_component_ref idref="oc-1e5"/>
      </symbol>
      <symbol id="sm-eba">
         <name>_KNL_curtime</name>
         <value>0xaec0</value>
         <object_component_ref idref="oc-1e5"/>
      </symbol>
      <symbol id="sm-ebb">
         <name>_KNL_queues</name>
         <value>0xaf00</value>
         <object_component_ref idref="oc-1e5"/>
      </symbol>
      <symbol id="sm-ebc">
         <name>_KNL_setpri</name>
         <value>0xaed4</value>
         <object_component_ref idref="oc-1e5"/>
      </symbol>
      <symbol id="sm-ebd">
         <name>_KNL_idlefxn</name>
         <value>0xaecc</value>
         <object_component_ref idref="oc-1e5"/>
      </symbol>
      <symbol id="sm-ebe">
         <name>_KNL_maxqueue</name>
         <value>0xaec4</value>
         <object_component_ref idref="oc-1e5"/>
      </symbol>
      <symbol id="sm-ebf">
         <name>_KNL_tcreatefxn</name>
         <value>0xaece</value>
         <object_component_ref idref="oc-1e5"/>
      </symbol>
      <symbol id="sm-ec0">
         <name>_KNL_tswitchfxn</name>
         <value>0xaed2</value>
         <object_component_ref idref="oc-1e5"/>
      </symbol>
      <symbol id="sm-ec1">
         <name>_KNL_wFlag</name>
         <value>0xaec1</value>
         <object_component_ref idref="oc-1e5"/>
      </symbol>
      <symbol id="sm-ec2">
         <name>_KNL_wList</name>
         <value>0xaed8</value>
         <object_component_ref idref="oc-1e5"/>
      </symbol>
      <symbol id="sm-ec3">
         <name>_KNL_set</name>
         <value>0xaec2</value>
         <object_component_ref idref="oc-1e5"/>
      </symbol>
      <symbol id="sm-ec4">
         <name>_KNL_priority</name>
         <value>0xaee0</value>
         <object_component_ref idref="oc-1e5"/>
      </symbol>
      <symbol id="sm-ec5">
         <name>_KNL_alarm</name>
         <value>0xaeda</value>
         <object_component_ref idref="oc-1e5"/>
      </symbol>
      <symbol id="sm-ec6">
         <name>_KNL_treadyfxn</name>
         <value>0xaeca</value>
         <object_component_ref idref="oc-1e5"/>
      </symbol>
      <symbol id="sm-ec7">
         <name>_KNL_inactive</name>
         <value>0xaed6</value>
         <object_component_ref idref="oc-1e5"/>
      </symbol>
      <symbol id="sm-ec8">
         <name>_KNL_prevtask</name>
         <value>0xaede</value>
         <object_component_ref idref="oc-1e5"/>
      </symbol>
      <symbol id="sm-ec9">
         <name>_KNL_dummy</name>
         <value>0xaee2</value>
         <object_component_ref idref="oc-1e5"/>
      </symbol>
      <symbol id="sm-eca">
         <name>_KNL_curtask</name>
         <value>0xaedc</value>
         <object_component_ref idref="oc-1e5"/>
      </symbol>
      <symbol id="sm-ecb">
         <name>_KNL_tdeletefxn</name>
         <value>0xaed0</value>
         <object_component_ref idref="oc-1e5"/>
      </symbol>
      <symbol id="sm-ecc">
         <name>_KNL_curqueue</name>
         <value>0xaec8</value>
         <object_component_ref idref="oc-1e5"/>
      </symbol>
      <symbol id="sm-ed6">
         <name>_KNL_run</name>
         <value>0x304139</value>
         <object_component_ref idref="oc-2ac"/>
      </symbol>
      <symbol id="sm-ee6">
         <name>_KNL_tick</name>
         <value>0x304705</value>
         <object_component_ref idref="oc-2a6"/>
      </symbol>
      <symbol id="sm-ef0">
         <name>_KNL_post</name>
         <value>0x304661</value>
         <object_component_ref idref="oc-2be"/>
      </symbol>
      <symbol id="sm-efa">
         <name>_KNL_ipost</name>
         <value>0x30454d</value>
         <object_component_ref idref="oc-2bc"/>
      </symbol>
      <symbol id="sm-f02">
         <name>_LOG_event</name>
         <value>0x30470f</value>
         <object_component_ref idref="oc-1f5"/>
      </symbol>
      <symbol id="sm-f06">
         <name>_MEM</name>
         <value>0xb010</value>
         <object_component_ref idref="oc-1f9"/>
      </symbol>
      <symbol id="sm-f10">
         <name>_MEM_init</name>
         <value>0x305915</value>
         <object_component_ref idref="oc-2b0"/>
      </symbol>
      <symbol id="sm-f18">
         <name>_RTDX_Buffer_Start</name>
         <value>0xc82a</value>
         <object_component_ref idref="oc-1fe"/>
      </symbol>
      <symbol id="sm-f19">
         <name>_RTDX_Buffer_End</name>
         <value>0xc828</value>
         <object_component_ref idref="oc-1fe"/>
      </symbol>
      <symbol id="sm-f25">
         <name>_RTDX_Buffer_ReadCB</name>
         <value>0x3055ca</value>
         <object_component_ref idref="oc-2d3"/>
      </symbol>
      <symbol id="sm-f26">
         <name>_RTDX_Buffer_Read</name>
         <value>0x305600</value>
         <object_component_ref idref="oc-2b4"/>
      </symbol>
      <symbol id="sm-f44">
         <name>_rtdx_buffer_state</name>
         <value>0xc80c</value>
         <object_component_ref idref="oc-206"/>
      </symbol>
      <symbol id="sm-f45">
         <name>_RTDX_writing</name>
         <value>0xc80a</value>
         <object_component_ref idref="oc-206"/>
      </symbol>
      <symbol id="sm-f46">
         <name>_rtdxNullChanCnt</name>
         <value>0xaff8</value>
         <object_component_ref idref="oc-205"/>
      </symbol>
      <symbol id="sm-f47">
         <name>_RTDX_Buffer_Size</name>
         <value>0x3055eb</value>
         <object_component_ref idref="oc-2e7"/>
      </symbol>
      <symbol id="sm-f48">
         <name>_RTDX_Buffer_WriteCB</name>
         <value>0x3053d4</value>
         <object_component_ref idref="oc-2d4"/>
      </symbol>
      <symbol id="sm-f49">
         <name>_rtdxNullFuncCnt</name>
         <value>0xaff9</value>
         <object_component_ref idref="oc-205"/>
      </symbol>
      <symbol id="sm-f4a">
         <name>_RTDX_Buffer_Initialize</name>
         <value>0x3055b3</value>
         <object_component_ref idref="oc-2b8"/>
      </symbol>
      <symbol id="sm-f4b">
         <name>_RTDX_Buffer_Write</name>
         <value>0x305609</value>
         <object_component_ref idref="oc-2b5"/>
      </symbol>
      <symbol id="sm-f57">
         <name>_RTDX_Set_IER</name>
         <value>0x303a2a</value>
         <object_component_ref idref="oc-2d9"/>
      </symbol>
      <symbol id="sm-f58">
         <name>_RTDX_Mask_IER</name>
         <value>0x303a08</value>
         <object_component_ref idref="oc-2d5"/>
      </symbol>
      <symbol id="sm-f76">
         <name>_DataLogDMACtl</name>
         <value>0x3057da</value>
         <object_component_ref idref="oc-20f"/>
      </symbol>
      <symbol id="sm-f77">
         <name>_DataLogDMAId</name>
         <value>0x3057d8</value>
         <object_component_ref idref="oc-20f"/>
      </symbol>
      <symbol id="sm-f78">
         <name>_rtdx_mon_state</name>
         <value>0xc81a</value>
         <object_component_ref idref="oc-210"/>
      </symbol>
      <symbol id="sm-f79">
         <name>_RTDX_LMM</name>
         <value>0x1</value>
      </symbol>
      <symbol id="sm-f7a">
         <name>_MsgBaseLow</name>
         <value>0x3057e6</value>
         <object_component_ref idref="oc-20f"/>
      </symbol>
      <symbol id="sm-f7b">
         <name>_StatBase</name>
         <value>0x3057e8</value>
         <object_component_ref idref="oc-20f"/>
      </symbol>
      <symbol id="sm-f7c">
         <name>_MsgBaseHigh</name>
         <value>0x3057e4</value>
         <object_component_ref idref="oc-20f"/>
      </symbol>
      <symbol id="sm-f7d">
         <name>_DataLogDMAHigh</name>
         <value>0x3057dc</value>
         <object_component_ref idref="oc-20f"/>
      </symbol>
      <symbol id="sm-f7e">
         <name>_DataLogDMALow</name>
         <value>0x3057e0</value>
         <object_component_ref idref="oc-20f"/>
      </symbol>
      <symbol id="sm-f7f">
         <name>_RTDX_JTAGONLY</name>
         <value>0x2</value>
      </symbol>
      <symbol id="sm-f80">
         <name>_RTDX_Poll</name>
         <value>0x305471</value>
         <object_component_ref idref="oc-2b6"/>
      </symbol>
      <symbol id="sm-f81">
         <name>_RTDX_Mon_Queue</name>
         <value>0x30554c</value>
         <object_component_ref idref="oc-2eb"/>
      </symbol>
      <symbol id="sm-f82">
         <name>_RTDX_Init_RT_Monitor</name>
         <value>0x305583</value>
         <object_component_ref idref="oc-2b9"/>
      </symbol>
      <symbol id="sm-f83">
         <name>_RTDX_Final_RT_Monitor</name>
         <value>0x3055de</value>
         <object_component_ref idref="oc-2db"/>
      </symbol>
      <symbol id="sm-f8d">
         <name>_TSK_exit</name>
         <value>0x3042a5</value>
         <object_component_ref idref="oc-2ae"/>
      </symbol>
      <symbol id="sm-f97">
         <name>_SYS_exit</name>
         <value>0x30456f</value>
         <object_component_ref idref="oc-2cb"/>
      </symbol>
      <symbol id="sm-fa1">
         <name>_SYS_exitStack</name>
         <value>0xafe8</value>
         <object_component_ref idref="oc-21c"/>
      </symbol>
      <symbol id="sm-fa2">
         <name>_SYS_exitStackPtr</name>
         <value>0xafe4</value>
         <object_component_ref idref="oc-21c"/>
      </symbol>
      <symbol id="sm-fa3">
         <name>_SYS_exitStackTop</name>
         <value>0xafe6</value>
         <object_component_ref idref="oc-21c"/>
      </symbol>
      <symbol id="sm-fad">
         <name>_TSK_init</name>
         <value>0x305963</value>
         <object_component_ref idref="oc-2b1"/>
      </symbol>
      <symbol id="sm-fb9">
         <name>_TSK_timerSem</name>
         <value>0xafd4</value>
         <object_component_ref idref="oc-223"/>
      </symbol>
      <symbol id="sm-fba">
         <name>_TSK_nTasks</name>
         <value>0xafc5</value>
         <object_component_ref idref="oc-223"/>
      </symbol>
      <symbol id="sm-fbb">
         <name>_TSK_ATTRS</name>
         <value>0xafc6</value>
         <object_component_ref idref="oc-223"/>
      </symbol>
      <symbol id="sm-fbc">
         <name>_TSK_pid</name>
         <value>0xafc4</value>
         <object_component_ref idref="oc-223"/>
      </symbol>
      <symbol id="sm-fc6">
         <name>_TSK_setup</name>
         <value>0x304238</value>
         <object_component_ref idref="oc-2b2"/>
      </symbol>
      <symbol id="sm-fde">
         <name>__MEM_mutex</name>
         <value>0xaf64</value>
         <object_component_ref idref="oc-22b"/>
      </symbol>
      <symbol id="sm-fdf">
         <name>__TSK_mutex</name>
         <value>0xaf50</value>
         <object_component_ref idref="oc-22b"/>
      </symbol>
      <symbol id="sm-fe0">
         <name>_TSK_startup</name>
         <value>0x3044da</value>
         <object_component_ref idref="oc-2b3"/>
      </symbol>
      <symbol id="sm-fec">
         <name>_LCK_pend</name>
         <value>0x30462b</value>
         <object_component_ref idref="oc-2e2"/>
      </symbol>
      <symbol id="sm-fed">
         <name>_LCK_post</name>
         <value>0x3046bd</value>
         <object_component_ref idref="oc-2e6"/>
      </symbol>
      <symbol id="sm-ff5">
         <name>_SEM_pend</name>
         <value>0x3045ee</value>
         <object_component_ref idref="oc-232"/>
      </symbol>
      <symbol id="sm-fff">
         <name>_SEM_pendEnterKnl</name>
         <value>0x3040a6</value>
         <object_component_ref idref="oc-2bb"/>
      </symbol>
      <symbol id="sm-1007">
         <name>_SEM_postBinary</name>
         <value>0x304441</value>
         <object_component_ref idref="oc-239"/>
      </symbol>
      <symbol id="sm-1008">
         <name>_SEM_post</name>
         <value>0x304441</value>
         <object_component_ref idref="oc-239"/>
      </symbol>
      <symbol id="sm-1012">
         <name>_SEM_postEnterKnl</name>
         <value>0x30452a</value>
         <object_component_ref idref="oc-2bd"/>
      </symbol>
      <symbol id="sm-101c">
         <name>_SYS_abort</name>
         <value>0x3046ed</value>
         <object_component_ref idref="oc-2e3"/>
      </symbol>
      <symbol id="sm-1026">
         <name>__SEM_dopost</name>
         <value>0x304308</value>
         <object_component_ref idref="oc-2ba"/>
      </symbol>
      <symbol id="sm-1038">
         <name>_memcpy</name>
         <value>0x303982</value>
         <object_component_ref idref="oc-2e9"/>
      </symbol>
      <symbol id="sm-104d">
         <name>__unlock</name>
         <value>0xaffe</value>
         <object_component_ref idref="oc-2e4"/>
      </symbol>
      <symbol id="sm-104e">
         <name>__lock</name>
         <value>0xaf7e</value>
         <object_component_ref idref="oc-2e5"/>
      </symbol>
      <symbol id="sm-104f">
         <name>__register_lock</name>
         <value>0x303a15</value>
         <object_component_ref idref="oc-2cd"/>
      </symbol>
      <symbol id="sm-1050">
         <name>__nop</name>
         <value>0x303a19</value>
         <object_component_ref idref="oc-2cd"/>
      </symbol>
      <symbol id="sm-1051">
         <name>__register_unlock</name>
         <value>0x303a11</value>
         <object_component_ref idref="oc-2cd"/>
      </symbol>
      <symbol id="sm-106b">
         <name>_atan2</name>
         <value>0x303320</value>
         <object_component_ref idref="oc-2c9"/>
      </symbol>
      <symbol id="sm-107f">
         <name>_atexit</name>
         <value>0x3038ac</value>
         <object_component_ref idref="oc-2dc"/>
      </symbol>
      <symbol id="sm-1080">
         <name>___atexit_func_id__</name>
         <value>0xadc1</value>
         <object_component_ref idref="oc-257"/>
      </symbol>
      <symbol id="sm-1097">
         <name>___add_dtor</name>
         <value>0x3038ed</value>
         <object_component_ref idref="oc-2ec"/>
      </symbol>
      <symbol id="sm-10a6">
         <name>___TI_cleanup_ptr</name>
         <value>0xb008</value>
         <object_component_ref idref="oc-265"/>
      </symbol>
      <symbol id="sm-10a7">
         <name>___TI_dtors_ptr</name>
         <value>0xb00a</value>
         <object_component_ref idref="oc-265"/>
      </symbol>
      <symbol id="sm-10bc">
         <name>_atoi</name>
         <value>0x3037d1</value>
         <object_component_ref idref="oc-2f0"/>
      </symbol>
      <symbol id="sm-10c5">
         <name>__ctypes_</name>
         <value>0x30561a</value>
         <object_component_ref idref="oc-2f3"/>
      </symbol>
      <symbol id="sm-10d4">
         <name>_cos</name>
         <value>0x303718</value>
         <object_component_ref idref="oc-2c3"/>
      </symbol>
      <symbol id="sm-10df">
         <name>_errno</name>
         <value>0xafc3</value>
         <object_component_ref idref="oc-278"/>
      </symbol>
      <symbol id="sm-10ef">
         <name>_frexp</name>
         <value>0x3039d8</value>
         <object_component_ref idref="oc-2e0"/>
      </symbol>
      <symbol id="sm-10fe">
         <name>_ltoa</name>
         <value>0x303802</value>
         <object_component_ref idref="oc-2f1"/>
      </symbol>
      <symbol id="sm-110e">
         <name>_modf</name>
         <value>0x3039bc</value>
         <object_component_ref idref="oc-2ed"/>
      </symbol>
      <symbol id="sm-111c">
         <name>_sin</name>
         <value>0x303779</value>
         <object_component_ref idref="oc-2c4"/>
      </symbol>
      <symbol id="sm-112d">
         <name>_sqrt</name>
         <value>0x3038fa</value>
         <object_component_ref idref="oc-2c8"/>
      </symbol>
      <symbol id="sm-113d">
         <name>_strchr</name>
         <value>0x3039fc</value>
         <object_component_ref idref="oc-2ee"/>
      </symbol>
      <symbol id="sm-114b">
         <name>_strcpy</name>
         <value>0x303a35</value>
         <object_component_ref idref="oc-2ef"/>
      </symbol>
      <symbol id="sm-1159">
         <name>_strlen</name>
         <value>0x303a22</value>
         <object_component_ref idref="oc-2de"/>
      </symbol>
      <symbol id="sm-1161">
         <name>iRTA_F_or</name>
         <value>0x304684</value>
         <object_component_ref idref="oc-2a2"/>
      </symbol>
      <symbol id="sm-1162">
         <name>RTA_F_or</name>
         <value>0x30467e</value>
         <object_component_ref idref="oc-2a2"/>
      </symbol>
      <symbol id="sm-1163">
         <name>RTA_F_andn</name>
         <value>0x304677</value>
         <object_component_ref idref="oc-2a2"/>
      </symbol>
   </symbol_table>
   <title>Link successful</title>
</link_info>
