******************************************************************************
             TMS320C2000 Linker PC v6.4.12                     
******************************************************************************
>> Linked Wed May 09 16:07:25 2018

OUTPUT FILE NAME:   <CRSRobot.out>
ENTRY POINT SYMBOL: "_c_int00"  address: 003058b7


MEMORY CONFIGURATION

         name            origin    length      used     unused   attr    fill
----------------------  --------  ---------  --------  --------  ----  --------
PAGE 0:
  BEGIN_M0              00000000   00000002  00000000  00000002  RWIX
  FLASH_BCD             00300000   00038000  00005a08  000325f8  RWIX
  FLASH_A               00338000   00007f80  00000000  00007f80  RWIX
  CSM_RSVD              0033ff80   00000076  00000076  00000000  RWIX
  BEGIN_FLASH           0033fff6   00000002  00000002  00000000  RWIX
  PASSWORDS             0033fff8   00000008  00000008  00000000  RWIX
  ADC_CAL               00380080   00000009  00000007  00000002  RWIX
  OTP                   00380400   00000400  00000000  00000400  RWIX
  BOOTROM               003fe000   00000bdc  00000000  00000bdc  RWIX
  FPUTABLES             003febdc   000006a0  00000000  000006a0  RWIX
  END_BOOTROM           003ff27c   00000d44  00000000  00000d44  RWIX

PAGE 1:
  M0SARAM               00000002   000003fe  000000d4  0000032a  RWIX
  M1SARAM               00000400   00000400  00000000  00000400  RWIX
  DEV_EMU               00000880   00000180  000000d0  000000b0  RWIX
  FLASH_REGS            00000a80   00000060  00000008  00000058  RWIX
  CSM                   00000ae0   00000010  00000010  00000000  RWIX
  ADC_MIRROR            00000b00   00000010  00000010  00000000  RWIX
  XINTF                 00000b20   00000020  0000001e  00000002  RWIX
  CPU_TIMER0            00000c00   00000008  00000008  00000000  RWIX
  CPU_TIMER1            00000c08   00000008  00000008  00000000  RWIX
  CPU_TIMER2            00000c10   00000008  00000008  00000000  RWIX
  PIE_CTRL              00000ce0   00000020  0000001a  00000006  RWIX
  PIEVECT               00000d00   00000100  00000100  00000000  RWIX
  DMA                   00001000   00000200  000000e0  00000120  RWIX
  MCBSPA                00005000   00000040  00000025  0000001b  RWIX
  MCBSPB                00005040   00000040  00000025  0000001b  RWIX
  ECANA                 00006000   00000040  00000034  0000000c  RWIX
  ECANA_LAM             00006040   00000040  00000040  00000000  RWIX
  ECANA_MOTS            00006080   00000040  00000040  00000000  RWIX
  ECANA_MOTO            000060c0   00000040  00000040  00000000  RWIX
  ECANA_MBOX            00006100   00000100  00000100  00000000  RWIX
  ECANB                 00006200   00000040  00000034  0000000c  RWIX
  ECANB_LAM             00006240   00000040  00000040  00000000  RWIX
  ECANB_MOTS            00006280   00000040  00000040  00000000  RWIX
  ECANB_MOTO            000062c0   00000040  00000040  00000000  RWIX
  ECANB_MBOX            00006300   00000100  00000100  00000000  RWIX
  EPWM1                 00006800   00000022  00000022  00000000  RWIX
  EPWM2                 00006840   00000022  00000022  00000000  RWIX
  EPWM3                 00006880   00000022  00000022  00000000  RWIX
  EPWM4                 000068c0   00000022  00000022  00000000  RWIX
  EPWM5                 00006900   00000022  00000022  00000000  RWIX
  EPWM6                 00006940   00000022  00000022  00000000  RWIX
  ECAP1                 00006a00   00000020  00000020  00000000  RWIX
  ECAP2                 00006a20   00000020  00000020  00000000  RWIX
  ECAP3                 00006a40   00000020  00000020  00000000  RWIX
  ECAP4                 00006a60   00000020  00000020  00000000  RWIX
  ECAP5                 00006a80   00000020  00000020  00000000  RWIX
  ECAP6                 00006aa0   00000020  00000020  00000000  RWIX
  EQEP1                 00006b00   00000040  00000040  00000000  RWIX
  EQEP2                 00006b40   00000040  00000040  00000000  RWIX
  GPIOCTRL              00006f80   00000040  0000002e  00000012  RWIX
  GPIODAT               00006fc0   00000020  00000020  00000000  RWIX
  GPIOINT               00006fe0   00000020  0000000a  00000016  RWIX
  SYSTEM                00007010   00000020  00000020  00000000  RWIX
  SPIA                  00007040   00000010  00000010  00000000  RWIX
  SCIA                  00007050   00000010  00000010  00000000  RWIX
  XINTRUPT              00007070   00000010  00000010  00000000  RWIX
  ADC                   00007100   00000020  0000001e  00000002  RWIX
  SCIB                  00007750   00000010  00000010  00000000  RWIX
  SCIC                  00007770   00000010  00000010  00000000  RWIX
  I2CA                  00007900   00000040  00000022  0000001e  RWIX
  L0SARAM               00008000   00001000  0000018a  00000e76  RWIX
  L1SARAM               00009000   00006e00  00003aa6  0000335a  RWIX
  MEM_forDMA            0000fe00   00000200  00000000  00000200  RWIX
  CSM_PWL               003f7ff8   00000008  00000008  00000000  RWIX


SECTION ALLOCATION MAP

 output                                  attributes/
section   page    origin      length       input sections
--------  ----  ----------  ----------   ----------------
PieVectTableFile 
*          1    00000d00    00000100     DSECT
                  00000d00    00000100     DSP2833x_GlobalVariableDefs.obj (PieVectTableFile)

.data      0    00300000    00000000     UNINITIALIZED

.hwi_vec   0    00300000    00000100     RUN ADDR = 00000d00
                  00300000    00000100     CRSRobotcfg.obj (.hwi_vec)

ramfuncs   0    00300100    00000187     RUN ADDR = 00008000
                  00300100    00000168     28335_serial.obj (ramfuncs)
                  00300268    0000001b     DSP2833x_SysCtrl.obj (ramfuncs)
                  00300283    00000004     DSP2833x_usDelay.obj (ramfuncs)

.text      0    00300288    000037b2     
                  00300288    00000f26     final_project.obj (.text)
                  003011ae    00000a25     user_CRSRobot.obj (.text)
                  00301bd3    0000090b     28335_pwm.obj (.text)
                  003024de    000007b6     28335_spi.obj (.text)
                  00302c94    00000315     smallprintf.obj (.text)
                  00302fa9    00000284     28335_serial.obj (.text)
                  0030322d    000000f3     DSP2833x_SysCtrl.obj (.text)
                  00303320    000000c9     rts2800_fpu32.lib : atan2.obj (.text)
                  003033e9    000000b4     28335_eqep.obj (.text)
                  0030349d    0000009c     rts2800_fpu32.lib : fd_add.obj (.text)
                  00303539    00000088                       : fs_div.obj (.text)
                  003035c1    00000083                       : fd_mpy.obj (.text)
                  00303644    0000006a     28335_inits.obj (.text)
                  003036ae    0000006a     coecsl.obj (.text)
                  00303718    00000061     rts2800_fpu32.lib : cos.obj (.text)
                  00303779    00000058                       : sin.obj (.text)
                  003037d1    00000031                       : atoi.obj (.text)
                  00303802    0000002e                       : ltoa.obj (.text)
                  00303830    0000002a     DSP2833x_Spi.obj (.text)
                  0030385a    0000002a     rts2800_fpu32.lib : l_div.obj (.text)
                  00303884    00000028     DSP2833x_PieCtrl.obj (.text)
                  003038ac    00000027     rts2800_fpu32.lib : atexit.obj (.text)
                  003038d3    00000027                       : sinit.obj (.text)
                  003038fa    00000024                       : sqrt.obj (.text)
                  0030391e    00000023                       : fd_tofs.obj (.text)
                  00303941    00000022                       : i_div.obj (.text)
                  00303963    0000001f     bios.a28FP : tsk_stup.o28FP (.text:_lock2)
                  00303982    0000001e     rts2800_fpu32.lib : memcpy.obj (.text)
                  003039a0    0000001c                       : fs_tofd.obj (.text)
                  003039bc    0000001c                       : modf.obj (.text)
                  003039d8    00000016                       : frexp.obj (.text)
                  003039ee    0000000e                       : fd_sub.obj (.text)
                  003039fc    0000000c                       : strchr.obj (.text)
                  00303a08    00000009     rtdxfp.lib : intr_tgt.o28FP (.text:_RTDX_Mask_IER)
                  00303a11    00000009     rts2800_fpu32.lib : _lock.obj (.text)
                  00303a1a    00000008     DSP2833x_CodeStartBranch.obj (.text)
                  00303a22    00000008     rts2800_fpu32.lib : strlen.obj (.text)
                  00303a2a    00000006     rtdxfp.lib : intr_tgt.o28FP (.text:_RTDX_Set_IER)
                  00303a30    00000005     bios.a28FP : tsk_stup.o28FP (.text:_unlock2)
                  00303a35    00000005     rts2800_fpu32.lib : strcpy.obj (.text)

.bios      0    00303a3a    00000ce1     
                  00303a3a    0000017d     bios.a28FP : swi.o28FP (.bios)
                  00303bb7    0000015e     lnkrtdx.a28FP : rtdx.o28FP (.bios)
                  00303d15    00000129     bios.a28FP : hwi_disp_asm.o28FP (.bios)
                  00303e3e    0000009e                : clk_run.o28FP (.bios)
                  00303edc    0000009c                : rtdx_isr.o28FP (.bios)
                  00303f78    00000097                : prd.o28FP (.bios)
                  0030400f    00000097                : rta.o28FP (.bios)
                  003040a6    00000093                : sem_pend.o28FP (.bios:_SEM_pendEnterKnl)
                  00304139    00000088                : knl_run.o28FP (.bios:_KNL_run)
                  003041c1    00000077                : knl_tick.o28FP (.bios:__KNL_doTick)
                  00304238    0000006d                : tsk_setu.o28FP (.bios:_TSK_setup)
                  003042a5    00000063                : tsk_exit.o28FP (.bios:_TSK_exit)
                  00304308    00000063                : sem_dopo.o28FP (.bios:__SEM_dopost)
                  0030436b    00000060                : pip.o28FP (.bios)
                  003043cb    00000041                : knl_swit.o28FP (.bios)
                  0030440c    00000035                : clk.o28FP (.bios)
                  00304441    00000034                : sem_post_asm.o28FP (.bios)
                  00304475    00000033                : knl_chec.o28FP (.bios)
                  003044a8    00000032                : idl_cal.o28FP (.bios)
                  003044da    00000028                : tsk_stup.o28FP (.bios:_TSK_startup)
                  00304502    00000028                : clk_isr.o28FP (.bios)
                  0030452a    00000023                : sem_post.o28FP (.bios:_SEM_postEnterKnl)
                  0030454d    00000022                : knl_ipos.o28FP (.bios:_KNL_ipost)
                  0030456f    00000021                : sys_exit.o28FP (.bios:_SYS_exit)
                  00304590    00000020                : sts.o28FP (.bios)
                  003045b0    0000001f                : knl_exit.o28FP (.bios:_KNL_enter)
                  003045cf    0000001f                : tsk_stup.o28FP (.bios:_lock)
                  003045ee    0000001f                : sem_pend_counting.o28FP (.bios)
                  0030460d    0000001e                : log.o28FP (.bios)
                  0030462b    0000001c                : lck.o28FP (.bios:_LCK_pend)
                  00304647    0000001a                : idl_busy.o28FP (.bios)
                  00304661    00000016                : knl_post.o28FP (.bios:_KNL_post)
                  00304677    00000014                : rta_andn.o28FP (.bios)
                  0030468b    00000012                : fxn.o28FP (.bios)
                  0030469d    00000010                : utl_doab.o28FP (.bios:_UTL_doAbort)
                  003046ad    00000010                : utl_doer.o28FP (.bios:_UTL_doError)
                  003046bd    0000000e                : lck.o28FP (.bios:_LCK_post)
                  003046cb    0000000c                : knl_exit.o28FP (.bios:_KNL_exit)
                  003046d7    0000000c                : utl_putc.o28FP (.bios:_UTL_doPutc)
                  003046e3    0000000a                : hwi_c.o28FP (.bios)
                  003046ed    00000009                : sys_abor.o28FP (.bios:_SYS_abort)
                  003046f6    00000009                : idl_stub.o28FP (.bios)
                  003046ff    00000006                : idl.o28FP (.bios)
                  00304705    00000005                : knl_tick.o28FP (.bios:_KNL_tick)
                  0030470a    00000005                : tsk_stup.o28FP (.bios:_unlock)
                  0030470f    00000005                : log_event.o28FP (.bios)
                  00304714    00000003                : utl_halt.o28FP (.bios:_UTL_halt)
                  00304717    00000003                : gbl_vers.o28FP (.bios)
                  0030471a    00000001                : fxn_c.o28FP (.bios:_FXN_F_nop)

.cinit     0    0030471b    00000bec     
                  0030471b    00000409     final_project.obj (.cinit)
                  00304b24    000002ef     CRSRobotcfg.obj (.cinit)
                  00304e13    0000024b     user_CRSRobot.obj (.cinit)
                  0030505e    000000a5     bios.a28FP : biosdata.o28FP (.cinit)
                  00305103    000000a0                : knl.o28FP (.cinit)
                  003051a3    00000064     28335_spi.obj (.cinit)
                  00305207    0000002e     bios.a28FP : tsk_stup.o28FP (.cinit)
                  00305235    0000002c                : tsk.o28FP (.cinit)
                  00305261    00000019                : rta.o28FP (.cinit)
                  0030527a    00000017     rtdxfp.lib : buffer1.o28FP (.cinit)
                  00305291    00000010     28335_pwm.obj (.cinit)
                  003052a1    0000000f     bios.a28FP : utl_putc.o28FP (.cinit)
                  003052b0    0000000b                : knl_tick.o28FP (.cinit)
                  003052bb    0000000a                : sys.o28FP (.cinit)
                  003052c5    0000000a     rts2800_fpu32.lib : exit.obj (.cinit)
                  003052cf    00000009     lnkrtdx.a28FP : rtdx.o28FP (.cinit)
                  003052d8    00000008     28335_inits.obj (.cinit)
                  003052e0    00000008     rts2800_fpu32.lib : atexit.obj (.cinit)
                  003052e8    00000005                       : _lock.obj (.cinit:__lock)
                  003052ed    00000005                       : _lock.obj (.cinit:__unlock)
                  003052f2    00000005     bios.a28FP : idl_busy.o28FP (.cinit)
                  003052f7    00000005                : knl_swit.o28FP (.cinit)
                  003052fc    00000005     rts2800_fpu32.lib : sinit.obj (.cinit)
                  00305301    00000004                       : errno.obj (.cinit)
                  00305305    00000002     --HOLE-- [fill = 0]

.rtdx_text 
*          0    00305307    00000312     
                  00305307    000000cd     rtdxfp.lib : buffer1.o28FP (.rtdx_text:_RTDX_write_next)
                  003053d4    0000009d                : buffer1.o28FP (.rtdx_text:_RTDX_Buffer_WriteCB)
                  00305471    00000053                : rtdx_mon.o28FP (.rtdx_text:_RTDX_Poll)
                  003054c4    00000046                : rtdx_mon.o28FP (.rtdx_text:_StartXFer)
                  0030550a    00000042                : buffer1.o28FP (.rtdx_text:_claim)
                  0030554c    00000037                : rtdx_mon.o28FP (.rtdx_text:_RTDX_Mon_Queue)
                  00305583    00000030                : rtdx_mon.o28FP (.rtdx_text:_RTDX_Init_RT_Monitor)
                  003055b3    00000017                : buffer1.o28FP (.rtdx_text:_RTDX_Buffer_Initialize)
                  003055ca    00000014                : buffer2.o28FP (.rtdx_text:_RTDX_Buffer_ReadCB)
                  003055de    0000000d                : rtdx_mon.o28FP (.rtdx_text:_RTDX_Final_RT_Monitor)
                  003055eb    0000000c                : buffer1.o28FP (.rtdx_text:_RTDX_Buffer_Size)
                  003055f7    00000009                : rtdx_mon.o28FP (.rtdx_text:_Allow_EmuAccess)
                  00305600    00000009                : buffer2.o28FP (.rtdx_text:_RTDX_Buffer_Read)
                  00305609    00000007                : buffer1.o28FP (.rtdx_text:_RTDX_Buffer_Write)
                  00305610    00000006                : rtdx_mon.o28FP (.rtdx_text:_Wait)
                  00305616    00000003                : rtdx_mon.o28FP (.rtdx_text:_Disallow_EmuAccess)

.econst    0    0030561a    000001dd     
                  0030561a    00000101     rts2800_fpu32.lib : ctype.obj (.econst:.string:__ctypes_)
                  0030571b    00000001     --HOLE-- [fill = 0]
                  0030571c    0000004f     bios.a28FP : tsk_stup.o28FP (.econst)
                  0030576b    00000001     --HOLE-- [fill = 0]
                  0030576c    00000025     final_project.obj (.econst:.string)
                  00305791    00000001     --HOLE-- [fill = 0]
                  00305792    00000023     bios.a28FP : utl_doab.o28FP (.econst)
                  003057b5    00000001     --HOLE-- [fill = 0]
                  003057b6    00000022                : utl_doer.o28FP (.econst)
                  003057d8    00000012     rtdxfp.lib : rtdx_mon.o28FP (.econst)
                  003057ea    00000008     rts2800_fpu32.lib : atan2.obj (.econst:_a$1)
                  003057f2    00000004     rtdxfp.lib : buffer1.o28FP (.econst)
                  003057f6    00000001     bios.a28FP : tsk.o28FP (.econst)

.sysinit   0    003057f7    0000018f     
                  003057f7    000000c0     CRSRobotcfg.obj (.sysinit)
                  003058b7    0000005e     bios.a28FP : boot.o28FP (.sysinit)
                  00305915    0000004e                : mem_init.o28FP (.sysinit:_MEM_init)
                  00305963    00000023                : tsk_init.o28FP (.sysinit:_TSK_init)

.trcdata   0    00305986    00000003     RUN ADDR = 00008187
                  00305986    00000003     CRSRobotcfg.obj (.trcdata)

.switch    0    0030598a    00000062     
                  0030598a    0000002a     final_project.obj (.switch:_lab)
                  003059b4    0000001e     smallprintf.obj (.switch:_vsprintf)
                  003059d2    0000001a     28335_spi.obj (.switch:_SPI_RXint)

.gblinit   0    003059ec    00000019     
                  003059ec    00000019     CRSRobotcfg.obj (.gblinit)

.pinit     0    00305a06    00000006     
                  00305a06    00000002     rtdxfp.lib : buffer1.o28FP (.pinit)
                  00305a08    00000002                : rtdx_mon.o28FP (.pinit)
                  00305a0a    00000002     --HOLE-- [fill = 0]

csm_rsvd   0    0033ff80    00000076     
                  0033ff80    00000076     DSP2833x_CSMPasswords.obj (csm_rsvd)

codestart 
*          0    0033fff6    00000002     
                  0033fff6    00000002     DSP2833x_CodeStartBranch.obj (codestart)

csmpasswds 
*          0    0033fff8    00000008     
                  0033fff8    00000008     DSP2833x_CSMPasswords.obj (csmpasswds)

.adc_cal   0    00380080    00000007     NOLOAD SECTION
                  00380080    00000007     DSP2833x_ADC_cal.obj (.adc_cal)

.log       1    00000002    00000014     UNINITIALIZED
                  00000002    00000014     CRSRobotcfg.obj (.log)

.trace$buf 
*          1    00000040    00000040     UNINITIALIZED
                  00000040    00000040     CRSRobotcfg.obj (.trace$buf)

.LOG_system$buf 
*          1    00000080    00000080     UNINITIALIZED
                  00000080    00000080     CRSRobotcfg.obj (.LOG_system$buf)

DevEmuRegsFile 
*          1    00000880    000000d0     UNINITIALIZED
                  00000880    000000d0     DSP2833x_GlobalVariableDefs.obj (DevEmuRegsFile)

FlashRegsFile 
*          1    00000a80    00000008     UNINITIALIZED
                  00000a80    00000008     DSP2833x_GlobalVariableDefs.obj (FlashRegsFile)

CsmRegsFile 
*          1    00000ae0    00000010     UNINITIALIZED
                  00000ae0    00000010     DSP2833x_GlobalVariableDefs.obj (CsmRegsFile)

AdcMirrorFile 
*          1    00000b00    00000010     UNINITIALIZED
                  00000b00    00000010     DSP2833x_GlobalVariableDefs.obj (AdcMirrorFile)

XintfRegsFile 
*          1    00000b20    0000001e     UNINITIALIZED
                  00000b20    0000001e     DSP2833x_GlobalVariableDefs.obj (XintfRegsFile)

CpuTimer0RegsFile 
*          1    00000c00    00000008     UNINITIALIZED
                  00000c00    00000008     DSP2833x_GlobalVariableDefs.obj (CpuTimer0RegsFile)

CpuTimer1RegsFile 
*          1    00000c08    00000008     UNINITIALIZED
                  00000c08    00000008     DSP2833x_GlobalVariableDefs.obj (CpuTimer1RegsFile)

CpuTimer2RegsFile 
*          1    00000c10    00000008     UNINITIALIZED
                  00000c10    00000008     DSP2833x_GlobalVariableDefs.obj (CpuTimer2RegsFile)

PieCtrlRegsFile 
*          1    00000ce0    0000001a     UNINITIALIZED
                  00000ce0    0000001a     DSP2833x_GlobalVariableDefs.obj (PieCtrlRegsFile)

DmaRegsFile 
*          1    00001000    000000e0     UNINITIALIZED
                  00001000    000000e0     DSP2833x_GlobalVariableDefs.obj (DmaRegsFile)

McbspaRegsFile 
*          1    00005000    00000025     UNINITIALIZED
                  00005000    00000025     DSP2833x_GlobalVariableDefs.obj (McbspaRegsFile)

McbspbRegsFile 
*          1    00005040    00000025     UNINITIALIZED
                  00005040    00000025     DSP2833x_GlobalVariableDefs.obj (McbspbRegsFile)

ECanaRegsFile 
*          1    00006000    00000034     UNINITIALIZED
                  00006000    00000034     DSP2833x_GlobalVariableDefs.obj (ECanaRegsFile)

ECanaLAMRegsFile 
*          1    00006040    00000040     UNINITIALIZED
                  00006040    00000040     DSP2833x_GlobalVariableDefs.obj (ECanaLAMRegsFile)

ECanaMOTSRegsFile 
*          1    00006080    00000040     UNINITIALIZED
                  00006080    00000040     DSP2833x_GlobalVariableDefs.obj (ECanaMOTSRegsFile)

ECanaMOTORegsFile 
*          1    000060c0    00000040     UNINITIALIZED
                  000060c0    00000040     DSP2833x_GlobalVariableDefs.obj (ECanaMOTORegsFile)

ECanaMboxesFile 
*          1    00006100    00000100     UNINITIALIZED
                  00006100    00000100     DSP2833x_GlobalVariableDefs.obj (ECanaMboxesFile)

ECanbRegsFile 
*          1    00006200    00000034     UNINITIALIZED
                  00006200    00000034     DSP2833x_GlobalVariableDefs.obj (ECanbRegsFile)

ECanbLAMRegsFile 
*          1    00006240    00000040     UNINITIALIZED
                  00006240    00000040     DSP2833x_GlobalVariableDefs.obj (ECanbLAMRegsFile)

ECanbMOTSRegsFile 
*          1    00006280    00000040     UNINITIALIZED
                  00006280    00000040     DSP2833x_GlobalVariableDefs.obj (ECanbMOTSRegsFile)

ECanbMOTORegsFile 
*          1    000062c0    00000040     UNINITIALIZED
                  000062c0    00000040     DSP2833x_GlobalVariableDefs.obj (ECanbMOTORegsFile)

ECanbMboxesFile 
*          1    00006300    00000100     UNINITIALIZED
                  00006300    00000100     DSP2833x_GlobalVariableDefs.obj (ECanbMboxesFile)

EPwm1RegsFile 
*          1    00006800    00000022     UNINITIALIZED
                  00006800    00000022     DSP2833x_GlobalVariableDefs.obj (EPwm1RegsFile)

EPwm2RegsFile 
*          1    00006840    00000022     UNINITIALIZED
                  00006840    00000022     DSP2833x_GlobalVariableDefs.obj (EPwm2RegsFile)

EPwm3RegsFile 
*          1    00006880    00000022     UNINITIALIZED
                  00006880    00000022     DSP2833x_GlobalVariableDefs.obj (EPwm3RegsFile)

EPwm4RegsFile 
*          1    000068c0    00000022     UNINITIALIZED
                  000068c0    00000022     DSP2833x_GlobalVariableDefs.obj (EPwm4RegsFile)

EPwm5RegsFile 
*          1    00006900    00000022     UNINITIALIZED
                  00006900    00000022     DSP2833x_GlobalVariableDefs.obj (EPwm5RegsFile)

EPwm6RegsFile 
*          1    00006940    00000022     UNINITIALIZED
                  00006940    00000022     DSP2833x_GlobalVariableDefs.obj (EPwm6RegsFile)

ECap1RegsFile 
*          1    00006a00    00000020     UNINITIALIZED
                  00006a00    00000020     DSP2833x_GlobalVariableDefs.obj (ECap1RegsFile)

ECap2RegsFile 
*          1    00006a20    00000020     UNINITIALIZED
                  00006a20    00000020     DSP2833x_GlobalVariableDefs.obj (ECap2RegsFile)

ECap3RegsFile 
*          1    00006a40    00000020     UNINITIALIZED
                  00006a40    00000020     DSP2833x_GlobalVariableDefs.obj (ECap3RegsFile)

ECap4RegsFile 
*          1    00006a60    00000020     UNINITIALIZED
                  00006a60    00000020     DSP2833x_GlobalVariableDefs.obj (ECap4RegsFile)

ECap5RegsFile 
*          1    00006a80    00000020     UNINITIALIZED
                  00006a80    00000020     DSP2833x_GlobalVariableDefs.obj (ECap5RegsFile)

ECap6RegsFile 
*          1    00006aa0    00000020     UNINITIALIZED
                  00006aa0    00000020     DSP2833x_GlobalVariableDefs.obj (ECap6RegsFile)

EQep1RegsFile 
*          1    00006b00    00000040     UNINITIALIZED
                  00006b00    00000040     DSP2833x_GlobalVariableDefs.obj (EQep1RegsFile)

EQep2RegsFile 
*          1    00006b40    00000040     UNINITIALIZED
                  00006b40    00000040     DSP2833x_GlobalVariableDefs.obj (EQep2RegsFile)

GpioCtrlRegsFile 
*          1    00006f80    0000002e     UNINITIALIZED
                  00006f80    0000002e     DSP2833x_GlobalVariableDefs.obj (GpioCtrlRegsFile)

GpioDataRegsFile 
*          1    00006fc0    00000020     UNINITIALIZED
                  00006fc0    00000020     DSP2833x_GlobalVariableDefs.obj (GpioDataRegsFile)

GpioIntRegsFile 
*          1    00006fe0    0000000a     UNINITIALIZED
                  00006fe0    0000000a     DSP2833x_GlobalVariableDefs.obj (GpioIntRegsFile)

SysCtrlRegsFile 
*          1    00007010    00000020     UNINITIALIZED
                  00007010    00000020     DSP2833x_GlobalVariableDefs.obj (SysCtrlRegsFile)

SpiaRegsFile 
*          1    00007040    00000010     UNINITIALIZED
                  00007040    00000010     DSP2833x_GlobalVariableDefs.obj (SpiaRegsFile)

SciaRegsFile 
*          1    00007050    00000010     UNINITIALIZED
                  00007050    00000010     DSP2833x_GlobalVariableDefs.obj (SciaRegsFile)

XIntruptRegsFile 
*          1    00007070    00000010     UNINITIALIZED
                  00007070    00000010     DSP2833x_GlobalVariableDefs.obj (XIntruptRegsFile)

AdcRegsFile 
*          1    00007100    0000001e     UNINITIALIZED
                  00007100    0000001e     DSP2833x_GlobalVariableDefs.obj (AdcRegsFile)

ScibRegsFile 
*          1    00007750    00000010     UNINITIALIZED
                  00007750    00000010     DSP2833x_GlobalVariableDefs.obj (ScibRegsFile)

ScicRegsFile 
*          1    00007770    00000010     UNINITIALIZED
                  00007770    00000010     DSP2833x_GlobalVariableDefs.obj (ScicRegsFile)

I2caRegsFile 
*          1    00007900    00000022     UNINITIALIZED
                  00007900    00000022     DSP2833x_GlobalVariableDefs.obj (I2caRegsFile)

CsmPwlFile 
*          1    003f7ff8    00000008     UNINITIALIZED
                  003f7ff8    00000008     DSP2833x_GlobalVariableDefs.obj (CsmPwlFile)

.bss       1    00009000    00000000     UNINITIALIZED

.ebss      1    00009000    00002012     UNINITIALIZED
                  00009000    00001888     28335_serial.obj (.ebss)
                  0000a888    00000030     28335_spi.obj (.ebss)
                  0000a8b8    00000008     bios.a28FP : knl_tick.o28FP (.ebss)
                  0000a8c0    000002c0     user_CRSRobot.obj (.ebss)
                  0000ab80    00000226     final_project.obj (.ebss)
                  0000ada6    00000018     DSP2833x_CpuTimers.obj (.ebss)
                  0000adbe    00000002     28335_inits.obj (.ebss)
                  0000adc0    00000100     rts2800_fpu32.lib : atexit.obj (.ebss)
                  0000aec0    00000090     bios.a28FP : knl.o28FP (.ebss)
                  0000af50    00000028                : tsk_stup.o28FP (.ebss)
                  0000af78    00000006                : utl_putc.o28FP (.ebss)
                  0000af7e    00000002     rts2800_fpu32.lib : _lock.obj (.ebss:__lock)
                  0000af80    00000043     CRSRobotcfg.obj (.ebss)
                  0000afc3    00000001     rts2800_fpu32.lib : errno.obj (.ebss)
                  0000afc4    00000020     bios.a28FP : tsk.o28FP (.ebss)
                  0000afe4    00000014                : sys.o28FP (.ebss)
                  0000aff8    00000006     rtdxfp.lib : buffer1.o28FP (.ebss)
                  0000affe    00000002     rts2800_fpu32.lib : _lock.obj (.ebss:__unlock)
                  0000b000    00000004     28335_pwm.obj (.ebss)
                  0000b004    00000004     bios.a28FP : clk_data.o28FP (.ebss)
                  0000b008    00000004     rts2800_fpu32.lib : exit.obj (.ebss)
                  0000b00c    00000002     bios.a28FP : clk_data2.o28FP (.ebss)
                  0000b00e    00000002     rts2800_fpu32.lib : sinit.obj (.ebss)
                  0000b010    00000002     bios.a28FP : mem_asm.o28FP (.ebss)

.stack     1    0000b012    00000c00     UNINITIALIZED
                  0000b012    00000c00     --HOLE--

.hwi_disp_sec 
*          1    0000bc12    00000301     UNINITIALIZED
                  0000bc12    00000301     bios.a28FP : hwi_disp_asm.o28FP (.hwi_disp_sec)

.L1SARAM$heap 
*          1    0000bf13    00000200     UNINITIALIZED
                  0000bf13    00000200     --HOLE--

.mem       1    0000c113    00000001     UNINITIALIZED
                  0000c113    00000001     CRSRobotcfg.obj (.mem)

.TSK_idle$stk 
*          1    0000c114    00000200     UNINITIALIZED
                  0000c114    00000200     CRSRobotcfg.obj (.TSK_idle$stk)

.trace     1    0000c314    00000200     
                  0000c314    00000200     --HOLE-- [fill = 0000]

.tsk       1    0000c514    0000002a     UNINITIALIZED
                  0000c514    0000002a     CRSRobotcfg.obj (.tsk)

.my_arrs   1    0000c540    000001c8     UNINITIALIZED
                  0000c540    000001c8     final_project.obj (.my_arrs)

.my_vars   1    0000ca9a    00000006     UNINITIALIZED
                  0000ca9a    00000004     final_project.obj (.my_vars)
                  0000ca9e    00000002     user_CRSRobot.obj (.my_vars)

.vers      0    00000000    00000040     COPY SECTION
                  00000000    00000040     CRSRobotcfg.obj (.vers)

.rtdx_data 
*          1    0000c708    00000124     UNINITIALIZED
                  0000c708    00000102     CRSRobotcfg.obj (.rtdx_data)
                  0000c80a    00000010     rtdxfp.lib : buffer1.o28FP (.rtdx_data)
                  0000c81a    0000000e                : rtdx_mon.o28FP (.rtdx_data)
                  0000c828    00000004     bios.a28FP : rtdx_data.o28FP (.rtdx_data)

.sysdata   1    0000c82c    000000c0     UNINITIALIZED
                  0000c82c    000000a2     bios.a28FP : biosdata.o28FP (.sysdata)
                  0000c8ce    00000016                : rta.o28FP (.sysdata)
                  0000c8e4    00000006     lnkrtdx.a28FP : rtdx.o28FP (.sysdata)
                  0000c8ea    00000002     bios.a28FP : idl_busy.o28FP (.sysdata)

.prd       1    0000c8ec    0000000c     UNINITIALIZED
                  0000c8ec    0000000c     CRSRobotcfg.obj (.prd)

.hst1      1    0000c8f8    00000008     UNINITIALIZED
                  0000c8f8    00000008     CRSRobotcfg.obj (.hst1)

.pip       1    0000c900    00000080     UNINITIALIZED
                  0000c900    00000080     CRSRobotcfg.obj (.pip)

.swi       1    0000c980    00000064     UNINITIALIZED
                  0000c980    00000064     CRSRobotcfg.obj (.swi)

.idl       1    0000ca82    00000008     UNINITIALIZED
                  0000ca82    00000008     CRSRobotcfg.obj (.idl)

.idlcal    1    0000ca8a    00000008     UNINITIALIZED
                  0000ca8a    00000008     CRSRobotcfg.obj (.idlcal)

.clk       1    0000caa4    00000004     UNINITIALIZED
                  0000caa4    00000004     CRSRobotcfg.obj (.clk)

.printf    0    003057f7    000000c4     COPY SECTION
                  003057f7    000000c4     CRSRobotcfg.obj (.printf)

.hst0      1    0000c9e4    00000040     UNINITIALIZED
                  0000c9e4    00000040     CRSRobotcfg.obj (.hst0)

.sts       1    0000ca24    00000040     UNINITIALIZED
                  0000ca24    00000040     CRSRobotcfg.obj (.sts)

.hst       1    0000ca64    0000001e     UNINITIALIZED
                  0000ca64    0000001e     CRSRobotcfg.obj (.hst)

.sys       1    0000ca92    00000008     UNINITIALIZED
                  0000ca92    00000008     CRSRobotcfg.obj (.sys)

.args      1    0000caa0    00000004     
                  0000caa0    00000004     --HOLE-- [fill = 0]


GLOBAL DATA SYMBOLS: SORTED BY DATA PAGE

address     data page           name
--------    ----------------    ----
00000002       0 (00000000)     LOG_system
0000000c       0 (00000000)     trace

00000040       1 (00000040)     trace$buf

00000080       2 (00000080)     LOG_system$buf

00000880      22 (00000880)     _DevEmuRegs

00000a80      2a (00000a80)     _FlashRegs

00000ae0      2b (00000ac0)     _CsmRegs

00000b00      2c (00000b00)     _AdcMirror
00000b20      2c (00000b00)     _XintfRegs

00000c00      30 (00000c00)     _CpuTimer0Regs
00000c08      30 (00000c00)     _CpuTimer1Regs
00000c10      30 (00000c00)     _CpuTimer2Regs

00000ce0      33 (00000cc0)     _PieCtrlRegs

00000d00      34 (00000d00)     _PieVectTable
00000d00      34 (00000d00)     hwi0
00000d02      34 (00000d00)     hwi1
00000d04      34 (00000d00)     hwi2
00000d06      34 (00000d00)     hwi3
00000d08      34 (00000d00)     hwi4
00000d0a      34 (00000d00)     hwi5
00000d0c      34 (00000d00)     hwi6
00000d0e      34 (00000d00)     hwi7
00000d10      34 (00000d00)     hwi8
00000d12      34 (00000d00)     hwi9
00000d14      34 (00000d00)     hwi10
00000d16      34 (00000d00)     hwi11
00000d18      34 (00000d00)     hwi12
00000d1a      34 (00000d00)     hwi13
00000d1c      34 (00000d00)     hwi14
00000d1e      34 (00000d00)     hwi15
00000d20      34 (00000d00)     hwi16
00000d22      34 (00000d00)     hwi17
00000d24      34 (00000d00)     hwi18
00000d26      34 (00000d00)     hwi19
00000d28      34 (00000d00)     hwi20
00000d2a      34 (00000d00)     hwi21
00000d2c      34 (00000d00)     hwi22
00000d2e      34 (00000d00)     hwi23
00000d30      34 (00000d00)     hwi24
00000d32      34 (00000d00)     hwi25
00000d34      34 (00000d00)     hwi26
00000d36      34 (00000d00)     hwi27
00000d38      34 (00000d00)     hwi28
00000d3a      34 (00000d00)     hwi29
00000d3c      34 (00000d00)     hwi30
00000d3e      34 (00000d00)     hwi31

00000d40      35 (00000d40)     hwi32
00000d42      35 (00000d40)     hwi33
00000d44      35 (00000d40)     hwi34
00000d46      35 (00000d40)     hwi35
00000d48      35 (00000d40)     hwi36
00000d4a      35 (00000d40)     hwi37
00000d4c      35 (00000d40)     hwi38
00000d4e      35 (00000d40)     hwi39
00000d50      35 (00000d40)     hwi40
00000d52      35 (00000d40)     hwi41
00000d54      35 (00000d40)     hwi42
00000d56      35 (00000d40)     hwi43
00000d58      35 (00000d40)     hwi44
00000d5a      35 (00000d40)     hwi45
00000d5c      35 (00000d40)     hwi46
00000d5e      35 (00000d40)     hwi47
00000d60      35 (00000d40)     hwi48
00000d62      35 (00000d40)     hwi49
00000d64      35 (00000d40)     hwi50
00000d66      35 (00000d40)     hwi51
00000d68      35 (00000d40)     hwi52
00000d6a      35 (00000d40)     hwi53
00000d6c      35 (00000d40)     hwi54
00000d6e      35 (00000d40)     hwi55
00000d70      35 (00000d40)     hwi56
00000d72      35 (00000d40)     hwi57
00000d74      35 (00000d40)     hwi58
00000d76      35 (00000d40)     hwi59
00000d78      35 (00000d40)     hwi60
00000d7a      35 (00000d40)     hwi61
00000d7c      35 (00000d40)     hwi62
00000d7e      35 (00000d40)     hwi63

00000d80      36 (00000d80)     hwi64
00000d82      36 (00000d80)     hwi65
00000d84      36 (00000d80)     hwi66
00000d86      36 (00000d80)     hwi67
00000d88      36 (00000d80)     hwi68
00000d8a      36 (00000d80)     hwi69
00000d8c      36 (00000d80)     hwi70
00000d8e      36 (00000d80)     hwi71
00000d90      36 (00000d80)     hwi72
00000d92      36 (00000d80)     hwi73
00000d94      36 (00000d80)     hwi74
00000d96      36 (00000d80)     hwi75
00000d98      36 (00000d80)     hwi76
00000d9a      36 (00000d80)     hwi77
00000d9c      36 (00000d80)     hwi78
00000d9e      36 (00000d80)     hwi79
00000da0      36 (00000d80)     hwi80
00000da2      36 (00000d80)     hwi81
00000da4      36 (00000d80)     hwi82
00000da6      36 (00000d80)     hwi83
00000da8      36 (00000d80)     hwi84
00000daa      36 (00000d80)     hwi85
00000dac      36 (00000d80)     hwi86
00000dae      36 (00000d80)     hwi87
00000db0      36 (00000d80)     hwi88
00000db2      36 (00000d80)     hwi89
00000db4      36 (00000d80)     hwi90
00000db6      36 (00000d80)     hwi91
00000db8      36 (00000d80)     hwi92
00000dba      36 (00000d80)     hwi93
00000dbc      36 (00000d80)     hwi94
00000dbe      36 (00000d80)     hwi95

00000dc0      37 (00000dc0)     hwi96
00000dc2      37 (00000dc0)     hwi97
00000dc4      37 (00000dc0)     hwi98
00000dc6      37 (00000dc0)     hwi99
00000dc8      37 (00000dc0)     hwi100
00000dca      37 (00000dc0)     hwi101
00000dcc      37 (00000dc0)     hwi102
00000dce      37 (00000dc0)     hwi103
00000dd0      37 (00000dc0)     hwi104
00000dd2      37 (00000dc0)     hwi105
00000dd4      37 (00000dc0)     hwi106
00000dd6      37 (00000dc0)     hwi107
00000dd8      37 (00000dc0)     hwi108
00000dda      37 (00000dc0)     hwi109
00000ddc      37 (00000dc0)     hwi110
00000dde      37 (00000dc0)     hwi111
00000de0      37 (00000dc0)     hwi112
00000de2      37 (00000dc0)     hwi113
00000de4      37 (00000dc0)     hwi114
00000de6      37 (00000dc0)     hwi115
00000de8      37 (00000dc0)     hwi116
00000dea      37 (00000dc0)     hwi117
00000dec      37 (00000dc0)     hwi118
00000dee      37 (00000dc0)     hwi119
00000df0      37 (00000dc0)     hwi120
00000df2      37 (00000dc0)     hwi121
00000df4      37 (00000dc0)     hwi122
00000df6      37 (00000dc0)     hwi123
00000df8      37 (00000dc0)     hwi124
00000dfa      37 (00000dc0)     hwi125
00000dfc      37 (00000dc0)     hwi126
00000dfe      37 (00000dc0)     hwi127

00001000      40 (00001000)     _DmaRegs

00005000     140 (00005000)     _McbspaRegs

00005040     141 (00005040)     _McbspbRegs

00006000     180 (00006000)     _ECanaRegs

00006040     181 (00006040)     _ECanaLAMRegs

00006080     182 (00006080)     _ECanaMOTSRegs

000060c0     183 (000060c0)     _ECanaMOTORegs

00006100     184 (00006100)     _ECanaMboxes

00006200     188 (00006200)     _ECanbRegs

00006240     189 (00006240)     _ECanbLAMRegs

00006280     18a (00006280)     _ECanbMOTSRegs

000062c0     18b (000062c0)     _ECanbMOTORegs

00006300     18c (00006300)     _ECanbMboxes

00006800     1a0 (00006800)     _EPwm1Regs

00006840     1a1 (00006840)     _EPwm2Regs

00006880     1a2 (00006880)     _EPwm3Regs

000068c0     1a3 (000068c0)     _EPwm4Regs

00006900     1a4 (00006900)     _EPwm5Regs

00006940     1a5 (00006940)     _EPwm6Regs

00006a00     1a8 (00006a00)     _ECap1Regs
00006a20     1a8 (00006a00)     _ECap2Regs

00006a40     1a9 (00006a40)     _ECap3Regs
00006a60     1a9 (00006a40)     _ECap4Regs

00006a80     1aa (00006a80)     _ECap5Regs
00006aa0     1aa (00006a80)     _ECap6Regs

00006b00     1ac (00006b00)     _EQep1Regs

00006b40     1ad (00006b40)     _EQep2Regs

00006f80     1be (00006f80)     _GpioCtrlRegs

00006fc0     1bf (00006fc0)     _GpioDataRegs
00006fe0     1bf (00006fc0)     _GpioIntRegs

00007010     1c0 (00007000)     _SysCtrlRegs

00007040     1c1 (00007040)     _SpiaRegs
00007050     1c1 (00007040)     _SciaRegs
00007070     1c1 (00007040)     _XIntruptRegs

00007100     1c4 (00007100)     _AdcRegs

00007750     1dd (00007740)     _ScibRegs
00007770     1dd (00007740)     _ScicRegs

00007900     1e4 (00007900)     _I2caRegs

00008187     206 (00008180)     TRC_cinit
00008188     206 (00008180)     TRC_R_mask
00008188     206 (00008180)     _TRC_R_mask
00008189     206 (00008180)     GBL_initdone

00009000     240 (00009000)     _SerialB

00009840     261 (00009840)     _SerialA

0000a080     282 (0000a080)     _SerialC

0000a888     2a2 (0000a880)     _dummy
0000a889     2a2 (0000a880)     _SPIenc_state_errors
0000a88a     2a2 (0000a880)     _dac2data
0000a88b     2a2 (0000a880)     _dac1data
0000a88c     2a2 (0000a880)     _SPIenc_state
0000a88e     2a2 (0000a880)     _pwm4
0000a890     2a2 (0000a880)     _pwm5
0000a892     2a2 (0000a880)     _pwm2
0000a894     2a2 (0000a880)     _pwm3
0000a896     2a2 (0000a880)     _dec4
0000a898     2a2 (0000a880)     _dec3
0000a89a     2a2 (0000a880)     _errortoosoon
0000a89c     2a2 (0000a880)     _dec1
0000a89e     2a2 (0000a880)     _pwm1
0000a8a0     2a2 (0000a880)     _dec5
0000a8a2     2a2 (0000a880)     _dec2
0000a8a4     2a2 (0000a880)     _SPIbyte4
0000a8a6     2a2 (0000a880)     _SPIbyte5
0000a8a8     2a2 (0000a880)     _SPIbyte3
0000a8aa     2a2 (0000a880)     _SPIbyte1
0000a8ac     2a2 (0000a880)     _SPIbyte2
0000a8ae     2a2 (0000a880)     _SPIenc4_reading
0000a8b0     2a2 (0000a880)     _SPIenc5_reading
0000a8b2     2a2 (0000a880)     _SPIenc3_reading
0000a8b4     2a2 (0000a880)     _SPIenc1_reading
0000a8b6     2a2 (0000a880)     _SPIenc2_reading

0000a8c0     2a3 (0000a8c0)     _SIMU_Var4_fromSIMU_16bit
0000a8c1     2a3 (0000a8c0)     _SIMU_Var2_fromSIMU_16bit
0000a8c2     2a3 (0000a8c0)     _SIMU_Var3_fromSIMU_16bit
0000a8c3     2a3 (0000a8c0)     _SIMU_Var7_fromSIMU_16bit
0000a8c4     2a3 (0000a8c0)     _Main_sendingarray
0000a8c5     2a3 (0000a8c0)     _SIMU_Var5_fromSIMU_16bit
0000a8c6     2a3 (0000a8c0)     _SIMU_Var6_fromSIMU_16bit
0000a8c7     2a3 (0000a8c0)     _UARTbeginnewdata
0000a8c8     2a3 (0000a8c0)     _UARTdatacollect
0000a8c9     2a3 (0000a8c0)     _UARTsensordatatimeouterror
0000a8ca     2a3 (0000a8c0)     _SIMU_databyte1
0000a8cb     2a3 (0000a8c0)     _SIMU_Var1_fromSIMU_16bit
0000a8cc     2a3 (0000a8c0)     _UARTtransmissionerror
0000a8cd     2a3 (0000a8c0)     _UARTreceivelength
0000a8ce     2a3 (0000a8c0)     _Main_memcount
0000a8cf     2a3 (0000a8c0)     _Main_j
0000a8d0     2a3 (0000a8c0)     _SIMU_checkfirstcommandbyte
0000a8d1     2a3 (0000a8c0)     _shutoffEnc5error
0000a8d2     2a3 (0000a8c0)     _SIMU_beginnewdata
0000a8d3     2a3 (0000a8c0)     _Main_safetymode
0000a8d4     2a3 (0000a8c0)     _SIMU_Tranaction_Type
0000a8d5     2a3 (0000a8c0)     _SIMU_datacollect
0000a8d6     2a3 (0000a8c0)     _Main_i
0000a8d8     2a3 (0000a8c0)     _matlabLockshadow
0000a8da     2a3 (0000a8c0)     _Main_Kp5_short
0000a8dc     2a3 (0000a8c0)     _ptrmemloc
0000a8de     2a3 (0000a8c0)     _memloc
0000a8e0     2a3 (0000a8c0)     _Main_tempf
0000a8e2     2a3 (0000a8c0)     _Main_Kd4
0000a8e4     2a3 (0000a8c0)     _Main_Kd3
0000a8e6     2a3 (0000a8c0)     _Main_Kp1_long
0000a8e8     2a3 (0000a8c0)     _Main_Kd5
0000a8ea     2a3 (0000a8c0)     _Main_Kp5
0000a8ec     2a3 (0000a8c0)     _Main_Kp4
0000a8ee     2a3 (0000a8c0)     _Main_Kd2
0000a8f0     2a3 (0000a8c0)     _Main_Kd1
0000a8f2     2a3 (0000a8c0)     _Main_Kp2_short
0000a8f4     2a3 (0000a8c0)     _Main_Kp1_short
0000a8f6     2a3 (0000a8c0)     _Main_Kp4_short
0000a8f8     2a3 (0000a8c0)     _Main_Kp3_short
0000a8fa     2a3 (0000a8c0)     _Main_Kp3_long
0000a8fc     2a3 (0000a8c0)     _Main_Kp2_long
0000a8fe     2a3 (0000a8c0)     _Main_Kp5_long

0000a900     2a4 (0000a900)     _Main_u1_old
0000a902     2a4 (0000a900)     _Main_IntegralSum
0000a904     2a4 (0000a900)     _Main_u3_old
0000a906     2a4 (0000a900)     _Main_u2_old
0000a908     2a4 (0000a900)     _Main_u1Integral
0000a90a     2a4 (0000a900)     _Main_zk
0000a90c     2a4 (0000a900)     _Main_u3Integral
0000a90e     2a4 (0000a900)     _Main_u2Integral
0000a910     2a4 (0000a900)     _SIMU_Var2_toSIMU_32bit
0000a912     2a4 (0000a900)     _SIMU_Var1_toSIMU_32bit
0000a914     2a4 (0000a900)     _SIMU_Var4_toSIMU_32bit
0000a916     2a4 (0000a900)     _Main_thetaDH2
0000a918     2a4 (0000a900)     _Main_thetaDH1
0000a91a     2a4 (0000a900)     _Main_cosq1
0000a91c     2a4 (0000a900)     _Main_thetaDH3
0000a91e     2a4 (0000a900)     _Main_labtau1
0000a920     2a4 (0000a900)     _Main_Kp4_long
0000a922     2a4 (0000a900)     _Main_labtau3
0000a924     2a4 (0000a900)     _Main_labtau2
0000a926     2a4 (0000a900)     _Main_xk
0000a928     2a4 (0000a900)     _Main_sinq3
0000a92a     2a4 (0000a900)     _SIMU_Var3_toSIMU_32bit
0000a92c     2a4 (0000a900)     _Main_yk
0000a92e     2a4 (0000a900)     _Main_cosq2
0000a930     2a4 (0000a900)     _Main_sinq1
0000a932     2a4 (0000a900)     _Main_cosq3
0000a934     2a4 (0000a900)     _Main_sinq2
0000a936     2a4 (0000a900)     _Main_v1
0000a938     2a4 (0000a900)     _Main_value_enc2
0000a93a     2a4 (0000a900)     _Main_v1old2
0000a93c     2a4 (0000a900)     _Main_v1old1
0000a93e     2a4 (0000a900)     _testvar

0000a940     2a5 (0000a940)     _Main_Enc5_rad
0000a942     2a5 (0000a940)     _Main_value_enc1
0000a944     2a5 (0000a940)     _testvar2
0000a946     2a5 (0000a940)     _Main_angle1_ref
0000a948     2a5 (0000a940)     _Main_v2old1
0000a94a     2a5 (0000a940)     _Main_v2
0000a94c     2a5 (0000a940)     _Main_angle2_ref
0000a94e     2a5 (0000a940)     _Main_v2old2
0000a950     2a5 (0000a940)     _Main_Enc1_rad_old
0000a952     2a5 (0000a940)     _Main_u1
0000a954     2a5 (0000a940)     _Main_e1_thresh
0000a956     2a5 (0000a940)     _Main_e1
0000a958     2a5 (0000a940)     _Main_Enc2_rad
0000a95a     2a5 (0000a940)     _Main_Enc1_rad
0000a95c     2a5 (0000a940)     _Main_Enc4_rad
0000a95e     2a5 (0000a940)     _Main_Enc3_rad
0000a960     2a5 (0000a940)     _Main_timeint
0000a962     2a5 (0000a940)     _Main_u2
0000a964     2a5 (0000a940)     _Main_e4
0000a966     2a5 (0000a940)     _Main_Enc4_rad_old
0000a968     2a5 (0000a940)     _Main_v5
0000a96a     2a5 (0000a940)     _Main_e4_thresh
0000a96c     2a5 (0000a940)     _Main_v5old1
0000a96e     2a5 (0000a940)     _Main_v4old1
0000a970     2a5 (0000a940)     _Main_v4
0000a972     2a5 (0000a940)     _Main_angle4_ref
0000a974     2a5 (0000a940)     _Main_v4old2
0000a976     2a5 (0000a940)     _Main_e5_thresh
0000a978     2a5 (0000a940)     _Main_e5
0000a97a     2a5 (0000a940)     _Main_Kp2
0000a97c     2a5 (0000a940)     _Main_Kp1
0000a97e     2a5 (0000a940)     _Main_Kp3

0000a980     2a6 (0000a980)     _Main_v5old2
0000a982     2a6 (0000a980)     _Main_u4
0000a984     2a6 (0000a980)     _Main_u5
0000a986     2a6 (0000a980)     _Main_angle5_ref
0000a988     2a6 (0000a980)     _Main_v3old2
0000a98a     2a6 (0000a980)     _Main_v3old1
0000a98c     2a6 (0000a980)     _Main_Enc2_rad_old
0000a98e     2a6 (0000a980)     _Main_e2
0000a990     2a6 (0000a980)     _Main_e2_thresh
0000a992     2a6 (0000a980)     _Main_angle3_ref
0000a994     2a6 (0000a980)     _Main_v3
0000a996     2a6 (0000a980)     _Main_Enc5_rad_old
0000a998     2a6 (0000a980)     _Main_e3_thresh
0000a99a     2a6 (0000a980)     _Main_Enc3_rad_old
0000a99c     2a6 (0000a980)     _Main_e3
0000a99e     2a6 (0000a980)     _Main_u3
0000a9a0     2a6 (0000a980)     _Main_enc2
0000a9aa     2a6 (0000a980)     _Main_enc1

0000a9c0     2a7 (0000a9c0)     _SIMU_TXrawbytes
0000a9d0     2a7 (0000a9c0)     _Main_address
0000a9e4     2a7 (0000a9c0)     _Main_value

0000aa00     2a8 (0000aa00)     _UARTMessageArray

0000aa80     2aa (0000aa80)     _Main_SendArray2

0000ab00     2ac (0000ab00)     _Main_SendArray

0000ab80     2ae (0000ab80)     _counter
0000ab81     2ae (0000ab80)     _simval
0000ab82     2ae (0000ab80)     _controller
0000ab83     2ae (0000ab80)     _robot_state
0000ab84     2ae (0000ab80)     _started
0000ab85     2ae (0000ab80)     _start_cnt
0000ab86     2ae (0000ab80)     _total_time
0000ab87     2ae (0000ab80)     _direction
0000ab88     2ae (0000ab80)     _i
0000ab89     2ae (0000ab80)     _egg_cnt
0000ab8a     2ae (0000ab80)     _competition_time
0000ab8b     2ae (0000ab80)     _time_recorded
0000ab8c     2ae (0000ab80)     _competition_counter
0000ab8e     2ae (0000ab80)     _R32
0000ab90     2ae (0000ab80)     _R11
0000ab92     2ae (0000ab80)     _RT11
0000ab94     2ae (0000ab80)     _R33
0000ab96     2ae (0000ab80)     _RT12
0000ab98     2ae (0000ab80)     _R31
0000ab9a     2ae (0000ab80)     _R21
0000ab9c     2ae (0000ab80)     _R13
0000ab9e     2ae (0000ab80)     _R23
0000aba0     2ae (0000ab80)     _R22
0000aba2     2ae (0000ab80)     _RT32
0000aba4     2ae (0000ab80)     _RT31
0000aba6     2ae (0000ab80)     _RT33
0000aba8     2ae (0000ab80)     _J12
0000abaa     2ae (0000ab80)     _J11
0000abac     2ae (0000ab80)     _RT13
0000abae     2ae (0000ab80)     _R12
0000abb0     2ae (0000ab80)     _RT21
0000abb2     2ae (0000ab80)     _RT23
0000abb4     2ae (0000ab80)     _RT22
0000abb6     2ae (0000ab80)     _JT_12
0000abb8     2ae (0000ab80)     _JT_13
0000abba     2ae (0000ab80)     _sinq3
0000abbc     2ae (0000ab80)     _JT_22
0000abbe     2ae (0000ab80)     _JT_23

0000abc0     2af (0000abc0)     _JT_11
0000abc2     2af (0000abc0)     _sinq1
0000abc4     2af (0000abc0)     _cosq2
0000abc6     2af (0000abc0)     _G3
0000abc8     2af (0000abc0)     _cosq3
0000abca     2af (0000abc0)     _JT_21
0000abcc     2af (0000abc0)     _cosq1
0000abce     2af (0000abc0)     _sinq2
0000abd0     2af (0000abc0)     _siny
0000abd2     2af (0000abc0)     _thetaz
0000abd4     2af (0000abc0)     _sinx
0000abd6     2af (0000abc0)     _thetay
0000abd8     2af (0000abc0)     _J13
0000abda     2af (0000abc0)     _cosy
0000abdc     2af (0000abc0)     _JT_33
0000abde     2af (0000abc0)     _cosz
0000abe0     2af (0000abc0)     _JT_31
0000abe2     2af (0000abc0)     _cosx
0000abe4     2af (0000abc0)     _thetax
0000abe6     2af (0000abc0)     _JT_32
0000abe8     2af (0000abc0)     _Kpyn
0000abea     2af (0000abc0)     _Kpxn
0000abec     2af (0000abc0)     _Kpzn
0000abee     2af (0000abc0)     _Kdyn
0000abf0     2af (0000abc0)     _Kdxn
0000abf2     2af (0000abc0)     _Kdzn
0000abf4     2af (0000abc0)     _startz
0000abf6     2af (0000abc0)     _starty
0000abf8     2af (0000abc0)     _zzz
0000abfa     2af (0000abc0)     _endy
0000abfc     2af (0000abc0)     _endx
0000abfe     2af (0000abc0)     _endz

0000ac00     2b0 (0000ac00)     _xbound
0000ac02     2b0 (0000ac00)     _total_timez
0000ac04     2b0 (0000ac00)     _ybound
0000ac06     2b0 (0000ac00)     _total_timex
0000ac08     2b0 (0000ac00)     _zbound
0000ac0a     2b0 (0000ac00)     _total_timey
0000ac0c     2b0 (0000ac00)     _y_prev
0000ac0e     2b0 (0000ac00)     _x_prev
0000ac10     2b0 (0000ac00)     _z_prev
0000ac12     2b0 (0000ac00)     _inside_mult2
0000ac14     2b0 (0000ac00)     _inside_mult1
0000ac16     2b0 (0000ac00)     _inside_mult3
0000ac18     2b0 (0000ac00)     _velocity
0000ac1a     2b0 (0000ac00)     _J33
0000ac1c     2b0 (0000ac00)     _zz_speed
0000ac1e     2b0 (0000ac00)     _yd
0000ac20     2b0 (0000ac00)     _xd
0000ac22     2b0 (0000ac00)     _zd
0000ac24     2b0 (0000ac00)     _J21
0000ac26     2b0 (0000ac00)     _sinz
0000ac28     2b0 (0000ac00)     _J22
0000ac2a     2b0 (0000ac00)     _J31
0000ac2c     2b0 (0000ac00)     _J23
0000ac2e     2b0 (0000ac00)     _J32
0000ac30     2b0 (0000ac00)     _z_dot
0000ac32     2b0 (0000ac00)     _noegg
0000ac34     2b0 (0000ac00)     _zd_dot
0000ac36     2b0 (0000ac00)     _xd_dot
0000ac38     2b0 (0000ac00)     _yd_dot
0000ac3a     2b0 (0000ac00)     _startx
0000ac3c     2b0 (0000ac00)     _deltay
0000ac3e     2b0 (0000ac00)     _deltax

0000ac40     2b1 (0000ac40)     _deltaz
0000ac42     2b1 (0000ac40)     _x_dot
0000ac44     2b1 (0000ac40)     _delta
0000ac46     2b1 (0000ac40)     _y_dot
0000ac48     2b1 (0000ac40)     _tau3p
0000ac4a     2b1 (0000ac40)     _tau2p
0000ac4c     2b1 (0000ac40)     _theta1_prev
0000ac4e     2b1 (0000ac40)     _theta3_prev
0000ac50     2b1 (0000ac40)     _theta2_prev
0000ac52     2b1 (0000ac40)     _theta1_dot
0000ac54     2b1 (0000ac40)     _Simulink_PlotVar1
0000ac56     2b1 (0000ac40)     _theta3calc_m
0000ac58     2b1 (0000ac40)     _Simulink_PlotVar2
0000ac5a     2b1 (0000ac40)     _Simulink_PlotVar4
0000ac5c     2b1 (0000ac40)     _Simulink_PlotVar3
0000ac5e     2b1 (0000ac40)     _tau1p
0000ac60     2b1 (0000ac40)     _theta3_int
0000ac62     2b1 (0000ac40)     _theta2_int
0000ac64     2b1 (0000ac40)     _theta1_threshold
0000ac66     2b1 (0000ac40)     _theta3_threshold
0000ac68     2b1 (0000ac40)     _theta2_threshold
0000ac6a     2b1 (0000ac40)     _tau1_prev
0000ac6c     2b1 (0000ac40)     _theta3_dot
0000ac6e     2b1 (0000ac40)     _theta2_dot
0000ac70     2b1 (0000ac40)     _theta1_dot_avg
0000ac72     2b1 (0000ac40)     _theta3_dot_avg
0000ac74     2b1 (0000ac40)     _theta2_dot_avg
0000ac76     2b1 (0000ac40)     _mycount
0000ac78     2b1 (0000ac40)     _offset_Enc3_rad
0000ac7a     2b1 (0000ac40)     _arrayindex
0000ac7c     2b1 (0000ac40)     _printtheta1motor
0000ac7e     2b1 (0000ac40)     _offset_Enc2_rad

0000ac80     2b2 (0000ac80)     _theta3calc_dh
0000ac82     2b2 (0000ac80)     _theta2calc_dh
0000ac84     2b2 (0000ac80)     _D
0000ac86     2b2 (0000ac80)     _theta2calc_m
0000ac88     2b2 (0000ac80)     _theta1calc_m
0000ac8a     2b2 (0000ac80)     _theta1_int
0000ac8c     2b2 (0000ac80)     _printtheta3motor
0000ac8e     2b2 (0000ac80)     _printtheta2motor
0000ac90     2b2 (0000ac80)     _printx
0000ac92     2b2 (0000ac80)     _printz
0000ac94     2b2 (0000ac80)     _printy
0000ac96     2b2 (0000ac80)     _theta1calc_dh
0000ac98     2b2 (0000ac80)     _Cneg1
0000ac9a     2b2 (0000ac80)     _Vpos2
0000ac9c     2b2 (0000ac80)     _Cpos1
0000ac9e     2b2 (0000ac80)     _Vmid2
0000aca0     2b2 (0000ac80)     _Vneg2
0000aca2     2b2 (0000ac80)     _Cmid1
0000aca4     2b2 (0000ac80)     _t
0000aca6     2b2 (0000ac80)     _Vpos1
0000aca8     2b2 (0000ac80)     _q2
0000acaa     2b2 (0000ac80)     _Vneg1
0000acac     2b2 (0000ac80)     _Cpos2
0000acae     2b2 (0000ac80)     _q3
0000acb0     2b2 (0000ac80)     _D2
0000acb2     2b2 (0000ac80)     _D3
0000acb4     2b2 (0000ac80)     _Cneg3
0000acb6     2b2 (0000ac80)     _C3
0000acb8     2b2 (0000ac80)     _G2
0000acba     2b2 (0000ac80)     _lambda
0000acbc     2b2 (0000ac80)     _Vpos3
0000acbe     2b2 (0000ac80)     _Cpos3

0000acc0     2b3 (0000acc0)     _Vmid1
0000acc2     2b3 (0000acc0)     _Vneg3
0000acc4     2b3 (0000acc0)     _C2
0000acc6     2b3 (0000acc0)     _Cneg2
0000acc8     2b3 (0000acc0)     _Vmid3
0000acca     2b3 (0000acc0)     _qd
0000accc     2b3 (0000acc0)     _q
0000acce     2b3 (0000acc0)     _qdd
0000acd0     2b3 (0000acc0)     _error2
0000acd2     2b3 (0000acc0)     _error1
0000acd4     2b3 (0000acc0)     _error3
0000acd6     2b3 (0000acc0)     _tau3_prev
0000acd8     2b3 (0000acc0)     _tau2_prev
0000acda     2b3 (0000acc0)     _cnt
0000acdc     2b3 (0000acc0)     _t2
0000acde     2b3 (0000acc0)     _t1
0000ace0     2b3 (0000acc0)     _t3
0000ace2     2b3 (0000acc0)     _error1_prev
0000ace4     2b3 (0000acc0)     _theta2desired
0000ace6     2b3 (0000acc0)     _theta3desired
0000ace8     2b3 (0000acc0)     _error3_prev
0000acea     2b3 (0000acc0)     _theta1desired
0000acec     2b3 (0000acc0)     _z
0000acee     2b3 (0000acc0)     _q1
0000acf0     2b3 (0000acc0)     _x
0000acf2     2b3 (0000acc0)     _y
0000acf4     2b3 (0000acc0)     _error2_prev
0000acf6     2b3 (0000acc0)     _z_dot_prev
0000acfa     2b3 (0000acc0)     _theta3_dot_prev

0000ad00     2b4 (0000ad00)     _theta2_dot_prev
0000ad04     2b4 (0000ad00)     _y_dot_prev
0000ad08     2b4 (0000ad00)     _theta1_dot_prev
0000ad0c     2b4 (0000ad00)     _x_dot_prev

0000ad40     2b5 (0000ad40)     _trajectory

0000ada6     2b6 (0000ad80)     _CpuTimer1
0000adae     2b6 (0000ad80)     _CpuTimer2
0000adb6     2b6 (0000ad80)     _CpuTimer0
0000adbe     2b6 (0000ad80)     _McBSPb_read2
0000adbf     2b6 (0000ad80)     _McBSPb_read1

0000adc1     2b7 (0000adc0)     ___atexit_func_id__

0000aec0     2bb (0000aec0)     _KNL_curtime
0000aec1     2bb (0000aec0)     _KNL_wFlag
0000aec2     2bb (0000aec0)     _KNL_set
0000aec4     2bb (0000aec0)     _KNL_maxqueue
0000aec6     2bb (0000aec0)     _KNL_swiptr
0000aec8     2bb (0000aec0)     _KNL_curqueue
0000aeca     2bb (0000aec0)     _KNL_treadyfxn
0000aecc     2bb (0000aec0)     _KNL_idlefxn
0000aece     2bb (0000aec0)     _KNL_tcreatefxn
0000aed0     2bb (0000aec0)     _KNL_tdeletefxn
0000aed2     2bb (0000aec0)     _KNL_tswitchfxn
0000aed4     2bb (0000aec0)     _KNL_setpri
0000aed6     2bb (0000aec0)     _KNL_inactive
0000aed8     2bb (0000aec0)     _KNL_wList
0000aeda     2bb (0000aec0)     _KNL_alarm
0000aedc     2bb (0000aec0)     _KNL_curtask
0000aede     2bb (0000aec0)     _KNL_prevtask
0000aee0     2bb (0000aec0)     _KNL_priority
0000aee2     2bb (0000aec0)     _KNL_dummy

0000af00     2bc (0000af00)     _KNL_queues

0000af50     2bd (0000af40)     __TSK_mutex
0000af64     2bd (0000af40)     __MEM_mutex
0000af7e     2bd (0000af40)     __lock

0000af80     2be (0000af80)     _MEM_memtab
0000af86     2be (0000af80)     __HOOK_knlId
0000af87     2be (0000af80)     L1SARAM
0000af88     2be (0000af80)     RTA_fromHost$pipe$dtab
0000af90     2be (0000af80)     RTA_toHost$pipe$dtab
0000af96     2be (0000af80)     _OBJ_table
0000afb2     2be (0000af80)     TSK_config

0000afc0     2bf (0000afc0)     _TSK
0000afc2     2bf (0000afc0)     __HOOK_NUMHOOKS
0000afc3     2bf (0000afc0)     _errno
0000afc4     2bf (0000afc0)     _TSK_pid
0000afc5     2bf (0000afc0)     _TSK_nTasks
0000afc6     2bf (0000afc0)     _TSK_ATTRS
0000afd4     2bf (0000afc0)     _TSK_timerSem
0000afe4     2bf (0000afc0)     _SYS_exitStackPtr
0000afe6     2bf (0000afc0)     _SYS_exitStackTop
0000afe8     2bf (0000afc0)     _SYS_exitStack
0000aff8     2bf (0000afc0)     _rtdxNullChanCnt
0000aff9     2bf (0000afc0)     _rtdxNullFuncCnt
0000affe     2bf (0000afc0)     __unlock

0000b000     2c0 (0000b000)     _PWM4setupasRCservo
0000b001     2c0 (0000b000)     _PWM3setupasRCservo
0000b002     2c0 (0000b000)     _PWM5setupasRCservo
0000b003     2c0 (0000b000)     _dummy2
0000b004     2c0 (0000b000)     _CLK_D_microseconds
0000b006     2c0 (0000b000)     _CLK_DFLTMICROSECS
0000b008     2c0 (0000b000)     ___TI_cleanup_ptr
0000b00a     2c0 (0000b000)     ___TI_dtors_ptr
0000b00c     2c0 (0000b000)     _CLK_htimePerLtime
0000b010     2c0 (0000b000)     _MEM
0000b012     2c0 (0000b000)     __stack

0000bc12     2f0 (0000bc00)     _HWI_dispatchTab

0000bf12     2fc (0000bf00)     _HWI_D_intrNum

0000c114     304 (0000c100)     TSK_idle$stack
0000c114     304 (0000c100)     TSK_idle$stkptr

0000c514     314 (0000c500)     TSK_idle$obj
0000c51a     314 (0000c500)     TSK_idle

0000c540     315 (0000c540)     _theta1array

0000c640     319 (0000c640)     _theta2array

0000c708     31c (0000c700)     _RTDX_Buffer

0000c80a     320 (0000c800)     _RTDX_writing
0000c80c     320 (0000c800)     _rtdx_buffer_state
0000c81a     320 (0000c800)     _rtdx_mon_state
0000c828     320 (0000c800)     _RTDX_Buffer_End
0000c82a     320 (0000c800)     _RTDX_Buffer_Start
0000c82c     320 (0000c800)     C28_BIOSDATAOBJ
0000c82c     320 (0000c800)     _GBL_procId
0000c82e     320 (0000c800)     _GBL_clkIn
0000c830     320 (0000c800)     _GBL_freq
0000c832     320 (0000c800)     _CLK_htimeDiv
0000c834     320 (0000c800)     _CLK_htimeMult
0000c836     320 (0000c800)     _CLK_ltimeDiv
0000c838     320 (0000c800)     _CLK_ltimeMult
0000c83a     320 (0000c800)     _CLK_D_dirty
0000c83c     320 (0000c800)     _CLK_D_prd
0000c83e     320 (0000c800)     _CLK_D_tddr

0000c840     321 (0000c840)     _CLK_D_countspms
0000c842     321 (0000c840)     CLK_D_idletime
0000c844     321 (0000c840)     CLK_D_isrhook
0000c846     321 (0000c840)     CLK_D_tabbeg
0000c848     321 (0000c840)     CLK_D_timefxn
0000c84a     321 (0000c840)     CLK_R_timh
0000c84b     321 (0000c840)     CLK_R_timl
0000c84c     321 (0000c840)     HST_D_chanmask
0000c84e     321 (0000c840)     IDL_D_calbeg
0000c850     321 (0000c840)     IDL_D_calibrate
0000c852     321 (0000c840)     IDL_D_tabbeg
0000c854     321 (0000c840)     LOG_D_system
0000c854     321 (0000c840)     _LOG_D_system
0000c856     321 (0000c840)     PIP_D_tabbeg
0000c858     321 (0000c840)     PIP_D_tablen
0000c85a     321 (0000c840)     PRD_D_cur
0000c85c     321 (0000c840)     PRD_D_elapsed
0000c85d     321 (0000c840)     PRD_D_prevtim
0000c85e     321 (0000c840)     PRD_D_scalar
0000c860     321 (0000c840)     PRD_D_swihandle
0000c862     321 (0000c840)     PRD_D_tabbeg
0000c864     321 (0000c840)     PRD_D_tablen
0000c866     321 (0000c840)     PRD_D_thook
0000c868     321 (0000c840)     PRD_D_tickh
0000c869     321 (0000c840)     PRD_D_tickl
0000c869     321 (0000c840)     _PRD_D_tick
0000c86a     321 (0000c840)     SWI_D_runaddr
0000c86a     321 (0000c840)     _SWI_data
0000c86c     321 (0000c840)     SWI_D_execaddr
0000c86e     321 (0000c840)     SWI_D_curmask
0000c86e     321 (0000c840)     _SWI_D_curmask
0000c86f     321 (0000c840)     SWI_D_curset
0000c870     321 (0000c840)     SWI_D_lock
0000c870     321 (0000c840)     _SWI_D_lock
0000c871     321 (0000c840)     SWI_D_curmbox
0000c872     321 (0000c840)     SWI_D_curfxn
0000c872     321 (0000c840)     _SWI_D_curfxn
0000c874     321 (0000c840)     SWI_D_rdybeg
0000c874     321 (0000c840)     _SWI_D_rdybeg
0000c876     321 (0000c840)     SWI_D_rdytab

0000c8b2     322 (0000c880)     SWI_D_inswi
0000c8b2     322 (0000c880)     _SWI_D_inswi
0000c8b3     322 (0000c880)     HWI_D_spsave
0000c8b3     322 (0000c880)     _HWI_D_spsave
0000c8b3     322 (0000c880)     _HWI_data
0000c8b4     322 (0000c880)     HWI_D_stkbottomaddr
0000c8b6     322 (0000c880)     HWI_D_stktopaddr
0000c8b8     322 (0000c880)     HWI_D_inhwi
0000c8b8     322 (0000c880)     _HWI_D_inhwi
0000c8b9     322 (0000c880)     _MEM_D_NUMSEGMENTS
0000c8ba     322 (0000c880)     _MEM_D_memtab
0000c8bc     322 (0000c880)     _MEM_D_freelist
0000c8be     322 (0000c880)     _MEM_D_lockaddr

0000c8c0     323 (0000c8c0)     _MEM_D_unlockaddr
0000c8c2     323 (0000c8c0)     _SYS
0000c8c4     323 (0000c8c0)     HST_D_tabbegaddr
0000c8c6     323 (0000c8c0)     HST_D_tabendaddr
0000c8c8     323 (0000c8c0)     RTDX_D_BufRead
0000c8ca     323 (0000c8c0)     RTDX_D_BufWrite
0000c8cc     323 (0000c8c0)     RTDX_D_Poll
0000c8ce     323 (0000c8c0)     RTA_D_fromHost
0000c8d0     323 (0000c8c0)     RTA_D_toHost
0000c8d2     323 (0000c8c0)     RTA_D_logval
0000c8dc     323 (0000c8c0)     RTA_D_stsval
0000c8e4     323 (0000c8c0)     LNKCTRL
0000c8e4     323 (0000c8c0)     LNK_D_fromHostMask
0000c8e5     323 (0000c8c0)     LNK_D_dataReadyMask
0000c8e6     323 (0000c8c0)     LNK_D_readPend
0000c8e7     323 (0000c8c0)     LNK_D_readDone
0000c8e8     323 (0000c8c0)     LNK_D_readFail
0000c8e9     323 (0000c8c0)     LNK_D_writeFail
0000c8ea     323 (0000c8c0)     IDL_D_busyObj
0000c8ec     323 (0000c8c0)     PRD_StartADC
0000c8f6     323 (0000c8c0)     PRD_StartADC$aaa
0000c8f8     323 (0000c8c0)     RTA_fromHost$buf

0000c900     324 (0000c900)     RTA_fromHost$pipe
0000c902     324 (0000c900)     RTA_fromHost$pipe$rd
0000c904     324 (0000c900)     RTA_fromHost$pipe$rdaddr
0000c906     324 (0000c900)     RTA_fromHost$pipe$rdsize
0000c908     324 (0000c900)     RTA_fromHost$pipe$rdcurdesc
0000c918     324 (0000c900)     RTA_fromHost$pipe$rdstshdl
0000c91a     324 (0000c900)     RTA_fromHost$pipe$wr
0000c91c     324 (0000c900)     RTA_fromHost$pipe$wraddr
0000c91e     324 (0000c900)     RTA_fromHost$pipe$wrsize
0000c920     324 (0000c900)     RTA_fromHost$pipe$wrcurdesc
0000c930     324 (0000c900)     RTA_fromHost$pipe$wrstshdl

0000c940     325 (0000c940)     RTA_toHost$pipe
0000c942     325 (0000c940)     RTA_toHost$pipe$rd
0000c944     325 (0000c940)     RTA_toHost$pipe$rdaddr
0000c946     325 (0000c940)     RTA_toHost$pipe$rdsize
0000c948     325 (0000c940)     RTA_toHost$pipe$rdcurdesc
0000c958     325 (0000c940)     RTA_toHost$pipe$rdstshdl
0000c95a     325 (0000c940)     RTA_toHost$pipe$wr
0000c95c     325 (0000c940)     RTA_toHost$pipe$wraddr
0000c95e     325 (0000c940)     RTA_toHost$pipe$wrsize
0000c960     325 (0000c940)     RTA_toHost$pipe$wrcurdesc
0000c970     325 (0000c940)     RTA_toHost$pipe$wrstshdl

0000c980     326 (0000c980)     SWI_serialC
0000c994     326 (0000c980)     PRD_SWIHANDLE
0000c994     326 (0000c980)     PRD_swi
0000c9a8     326 (0000c980)     KNL_swi
0000c9bc     326 (0000c980)     SWI_control

0000c9d0     327 (0000c9c0)     SWI_printf
0000c9e4     327 (0000c9c0)     RTA_toHost$buf

0000ca24     328 (0000ca00)     PRD_StartADC$sts$stsobj
0000ca26     328 (0000ca00)     PRD_StartADC$sts
0000ca2c     328 (0000ca00)     SWI_serialC$sts$stsobj
0000ca2e     328 (0000ca00)     SWI_serialC$sts
0000ca34     328 (0000ca00)     PRD_swi$sts$stsobj
0000ca36     328 (0000ca00)     PRD_swi$sts
0000ca3c     328 (0000ca00)     KNL_swi$sts$stsobj
0000ca3e     328 (0000ca00)     KNL_swi$sts

0000ca44     329 (0000ca40)     SWI_control$sts$stsobj
0000ca46     329 (0000ca40)     SWI_control$sts
0000ca4c     329 (0000ca40)     SWI_printf$sts$stsobj
0000ca4e     329 (0000ca40)     SWI_printf$sts
0000ca54     329 (0000ca40)     TSK_idle$sts$stsobj
0000ca56     329 (0000ca40)     TSK_idle$sts
0000ca5c     329 (0000ca40)     IDL_busyObj$stsobj
0000ca5e     329 (0000ca40)     IDL_busyObj
0000ca66     329 (0000ca40)     RTA_fromHost
0000ca6a     329 (0000ca40)     RTA_fromHost$rtdx
0000ca74     329 (0000ca40)     RTA_toHost
0000ca78     329 (0000ca40)     RTA_toHost$rtdx

0000ca82     32a (0000ca80)     IDL_cpuLoad
0000ca84     32a (0000ca80)     LNK_dataPump
0000ca86     32a (0000ca80)     RTA_dispatcher
0000ca88     32a (0000ca80)     IDL_END
0000ca8a     32a (0000ca80)     IDL_cpuLoad$
0000ca8c     32a (0000ca80)     LNK_dataPump$
0000ca8e     32a (0000ca80)     RTA_dispatcher$
0000ca90     32a (0000ca80)     IDL_END$
0000ca92     32a (0000ca80)     SYS$config
0000ca9a     32a (0000ca80)     _whattoprint
0000ca9c     32a (0000ca80)     _check
0000ca9e     32a (0000ca80)     _matlabLock
0000caa4     32a (0000ca80)     PRD_clock
0000caa6     32a (0000ca80)     CLK_NULL

0030561a    c158 (00305600)     __ctypes_

003057d8    c15f (003057c0)     _DataLogDMAId
003057da    c15f (003057c0)     _DataLogDMACtl
003057dc    c15f (003057c0)     _DataLogDMAHigh
003057e0    c15f (003057c0)     _DataLogDMALow
003057e4    c15f (003057c0)     _MsgBaseHigh
003057e6    c15f (003057c0)     _MsgBaseLow
003057e8    c15f (003057c0)     _StatBase
003057f7    c15f (003057c0)     PRD_StartADC$sts$maxfmt

00305800    c160 (00305800)     PRD_StartADC$sts$sumfmt
00305809    c160 (00305800)     PRD_StartADC$sts$avgfmt
00305814    c160 (00305800)     SWI_serialC$sts$maxfmt
0030581c    c160 (00305800)     SWI_serialC$sts$sumfmt
00305824    c160 (00305800)     SWI_serialC$sts$avgfmt
0030582e    c160 (00305800)     PRD_swi$sts$maxfmt
00305836    c160 (00305800)     PRD_swi$sts$sumfmt
0030583e    c160 (00305800)     PRD_swi$sts$avgfmt

00305848    c161 (00305840)     KNL_swi$sts$maxfmt
00305850    c161 (00305840)     KNL_swi$sts$sumfmt
00305858    c161 (00305840)     KNL_swi$sts$avgfmt
00305862    c161 (00305840)     SWI_control$sts$maxfmt
0030586a    c161 (00305840)     SWI_control$sts$sumfmt
00305872    c161 (00305840)     SWI_control$sts$avgfmt
0030587c    c161 (00305840)     SWI_printf$sts$maxfmt

00305884    c162 (00305880)     SWI_printf$sts$sumfmt
0030588c    c162 (00305880)     SWI_printf$sts$avgfmt
00305896    c162 (00305880)     TSK_idle$sts$maxfmt
0030589e    c162 (00305880)     TSK_idle$sts$sumfmt
003058a6    c162 (00305880)     TSK_idle$sts$avgfmt
003058b0    c162 (00305880)     IDL_busyObj$maxfmt
003058b3    c162 (00305880)     IDL_busyObj$sumfmt
003058b6    c162 (00305880)     IDL_busyObj$avgfmt

003f7ff8    fdff (003f7fc0)     _CsmPwl


GLOBAL SYMBOLS: SORTED ALPHABETICALLY BY Name 

page  address   name                          
----  -------   ----                          
1     00009000  .bss                          
0     00300000  .data                         
0     00300288  .text                         
abs   ffffffff  BEGIN_FLASH                   
abs   ffffffff  BEGIN_M0                      
abs   00000014  BIOSDATA_O_CLK_D_COUNTSPMS    
abs   0000000e  BIOSDATA_O_CLK_D_DIRTY        
abs   00000016  BIOSDATA_O_CLK_D_IDLETIME     
abs   00000018  BIOSDATA_O_CLK_D_ISRHOOK      
abs   00000010  BIOSDATA_O_CLK_D_PRD          
abs   0000001a  BIOSDATA_O_CLK_D_TABBEG       
abs   00000012  BIOSDATA_O_CLK_D_TDDR         
abs   0000001c  BIOSDATA_O_CLK_D_TIMEFXN      
abs   00000006  BIOSDATA_O_CLK_HTIMEDIV       
abs   00000008  BIOSDATA_O_CLK_HTIMEMULT      
abs   0000000a  BIOSDATA_O_CLK_LTIMEDIV       
abs   0000000c  BIOSDATA_O_CLK_LTIMEMULT      
abs   0000001e  BIOSDATA_O_CLK_R_TIMH         
abs   0000001f  BIOSDATA_O_CLK_R_TIML         
abs   00000002  BIOSDATA_O_GBL_CLKIN          
abs   00000004  BIOSDATA_O_GBL_FREQ           
abs   00000000  BIOSDATA_O_GBL_PROCID         
abs   00000020  BIOSDATA_O_HST_D_CHANMASK     
abs   00000088  BIOSDATA_O_HWI_D_STKBOTTOMADDR
abs   0000008a  BIOSDATA_O_HWI_D_STKTOPADDR   
abs   00000022  BIOSDATA_O_IDL_D_CALBEG       
abs   00000024  BIOSDATA_O_IDL_D_CALIBRATE    
abs   00000026  BIOSDATA_O_IDL_D_TABBEG       
abs   00000028  BIOSDATA_O_LOG_D_SYSTEM       
abs   00000090  BIOSDATA_O_MEM_D_FREELIST     
abs   00000092  BIOSDATA_O_MEM_D_LOCKADDR     
abs   0000008e  BIOSDATA_O_MEM_D_MEMTAB       
abs   0000008d  BIOSDATA_O_MEM_D_NUMSEGMENTS  
abs   00000094  BIOSDATA_O_MEM_D_UNLOCKADDR   
abs   0000002a  BIOSDATA_O_PIP_D_TABBEG       
abs   0000002c  BIOSDATA_O_PIP_D_TABLEN       
abs   0000002e  BIOSDATA_O_PRD_D_CUR          
abs   00000030  BIOSDATA_O_PRD_D_ELAPSED      
abs   00000031  BIOSDATA_O_PRD_D_PREVTIM      
abs   00000032  BIOSDATA_O_PRD_D_SCALAR       
abs   00000034  BIOSDATA_O_PRD_D_SWIHANDLE    
abs   00000036  BIOSDATA_O_PRD_D_TABBEG       
abs   00000038  BIOSDATA_O_PRD_D_TABLEN       
abs   0000003a  BIOSDATA_O_PRD_D_THOOK        
abs   0000003c  BIOSDATA_O_PRD_D_TICKH        
abs   0000003d  BIOSDATA_O_PRD_D_TICKL        
abs   00000046  BIOSDATA_O_SWI_D_CURFXN       
abs   00000042  BIOSDATA_O_SWI_D_CURMASK      
abs   00000045  BIOSDATA_O_SWI_D_CURMBOX      
abs   00000043  BIOSDATA_O_SWI_D_CURSET       
abs   00000040  BIOSDATA_O_SWI_D_EXECADDR     
abs   00000044  BIOSDATA_O_SWI_D_LOCK         
abs   00000048  BIOSDATA_O_SWI_D_RDYBEG       
abs   0000004a  BIOSDATA_O_SWI_D_RDYTAB       
abs   0000003e  BIOSDATA_O_SWI_D_RUNADDR      
abs   00000096  BIOSDATA_O_SYS                
0     003057f7  BIOS_init                     
0     0030587e  BIOS_start                    
abs   ffffffff  BOOTROM                       
abs   00000000  BUF$                          
abs   00000001  BUF_ENABLED                   
1     0000c82c  C28_BIOSDATAOBJ               
abs   00000001  CLK$                          
1     0000caa4  CLK_A_TABBEG                  
abs   00000001  CLK_CALDIV                    
abs   00000001  CLK_CALMULT                   
abs   0000c350  CLK_COUNTSPMS                 
abs   00000000  CLK_COUNTSPMSHIGH             
1     0000c842  CLK_D_idletime                
1     0000c844  CLK_D_isrhook                 
1     0000c846  CLK_D_tabbeg                  
1     0000c848  CLK_D_timefxn                 
abs   00000000  CLK_FREERUN                   
0     0030440c  CLK_F_getfhtime               
0     00304414  CLK_F_gethtime                
0     00304435  CLK_F_getltime                
0     00304414  CLK_F_getshtime               
0     00304502  CLK_F_isr                     
0     00304439  CLK_F_itime                   
0     00303e3e  CLK_F_run                     
0     00303e3e  CLK_HOOKFXN                   
abs   00000001  CLK_HTIMEDIV                  
abs   00000003  CLK_HTIMEMULT                 
abs   0000c350  CLK_HTIMEPERLTIME             
abs   00000001  CLK_LTIMEDIV                  
abs   000249f0  CLK_LTIMEMULT                 
abs   000003e8  CLK_MICROSECS                 
1     0000caa6  CLK_NULL                      
abs   0000c34f  CLK_PRD                       
abs   00000000  CLK_PRDHIGH                   
abs   00000c10  CLK_REGS                      
1     0000c84a  CLK_R_timh                    
1     0000c84b  CLK_R_timl                    
abs   00000022  CLK_TCR                       
abs   00000002  CLK_TDDR                      
abs   00000000  CLK_TDDRHIGH                  
0     00304414  CLK_TIMEFXN                   
abs   00000000  CLK_TIMERNUM                  
abs   00000001  CLK_USETIMER                  
abs   ffffffff  CSM_RSVD                      
abs   00000000  DEV$                          
abs   00000000  DGN$                          
abs   00000000  DHL$                          
abs   00000000  DHL_gChannelsAvailable        
abs   00000000  DIO$                          
abs   00000000  DIO_NUMSWIBASE                
abs   00000000  DIO_NUMTSKBASE                
abs   00000000  DIO_STATIC                    
abs   00000000  DPI$                          
abs   ffffffff  END_BOOTROM                   
0     0030349d  FD$$ADD                       
0     003035c1  FD$$MPY                       
0     003039ee  FD$$SUB                       
0     0030391e  FD$$TOFS                      
abs   ffffffff  FLASH_A                       
abs   ffffffff  FLASH_BCD                     
abs   ffffffff  FPUTABLES                     
0     00303539  FS$$DIV                       
0     003039a0  FS$$TOFD                      
0     0030468b  FXN_F_nop                     
0     0030468c  FXN_F_run                     
0     0030469c  FXN_F_selfLoop                
0     0030469a  FXN_F_zero                    
abs   00000001  GBL$                          
abs   00005205  GBL_A_VERSION                 
abs   00000000  GBL_CALLCSLCFGINIT            
abs   00007530  GBL_CLKIN                     
abs   00006e8c  GBL_DSPSUBTYPE                
abs   0000001c  GBL_DSPTYPE                   
abs   00000001  GBL_ENABLEINST                
abs   00000042  GBL_FOOTPRINT                 
abs   000249f0  GBL_FREQ                      
abs   00000001  GBL_LARGEMODEL                
abs   00000001  GBL_MODIFYPLLCR               
abs   00000000  GBL_NULL                      
abs   0000000a  GBL_PLLCR                     
abs   00000002  GBL_PLLDIV                    
abs   00000002  GBL_PLLSTS                    
abs   00020000  GBL_PLLWAITCYCLE              
abs   00000000  GBL_PROCID                    
abs   00000000  GBL_ROM                       
abs   00000000  GBL_SUPPORTCSL                
abs   0000dbef  GBL_TRCMASKVALUE              
abs   00000001  GBL_USERINIT                  
0     003036c3  GBL_USERINITFXN               
0     0030471a  GBL_USERLIMPMODEABORTFXN      
abs   00000001  GBL_boot                      
0     00008189  GBL_initdone                  
1     0000b012  GBL_stackbeg                  
1     0000bc11  GBL_stackend                  
abs   00000000  GIO$                          
0     0030471a  GIO_CREATEFXN                 
0     0030471a  GIO_DELETEFXN                 
0     0030471a  GIO_PENDFXN                   
0     0030471a  GIO_POSTFXN                   
abs   00000000  HOOK$                         
abs   00000000  HOOK_KNLID                    
abs   00000001  HST$                          
1     0000ca64  HST_A_TABBEG                  
1     0000ca82  HST_A_TABEND                  
abs   00000000  HST_DSM                       
1     0000af87  HST_DSMBUFSEG                 
abs   00000400  HST_DSMMEMSIZE                
1     0000c84c  HST_D_chanmask                
1     0000c8c4  HST_D_tabbegaddr              
1     0000c8c6  HST_D_tabendaddr              
abs   000000ff  HST_MAXFRAMEALLOWED           
abs   00000040  HST_MAXFRAMESET               
abs   00000000  HST_NONE                      
abs   00000001  HST_RTDX                      
abs   00000001  HWI$                          
abs   0000000f  HWI_DLOG                      
abs   00000000  HWI_DLOG$hwi                  
1     0000c8b8  HWI_D_inhwi                   
1     0000c8b3  HWI_D_spsave                  
1     0000c8b4  HWI_D_stkbottomaddr           
1     0000c8b6  HWI_D_stktopaddr              
0     00303d1c  HWI_F_dispatch                
abs   00000013  HWI_ILLEGAL                   
abs   00000000  HWI_ILLEGAL$hwi               
abs   00000001  HWI_INT1                      
abs   00000000  HWI_INT1$hwi                  
abs   0000000a  HWI_INT10                     
abs   00000000  HWI_INT10$hwi                 
abs   0000000b  HWI_INT11                     
abs   00000000  HWI_INT11$hwi                 
abs   0000000c  HWI_INT12                     
abs   00000000  HWI_INT12$hwi                 
abs   0000000d  HWI_INT13                     
abs   00000000  HWI_INT13$hwi                 
abs   00000002  HWI_INT2                      
abs   00000000  HWI_INT2$hwi                  
abs   00000003  HWI_INT3                      
abs   00000000  HWI_INT3$hwi                  
abs   00000004  HWI_INT4                      
abs   00000000  HWI_INT4$hwi                  
abs   00000005  HWI_INT5                      
abs   00000000  HWI_INT5$hwi                  
abs   00000006  HWI_INT6                      
abs   00000000  HWI_INT6$hwi                  
abs   00000007  HWI_INT7                      
[...]
abs   00000001  SWI_control$sts$filtsummult   
abs   00000001  SWI_printf$dorta              
abs   00000001  SWI_printf$pri                
abs   00000001  SWI_printf$sts$filtmaxmult    
abs   00000001  SWI_printf$sts$filtsummult    
abs   00000001  SWI_serialC$dorta             
abs   00000001  SWI_serialC$ord               
abs   00000001  SWI_serialC$pri               
abs   00000001  SWI_serialC$sts$filtmaxmult   
abs   00000001  SWI_serialC$sts$filtsummult   
abs   00000001  SYS$                          
abs   00000001  TSK$                          
abs   00000001  TSK_PRIORITY                  
abs   00000001  TSK_idle$ord                  
abs   00000001  TSK_idle$sts$filtmaxmult      
abs   00000001  TSK_idle$sts$filtsummult      
abs   00000001  _CLK_USETIMER                 
abs   00000001  _HWI_INT1                     
abs   00000001  _RTDX_LMM                     
abs   00000001  trace$datatype                
abs   00000002  BIOSDATA_O_GBL_CLKIN          
abs   00000002  CLK_TDDR                      
abs   00000002  GBL_PLLDIV                    
abs   00000002  GBL_PLLSTS                    
abs   00000002  HWI_INT2                      
abs   00000002  IDL_busyObj$unittype          
abs   00000002  KNL_swi$sts$filter            
abs   00000002  LOG_A_TABLEN                  
abs   00000002  PIP_A_TABLEN                  
abs   00000002  PIP_gNumEmbed                 
abs   00000002  PRD_StartADC$sts$unittype     
abs   00000002  PRD_swi$ord                   
abs   00000002  PRD_swi$sts$filter            
abs   00000002  SWI_control$pri               
abs   00000002  SWI_control$sts$filter        
abs   00000002  SWI_printf$sts$filter         
abs   00000002  SWI_serialC$sts$filter        
abs   00000002  TSK_idle$sts$filter           
abs   00000002  _CLK_TDDR                     
abs   00000002  _HWI_INT2                     
abs   00000002  _LOG_A_TABLEN                 
abs   00000002  _RTDX_JTAGONLY                
abs   00000003  CLK_HTIMEMULT                 
abs   00000003  HWI_INT3                      
abs   00000003  KNL_swi$ord                   
abs   00000003  PRD_swi$pri                   
abs   00000003  _HWI_INT3                     
abs   00000003  _trcdata_loadsize             
abs   00000004  BIOSDATA_O_GBL_FREQ           
abs   00000004  HWI_INT4                      
abs   00000004  SWI_control$ord               
abs   00000004  _HWI_INT4                     
abs   00000005  HWI_INT5                      
abs   00000005  SWI_A_TABLEN                  
abs   00000005  SWI_printf$ord                
abs   00000005  _HWI_INT5                     
abs   00000006  BIOSDATA_O_CLK_HTIMEDIV       
abs   00000006  HWI_INT6                      
abs   00000006  _HWI_INT6                     
abs   00000007  HWI_INT7                      
abs   00000007  _HWI_INT7                     
abs   00000008  BIOSDATA_O_CLK_HTIMEMULT      
abs   00000008  HWI_INT8                      
abs   00000008  RTA_fromHost$framesize        
abs   00000008  _HWI_INT8                     
abs   00000009  HWI_INT9                      
abs   00000009  _HWI_INT9                     
abs   0000000a  BIOSDATA_O_CLK_LTIMEDIV       
abs   0000000a  GBL_PLLCR                     
abs   0000000a  HWI_INT10                     
abs   0000000a  _HWI_INT10                    
abs   0000000b  HWI_INT11                     
abs   0000000b  _HWI_INT11                    
abs   0000000c  BIOSDATA_O_CLK_LTIMEMULT      
abs   0000000c  HWI_INT12                     
abs   0000000c  _HWI_INT12                    
abs   0000000d  HWI_INT13                     
abs   0000000d  _HWI_INT13                    
abs   0000000e  BIOSDATA_O_CLK_D_DIRTY        
abs   0000000e  HWI_TINT                      
abs   0000000e  _HWI_TINT                     
abs   0000000f  HWI_DLOG                      
abs   0000000f  _HWI_DLOG                     
abs   00000010  BIOSDATA_O_CLK_D_PRD          
abs   00000010  HWI_RTOS                      
abs   00000010  _HWI_RTOS                     
abs   00000011  HWI_RESERVED                  
abs   00000011  _HWI_RESERVED                 
abs   00000012  BIOSDATA_O_CLK_D_TDDR         
abs   00000012  HWI_NMI                       
abs   00000012  _HWI_NMI                      
abs   00000013  HWI_ILLEGAL                   
abs   00000013  _HWI_ILLEGAL                  
abs   00000014  BIOSDATA_O_CLK_D_COUNTSPMS    
abs   00000014  HWI_USER1                     
abs   00000014  _HWI_USER1                    
abs   00000015  HWI_USER2                     
abs   00000015  _HWI_USER2                    
abs   00000016  BIOSDATA_O_CLK_D_IDLETIME     
abs   00000016  HWI_USER3                     
abs   00000016  _HWI_USER3                    
abs   00000017  HWI_USER4                     
abs   00000017  _HWI_USER4                    
abs   00000018  BIOSDATA_O_CLK_D_ISRHOOK      
abs   00000018  HWI_USER5                     
abs   00000018  _HWI_USER5                    
abs   00000019  HWI_USER6                     
abs   00000019  _HWI_USER6                    
abs   0000001a  BIOSDATA_O_CLK_D_TABBEG       
abs   0000001a  HWI_USER7                     
abs   0000001a  _HWI_USER7                    
abs   0000001b  HWI_USER8                     
abs   0000001b  _HWI_USER8                    
abs   0000001c  BIOSDATA_O_CLK_D_TIMEFXN      
abs   0000001c  GBL_DSPTYPE                   
abs   0000001c  HWI_USER9                     
abs   0000001c  _HWI_USER9                    
abs   0000001d  HWI_USER10                    
abs   0000001d  _HWI_USER10                   
abs   0000001e  BIOSDATA_O_CLK_R_TIMH         
abs   0000001e  HWI_USER11                    
abs   0000001e  _HWI_USER11                   
abs   0000001f  BIOSDATA_O_CLK_R_TIML         
abs   0000001f  HWI_USER12                    
abs   0000001f  _HWI_USER12                   
abs   00000020  BIOSDATA_O_HST_D_CHANMASK     
abs   00000020  PIE_INT1_1                    
abs   00000020  _PIE_INT1_1                   
abs   00000021  PIE_INT1_2                    
abs   00000021  _PIE_INT1_2                   
abs   00000022  BIOSDATA_O_IDL_D_CALBEG       
abs   00000022  CLK_TCR                       
abs   00000022  PIE_INT1_3                    
abs   00000022  _CLK_TCR                      
abs   00000022  _PIE_INT1_3                   
abs   00000023  PIE_INT1_4                    
abs   00000023  _PIE_INT1_4                   
abs   00000024  BIOSDATA_O_IDL_D_CALIBRATE    
abs   00000024  PIE_INT1_5                    
abs   00000024  _PIE_INT1_5                   
abs   00000025  PIE_INT1_6                    
abs   00000025  _PIE_INT1_6                   
abs   00000026  BIOSDATA_O_IDL_D_TABBEG       
abs   00000026  PIE_INT1_7                    
abs   00000026  _PIE_INT1_7                   
abs   00000027  PIE_INT1_8                    
abs   00000027  _PIE_INT1_8                   
abs   00000028  BIOSDATA_O_LOG_D_SYSTEM       
abs   00000028  PIE_INT2_1                    
abs   00000028  _PIE_INT2_1                   
abs   00000029  PIE_INT2_2                    
abs   00000029  _PIE_INT2_2                   
abs   0000002a  BIOSDATA_O_PIP_D_TABBEG       
abs   0000002a  PIE_INT2_3                    
abs   0000002a  _PIE_INT2_3                   
abs   0000002b  PIE_INT2_4                    
abs   0000002b  _PIE_INT2_4                   
abs   0000002c  BIOSDATA_O_PIP_D_TABLEN       
abs   0000002c  PIE_INT2_5                    
abs   0000002c  _PIE_INT2_5                   
abs   0000002d  PIE_INT2_6                    
abs   0000002d  _PIE_INT2_6                   
abs   0000002e  BIOSDATA_O_PRD_D_CUR          
abs   0000002e  PIE_INT2_7                    
abs   0000002e  _PIE_INT2_7                   
abs   0000002f  PIE_INT2_8                    
abs   0000002f  _PIE_INT2_8                   
abs   00000030  BIOSDATA_O_PRD_D_ELAPSED      
abs   00000030  PIE_INT3_1                    
abs   00000030  _PIE_INT3_1                   
abs   00000031  BIOSDATA_O_PRD_D_PREVTIM      
abs   00000031  PIE_INT3_2                    
abs   00000031  _PIE_INT3_2                   
abs   00000032  BIOSDATA_O_PRD_D_SCALAR       
abs   00000032  PIE_INT3_3                    
abs   00000032  PIP_OBJSIZE                   
abs   00000032  _PIE_INT3_3                   
abs   00000033  PIE_INT3_4                    
abs   00000033  _PIE_INT3_4                   
abs   00000034  BIOSDATA_O_PRD_D_SWIHANDLE    
abs   00000034  PIE_INT3_5                    
abs   00000034  _PIE_INT3_5                   
abs   00000035  PIE_INT3_6                    
abs   00000035  _PIE_INT3_6                   
abs   00000036  BIOSDATA_O_PRD_D_TABBEG       
abs   00000036  PIE_INT3_7                    
abs   00000036  _PIE_INT3_7                   
abs   00000037  PIE_INT3_8                    
abs   00000037  _PIE_INT3_8                   
abs   00000038  BIOSDATA_O_PRD_D_TABLEN       
abs   00000038  PIE_INT4_1                    
abs   00000038  _PIE_INT4_1                   
abs   00000039  PIE_INT4_2                    
abs   00000039  _PIE_INT4_2                   
abs   0000003a  BIOSDATA_O_PRD_D_THOOK        
abs   0000003a  PIE_INT4_3                    
abs   0000003a  _PIE_INT4_3                   
abs   0000003b  PIE_INT4_4                    
abs   0000003b  _PIE_INT4_4                   
abs   0000003c  BIOSDATA_O_PRD_D_TICKH        
abs   0000003c  PIE_INT4_5                    
abs   0000003c  _PIE_INT4_5                   
abs   0000003d  BIOSDATA_O_PRD_D_TICKL        
abs   0000003d  PIE_INT4_6                    
abs   0000003d  _PIE_INT4_6                   
abs   0000003e  BIOSDATA_O_SWI_D_RUNADDR      
abs   0000003e  PIE_INT4_7                    
abs   0000003e  _PIE_INT4_7                   
abs   0000003f  PIE_INT4_8                    
abs   0000003f  _PIE_INT4_8                   
abs   00000040  BIOSDATA_O_SWI_D_EXECADDR     
abs   00000040  HST_MAXFRAMESET               
abs   00000040  PIE_INT5_1                    
abs   00000040  RTA_toHost$framesize          
abs   00000040  _PIE_INT5_1                   
abs   00000040  trace$size                    
abs   00000041  PIE_INT5_2                    
abs   00000041  _PIE_INT5_2                   
abs   00000042  BIOSDATA_O_SWI_D_CURMASK      
abs   00000042  GBL_FOOTPRINT                 
abs   00000042  PIE_INT5_3                    
abs   00000042  _PIE_INT5_3                   
abs   00000043  BIOSDATA_O_SWI_D_CURSET       
abs   00000043  PIE_INT5_4                    
abs   00000043  _PIE_INT5_4                   
abs   00000044  BIOSDATA_O_SWI_D_LOCK         
abs   00000044  PIE_INT5_5                    
abs   00000044  _PIE_INT5_5                   
abs   00000045  BIOSDATA_O_SWI_D_CURMBOX      
abs   00000045  PIE_INT5_6                    
abs   00000045  _PIE_INT5_6                   
abs   00000046  BIOSDATA_O_SWI_D_CURFXN       
abs   00000046  PIE_INT5_7                    
abs   00000046  _PIE_INT5_7                   
abs   00000047  PIE_INT5_8                    
abs   00000047  _PIE_INT5_8                   
abs   00000048  BIOSDATA_O_SWI_D_RDYBEG       
abs   00000048  PIE_INT6_1                    
abs   00000048  _PIE_INT6_1                   
abs   00000049  PIE_INT6_2                    
abs   00000049  _PIE_INT6_2                   
abs   0000004a  BIOSDATA_O_SWI_D_RDYTAB       
abs   0000004a  PIE_INT6_3                    
abs   0000004a  _PIE_INT6_3                   
abs   0000004b  PIE_INT6_4                    
abs   0000004b  _PIE_INT6_4                   
abs   0000004c  PIE_INT6_5                    
abs   0000004c  _PIE_INT6_5                   
abs   0000004d  PIE_INT6_6                    
abs   0000004d  _PIE_INT6_6                   
abs   0000004e  PIE_INT6_7                    
abs   0000004e  _PIE_INT6_7                   
abs   0000004f  PIE_INT6_8                    
abs   0000004f  _PIE_INT6_8                   
abs   00000050  PIE_INT7_1                    
abs   00000050  _PIE_INT7_1                   
abs   00000051  PIE_INT7_2                    
abs   00000051  _PIE_INT7_2                   
abs   00000052  PIE_INT7_3                    
abs   00000052  _PIE_INT7_3                   
abs   00000053  PIE_INT7_4                    
abs   00000053  _PIE_INT7_4                   
abs   00000054  PIE_INT7_5                    
abs   00000054  _PIE_INT7_5                   
abs   00000055  PIE_INT7_6                    
abs   00000055  _PIE_INT7_6                   
abs   00000056  PIE_INT7_7                    
abs   00000056  _PIE_INT7_7                   
abs   00000057  PIE_INT7_8                    
abs   00000057  _PIE_INT7_8                   
abs   00000058  PIE_INT8_1                    
abs   00000058  _PIE_INT8_1                   
abs   00000059  PIE_INT8_2                    
abs   00000059  _PIE_INT8_2                   
abs   0000005a  PIE_INT8_3                    
abs   0000005a  _PIE_INT8_3                   
abs   0000005b  PIE_INT8_4                    
abs   0000005b  _PIE_INT8_4                   
abs   0000005c  PIE_INT8_5                    
abs   0000005c  _PIE_INT8_5                   
abs   0000005d  PIE_INT8_6                    
abs   0000005d  _PIE_INT8_6                   
abs   0000005e  PIE_INT8_7                    
abs   0000005e  _PIE_INT8_7                   
abs   0000005f  PIE_INT8_8                    
abs   0000005f  _PIE_INT8_8                   
abs   00000060  PIE_INT9_1                    
abs   00000060  _PIE_INT9_1                   
abs   00000061  PIE_INT9_2                    
abs   00000061  _PIE_INT9_2                   
abs   00000062  PIE_INT9_3                    
abs   00000062  _PIE_INT9_3                   
abs   00000063  PIE_INT9_4                    
abs   00000063  _PIE_INT9_4                   
abs   00000064  PIE_INT9_5                    
abs   00000064  _PIE_INT9_5                   
abs   00000065  PIE_INT9_6                    
abs   00000065  _PIE_INT9_6                   
abs   00000066  PIE_INT9_7                    
abs   00000066  _PIE_INT9_7                   
abs   00000067  PIE_INT9_8                    
abs   00000067  _PIE_INT9_8                   
abs   00000068  PIE_INT10_1                   
abs   00000068  _PIE_INT10_1                  
abs   00000069  PIE_INT10_2                   
abs   00000069  _PIE_INT10_2                  
abs   0000006a  PIE_INT10_3                   
abs   0000006a  _PIE_INT10_3                  
abs   0000006b  PIE_INT10_4                   
abs   0000006b  _PIE_INT10_4                  
abs   0000006c  PIE_INT10_5                   
abs   0000006c  _PIE_INT10_5                  
abs   0000006d  PIE_INT10_6                   
abs   0000006d  _PIE_INT10_6                  
abs   0000006e  PIE_INT10_7                   
abs   0000006e  _PIE_INT10_7                  
abs   0000006f  PIE_INT10_8                   
abs   0000006f  _PIE_INT10_8                  
abs   00000070  PIE_INT11_1                   
abs   00000070  _PIE_INT11_1                  
abs   00000071  PIE_INT11_2                   
abs   00000071  _PIE_INT11_2                  
abs   00000072  PIE_INT11_3                   
abs   00000072  _PIE_INT11_3                  
abs   00000073  PIE_INT11_4                   
abs   00000073  _PIE_INT11_4                  
abs   00000074  PIE_INT11_5                   
abs   00000074  _PIE_INT11_5                  
abs   00000075  PIE_INT11_6                   
abs   00000075  _PIE_INT11_6                  
abs   00000076  PIE_INT11_7                   
abs   00000076  _PIE_INT11_7                  
abs   00000077  PIE_INT11_8                   
abs   00000077  _PIE_INT11_8                  
abs   00000078  PIE_INT12_1                   
abs   00000078  _PIE_INT12_1                  
abs   00000079  PIE_INT12_2                   
abs   00000079  _PIE_INT12_2                  
abs   0000007a  PIE_INT12_3                   
abs   0000007a  _PIE_INT12_3                  
abs   0000007b  PIE_INT12_4                   
abs   0000007b  _PIE_INT12_4                  
abs   0000007c  PIE_INT12_5                   
abs   0000007c  _PIE_INT12_5                  
abs   0000007d  PIE_INT12_6                   
abs   0000007d  _PIE_INT12_6                  
abs   0000007e  PIE_INT12_7                   
abs   0000007e  _PIE_INT12_7                  
abs   0000007f  PIE_INT12_8                   
abs   0000007f  _PIE_INT12_8                  
abs   00000080  LOG_system$size               
abs   00000080  TSK_STACKSIZE                 
abs   00000088  BIOSDATA_O_HWI_D_STKBOTTOMADDR
abs   0000008a  BIOSDATA_O_HWI_D_STKTOPADDR   
abs   0000008d  BIOSDATA_O_MEM_D_NUMSEGMENTS  
abs   0000008e  BIOSDATA_O_MEM_D_MEMTAB       
abs   00000090  BIOSDATA_O_MEM_D_FREELIST     
abs   00000092  BIOSDATA_O_MEM_D_LOCKADDR     
abs   00000094  BIOSDATA_O_MEM_D_UNLOCKADDR   
abs   00000096  BIOSDATA_O_SYS                
abs   000000ff  HST_MAXFRAMEALLOWED           
abs   00000100  _hwi_vec_loadsize             
abs   00000102  RTDX_BUFMEMSIZE               
abs   00000200  L1SARAM$L                     
abs   00000200  _L1SARAM_length               
abs   000003e8  CLK_MICROSECS                 
abs   00000400  HST_DSMMEMSIZE                
abs   00000c00  __STACK_SIZE                  
abs   00000c10  CLK_REGS                      
abs   00000c10  _CLK_REGS                     
abs   00004000  TRC_GBLTARG                   
abs   00005205  GBL_A_VERSION                 
abs   00006e8c  GBL_DSPSUBTYPE                
abs   00007530  GBL_CLKIN                     
abs   0000c34f  CLK_PRD                       
abs   0000c34f  _CLK_PRD                      
abs   0000c350  CLK_COUNTSPMS                 
abs   0000c350  CLK_HTIMEPERLTIME             
abs   0000c350  _CLK_COUNTSPMS                
abs   0000dbef  GBL_TRCMASKVALUE              
abs   00020000  GBL_PLLWAITCYCLE              
abs   000249f0  CLK_LTIMEMULT                 
abs   000249f0  GBL_FREQ                      
abs   ffffffff  BEGIN_FLASH                   
abs   ffffffff  BEGIN_M0                      
abs   ffffffff  BOOTROM                       
abs   ffffffff  CSM_RSVD                      
abs   ffffffff  END_BOOTROM                   
abs   ffffffff  FLASH_A                       
abs   ffffffff  FLASH_BCD                     
abs   ffffffff  FPUTABLES                     
abs   ffffffff  L0SARAM                       
abs   ffffffff  M0SARAM                       
abs   ffffffff  M1SARAM                       
abs   ffffffff  MEM_forDMA                    
abs   ffffffff  OTP                           
abs   ffffffff  PASSWORDS                     
abs   ffffffff  PIEVECT                       
abs   ffffffff  _BEGIN_FLASH                  
abs   ffffffff  _BEGIN_M0                     
abs   ffffffff  _BOOTROM                      
abs   ffffffff  _CSM_RSVD                     
abs   ffffffff  _END_BOOTROM                  
abs   ffffffff  _FLASH_A                      
abs   ffffffff  _FLASH_BCD                    
abs   ffffffff  _FPUTABLES                    
abs   ffffffff  _L0SARAM                      
abs   ffffffff  _M0SARAM                      
abs   ffffffff  _M1SARAM                      
abs   ffffffff  _MEM_forDMA                   
abs   ffffffff  _OTP                          
abs   ffffffff  _PASSWORDS                    
abs   ffffffff  _PIEVECT                      
abs   ffffffff  ___binit__                    
abs   ffffffff  ___c_args__                   
abs   ffffffff  binit                         

[1791 symbols]
